[PRIMO - Primality Certificate]
Version=4.3.3 - LX64
WebSite=https://www.ellipsa.eu/
Format=4
ID=B4A3001E15BF1
Created=Sep-29-2026 08:45:46 AM
TestCount=11
Status=Candidate certified prime

[Comments]
Candidate generated for 21^60 - 2

[Running Times (Wall-Clock)]
1stPhase=0.14s
2ndPhase=0.05s
Total=0.19s

[Running Times (Processes)]
1stPhase=0.19s
2ndPhase=0.06s
Total=0.25s

[Candidate]
File=/home/jrbartlow/prime_search/21^60-2.in
N=$B9FC4184710519AEE9D1CE9821E93A9CD140D2D4DDA0779DBE5BF2D2C02A6E144F
HexadecimalSize=66
DecimalSize=80
BinarySize=264

[1]
S=$873
W=-$161911EBD0F36EBF42D1AAD39F3623F26F
A=0
B=$7
T=$1

[2]
S=$CE68A
W=-$901833F8B1CF50D6F50344422029335C
A=$2
B=0
T=$1

[3]
S=$128A2
Q=$2

[4]
S=$3D6A86C4B
W=$2268C49EC29B40AE2D3E13B4C431
A=0
B=$3
T=$1

[5]
S=$1975B864
B=$2

[6]
S=$1530
Q=$5

[7]
S=$237B950
W=$BEB761645643BF230
J=$A46D735F8B1667BEE074117DC919BA7B0FB
T=0

[8]
S=$406EC40
W=-$447F5C5465E2E
A=$1
B=0
T=$3

[9]
S=$992
Q=$E

[10]
S=$12FE
Q=$6

[11]
S=$2F7504C
B=$2

[Signature]
1=$6476B9B685DD801501819021643D296494A4F2E97E4E6176
2=$11C5F26131DFFE8326B222FE6DCB0DE0094F3C84271E3C14

