[PRIMO - Primality Certificate]
Version=4.3.3 - LX64
WebSite=https://www.ellipsa.eu/
Format=4
ID=B4A3001E15BF1
Created=Sep-29-2026 08:45:51 AM
TestCount=41
Status=Candidate certified prime

[Comments]
Candidate generated for 21^264 - 2

[Running Times (Wall-Clock)]
1stPhase=4.43s
2ndPhase=0.81s
Total=5.24s

[Running Times (Processes)]
1stPhase=8.67s
2ndPhase=1.97s
Total=10.64s

[Candidate]
File=/home/jrbartlow/prime_search/21^264-2.in
N=$BE4195EFD77E864688BBA86D05CF2D9FFD4019A7346A1ABC55D409702B039C960C452DE2E5B85B3AA3D57919CE20D355398137EB44E453A3D28FA6839A1CF83AB29AA210E66A5E8899253AC08F072E2167778C479908F8050469ACBB441F7E79BF0A7950C565B97B138AA6814CF14AD4B0309708E89BC8617B97CCC97DFC6398FE36DFB5E5B1677E6A62677187C3AE545F
HexadecimalSize=290
DecimalSize=350
BinarySize=1160

[1]
S=$AE3E
W=-$B5A9BBD4A7DF2A6D093613D2160A33B73E6C01AFBB4A2CAA808CD0C89676186E65182401070E38887E94D444CD00048B443881FE053F5EC68099293B940186677578659560BAA115E
J=$32E66A7371CF62673AF0FFEB1E63A69C7EC1BFB9DF9305F4B9822E18B3EC897502EFA30A6AD5A8ADCEB7382E45552918B991F32D034EC5A06EFA2283C843F21245CB5351584A59DF9A42607FD8C1633307748906A64A0AD45427410175D98C5FC5FEAE8F6CD3524CF437BB7EE0CE78812EAE912B2994CE7FA623D6C656DAAAA3C16D19FF529576913A362BA4A9E6538862
T=$1

[2]
S=$181C18
W=-$214ECF5E9361D53DF69B8CDAC7676B2AF89159204DB0A8F08FA7842C6DD2600BD2B33C4B93858D038F0166A82A3A841494399C19ED4D668598D367B3FFA8AACEADEF453E139A2DD6
J=$38DC75AEE8AF2420BD76ADD3C77D491825A429AE2DABB026FB8C555D3CCAB234318D257AB1D64A4D8FE23EEEEDCBFB3D1ECA91DD39499542F9871A7D03034946671836B0462E34370F8CA6A2ACE672716059488D3803457877CFE037E062B139B5AB62A98059E2A49A731385A239B2D88DC57423CD36F615AE19633DA0CFD80BE6EDC493CC5DB61C7C2F5B447973C9
T=$1

[3]
S=$F4D1C51F4
W=-$69174D9937644F47C6301FEF085C1140E88E71EC173268F4841ADD67865E79BFD63A6CB2B7F32A5ED65B5700EEF04CDDBC621BD4AF58792ACFCC37AAB84234FC99F48B6E158E2
J=$53F70F3ADD005ECA1CCD41E2DD08E207A7C2DD9A5CCEE0E3275CFBA718D5B74EBECB45D0295128CDB834A63144D0A87ABAAC62B27E44E8688C3EEE3576D72C282F442A9AD0CBCBEE892B0DE90BBDC5137D50A5E2B36DE8225E7933B958457B9BDFA70486FE0FEFBFBF088C5E12172DE655AB8601E12DA986986ADD7C5E0A70C8E5D398A743CA10AB995ECEDDC
T=$7

[4]
S=$69E
W=$2F414B3FC0C30D37E06F897F735DE6F41AE9E4CF6DB36426A5BCBAD47DDCF3D2D56708C39988F0CD41549C468F6EC2431B98A61C114CE7B46DDF728AA626665B1BB4AF78
J=-$46BAAC4C53DB2C1D875FA1C0957A747F3271785F2347134AFD4AD3CC08090230E040811ECE5607383C9DB52E0156EFD6924074A71750C2260F62A8FF9E96ABACE6FE464C721B30EF5D13173DA71FDD1E1FA226C86EA9D6CFFA28C57F3E8B7D5419D8C720A72CC2797E2C25BC21E1B032EE964100B2412FF0E3EFEBE2C7EEFC17B777FD48A27A61DB
T=$1

[5]
S=$145890
W=-$8D6081E2AC70496DB123F2CAF0CBD36667AE9358ED504BBFCC74775F41E2E2FDF454A09392D7B8F4F673A095C48BF1AB355A77AF8501B02523261B26866B5D9126D8242
J=-$D43941E1608166FDFD54F75E5F296B7685E45CA5F43ED328E096E83CBF6E94E09BDFA1BEA071BC859DCB982816883972F615419632F2D65B64C3A5FFAED80170D60E08E417E4B64E4A5C010D340AD91C4C2E4BBC21EEE343859CBC1AA3ED27DAEF6C17E6AA8A29A2AB72AEB8A95499AEAC91695598D29E3BAAB8B51F3C890D6549B082DCB596
T=0

[6]
S=$2B2AAC00
W=-$256994BA7B6B28500E97A3992B280DC88011D3E7DC4B5B2463129DC9989C532C6EFEE38C20D739571F07E3B929F794A1A633D91BEFF65B84224A5A24F6168BCA93D3E
J=$1D949324BB657DDAE55F88EDA95BF352D0BA9D3ABAA5EAD55DD61CD41AFCB689BFCF2017776984C4F15E27735039F4B11EFB984C461CCC6A9341853747535E01A6F692618A04EE275C9AA87479ED5134B434033CBB74FC752F15BE04B0B7E45D3E2BA82C7459B152D0DE02029B06E91BA9B7068B515DC05237614F5B903DF5DC2D49C10D
T=$1

[7]
S=$6EE6563
W=-$5AB5EB0D9292E527F9DDEDCA28C1ACFEC68EE5F5807AC298ADA2DE8ACBAB2245A5660B20F482A7FE0E7A5BD81A4C354C47A9FBF37F940222A9F76C0DD273E2F7B
J=-$170FCD157E8F7FF231C2300C92CE176E8B0E2F598517E44B3AF351BCD206B0CC9BFD1F0ACB4CD5562D9F1EDBBFDF66552CEC33971FF089A4C1E2605DD679DBEB857037B918E7E808A2F0AEF9A5FC5766AE97E7F6E0A2B5E9E70CC43A7816D2FC6E2871C29A02CDECF2C9B53A436F1BE1DE11B5F4A7F8FF68A185D926602F9531F
T=$1

[8]
S=$A8CD24FC
W=$13BF84D2DD99F80BFB6AEFDA5D9CBE2E5F04380275FBF0345C7C764EFCEC1CFFED0A42F2BF7FA1E7FBFA7F664554CEB60AF26FA57CAEEC860C48C49DA69140
A=0
B=$8
T=$1

[9]
S=$C6998F6953E4CDC4
W=$19237802447B760399444B4CF7D16DEA078E9552C3EEB1E327E35D992DE929CDD379F19401ABF6A888223100BA27E2195C8E1277AFC376FAA54729421C
A=0
B=$8
T=$1

[10]
S=$4C517C61
W=-$311D391213E77F92CC2326D67C69CEAE6FA09962442DB49C82C350C8C0D52C34E53EE2F5AECB9385297CE78B7EBCE22854134C0C9ADE6972D3
J=-$93F6C6456A3BB943CFDC40913A1982A50D40F110E115879AD23327CDA8DE411EA13BBB40F7BC8B5CB138DE5E8520319897EB83484F31EA234B31C8D0074AD20E73B53F624DF31F3D5EDEF5FF7C4F32BBBE8745009C0C41EEF11746E5892A2E84092B75DCE460A18E2969427782274ED172
T=$2

[11]
S=$15DD20
W=-$1C5758077A7638F2CDDB5C33F6024B91C8473096F4D5879F47736A283071AA1BA19A9FA94013D91500A8DF206FE9270B364CA40720EB0
J=$180CCD35C3CEA48B51C2B47365D0EAC44CAE9AFB74B6179BA2343CEAB98CCC8B18C7AA1C616B43CAFA1D02BD73F7B50134E9DE9CDE8515984A72F1FBAE4EF57F7915653AF02A3645F7F6AD68D9434E22A18321653458B81B0BAD152E338F563711B5807CE6522C31A7286CF59D9
T=0

[12]
S=$3E7092
W=-$ED650291FB5ABE77A03D47311A9E52DC109F68906D65C9A7A33CDE4D292772E94F38E65F78F4BA1C09A0EF59D058897FD618504CF48
J=-$A9A58C80E91F2B4AED81E4074DE530EBD2217B58FEC15500F100CDF32043665110A593291D1924627762B0C9494098A097BDD1E38B3DB76C7EE9068C4D215D19559A730F75FD54A5F7E4645FADDFD6F468BD0C09C5675EB724250641D4EFA2D10113E840EF8F0ABB834B2
T=0

[13]
S=$AAFCB4
W=$A4D8ECE6E93F39ADEB8C45CA8DB9C15054D16DA26674466352A872A9CA9B8F58C17EF64BB81142D35EEA2619DF94761F63FA1418
J=$AFAD070D8276CD00D07DD8C00056A9541BA5336C7FB506046D86BAF2A968D3874E2ACFC70147DB4EBF5F1F7C4B059FCEC467C0452018E071F1843621AC8C03C2A18847C11428A4D86CD646DA9E8C1184AF6E8FA48AEC658849961AE103F1C070A140B8EFCF82D692
T=0

[14]
S=$223AC5F84C
W=$5F104A09E2A4A6766E6F87939F1CE98553C4107B912641B149C46518A0E65E24BE8A432754846EFA664AA153DA1D052BDDAE8
J=$EC417368A0E12B2C1FD2882AEB164DE5AE6FDEEE3ECD10DCCB6F8E96832A7F408826500B39247ABB7316872295FA53A39758A7B642CD1EE69A176494EABCFF091B786E7AFC8651B7711801D13798E1F069A395A79A91CB1A75D84E8B615767E818C25E446C
T=0

[15]
S=$8B74C
W=-$61A5AD0CC1838F90DA9BA51436CA771458B455D4F7C4EF466850F2E51B2DBDE8782AEDBB5D36FEF46E715536BFF7F50B2
A=-$1E
B=$38
T=$1

[16]
S=$C35C51A
W=-$C22D5DC4A57528C3BB76F65A7F93881E63287CFB7F966C0797485A128D2F95970DE61FF4C378C696BC0774A712BBB8
J=-$9BBB20F4B8B66840CA66DDA362ACE74182A3F32F05FB66C5B2BFF1D89B8B64C7A7D9E4B91B4CBB31700C7622D85CFC022801B6E5D8CA3B8A47332EFFF712E4C1FCF9A8438B93B3AA6939612517B6B07C2546E69FAEDF80675DE2D9A55D3A
T=$1

[17]
S=$43AAB1BC28
W=$BC486DFF32FDCB4F5D0C5B3E70C92DF097F650FF4614F859537A4A233130EC1CBD36B3AC4E8885B6F104FAA5A0E
J=$720DF10950D4D0C3C73C6CB3CB7413936BB551B96D57EB161B9985C1FEB604B041017AEE53359B3D102A0BDA72FD9D63079305DE09301569F63475C7A48522FAB0080F06F7B4AF95509CC248DA498254D89D136189414646CEF6A
T=$1

[18]
S=$3DF4F
W=-$15F89F1BC3333A8237134C91A8D58678B3F38FEBEE3017C6AE2DB3BF8CD51C6FAD3C49103030FD7B74BC3F9
J=$2FFD33F115C6BF96D867E09D3495C844085670F083E309C9B3F95FCA316556EAC40A7D77F6E18F7FA3D014958D4A82E48C9CCCDC86935669C8E64CB8F5003EFCC936DE942509E8D7B0CAF1A00BC4CE2191E5A277A502
T=$1

[19]
S=$78
Q=$D

[20]
S=$1514ED8F6163CA
W=$10777953CFCD08E94981BBB4F85D8F9BD91BCD99C8572579622BAC5A3D0C1C2FF52774E6C57E72F1DEC8
J=$21AADE0204FFC5689242DDFD9C1E99B3D1CEDB454C19BAF4C291B5AC2E0FF75CAE9C9F9A1173CA8EEF89142F5481080044EBFBFC01F835959C0249AB06B34AAB4120E991B7539EBE79189BB7D170C30B711DF6
T=$2

[21]
S=$7C504A
W=$3EFB9EFC5AD012F351990A907742C359540F7759B1173D1E8D35F1DBEC86F9EE0E460063940B8
J=$9153C02DBDF0D0E47B745FB20B50D1D303E0A4C49924D14E4BA5DE9EEE5A03AAB5C39A1F8FBB091C1E1DC94A339BF20A824DCECA304D282E8B5B22BF1999777053F05581928DD4371E3B48FF
T=$1

[22]
S=$409C810
W=-$1AEFF152CD478428E6225732FC4C07EF86BC0182A718C455B2389D3CC898D665EC16F7CE82
A=-$7328
B=$1DBA42
T=$1

[23]
S=$4072
W=-$57CACCB0971C8A3B053AE26880F6ECDBA5C54376C809504A16FD6E3E9806A7E201ACA2
J=$70FCCD87D7256CDE8672F673D0C7A9BB6C701FE196E2EA4F14881975578C80F83F654904011AF5CC7DC748BD3A406888E52945A369287635049F75EDC3D83DED6558B89FDFA4
T=$1

[24]
S=$56E8CF5
W=-$5B7C68F6E982F42A3E995205A0A6169E92CB4AA2E99DDAF5E29B17B6A1540885CC359
J=$3DEAEF1EDB87FDA5A73A679FB0F9D430EC7DA12EB799F52759F34EDDF9DF0C4F1D2CEF11E554838FD3C3A1BFB64819D44D4D6A858B3DA3FC926F8EC6F3AD1677FDEAABE81
T=0

[25]
S=$AE4E00C
B=$2

[26]
S=$1268EA4
W=-$27D62CB070757A97603F5232DBD23F9B8053DD2B79D366420C0505D4310BE
A=$1
B=0
T=$2

[27]
S=$6DE
Q=$6

[28]
S=$21B9DF3
W=-$4248C2FC860FA281C0E0CDD7C844A9A29D5805A77C481E969AE79A1E35
J=$18DC91DBD33DB0432EBF12DD174C27DF10D33250782157AD7AC73201E227C4C5C68D2875FB7506B28BF4AD63FC0626E90ED5123060B9282A417
T=0

[29]
S=$616EC3
W=$26E4C78AD19D593E192FA06EB5E9D5D7A851E395E3AFB4843278FB1
A=-$108
B=$69E
T=$5

[30]
S=$44522619
W=-$26F2D57B2A1812BC6FAD063FE1D0DA1849496A0D295CF49135EF
J=-$CA8BC57C2F9B35AC8DC8A23BFC164F18AD7E0B9636EEBDFB959E537A9F13A3BA6D0C157A4611CCBC57B0E8CA3794B18CB2A521
T=0

[31]
S=$4B5F8
W=$40EAE03344241AE225198430812B5930A27CBF8A659CAD02
J=$A60E120345066545B252DF7526DB24B89FDFF845D039786D92B42BDFDED40F85C31AD451FA01B75FBB35D928DD6C20A
T=$4

[32]
S=$533B26
W=-$41F58FEF4A18B5A5C54883ACC33729602A3DF43445CA58
J=-$1365288CA94E4853685564678CF59A7ACEA9665B1954469415D7613DCBDCE63EA8BDF3DFBB36FD83C15A6D2277
T=0

[33]
S=$74443BC1FB210
W=-$47A2F373C0FE5FEF3FE04507A2A4BA029CDF658BA42
A=-$108
B=$69E
T=0

[34]
S=$4DD2550F0
W=$1AF39004DBE0A8D3398C1E1891CAB174ABC50
J=$4206AC474DE33E0E81AE511645D34EAC24BAF98525052F2A7FA154CAF85D6EA3D2ED2298
T=$1

[35]
S=$46274AC
W=-$492A2B6254EA0554B75408B547713A4C
A=-$108
B=$69E
T=0

[36]
S=$BB4AF4
W=-$87C189ED1A15BC8066ABC8EB93F26
J=$7334E2D9B646C238ACE903CD3D9DCE483B29243E837AC6F07E967791D
T=0

[37]
S=$5D5C670FF3
W=-$A18A4713B3193A4AF86C25A559
A=0
B=$4
T=$1

[38]
S=$12F63AE
W=-$7CDC840BCF13C246E4E66
J=-$1B81061B87E3E4C604A807258F6D843060F177C9C
T=$4

[39]
S=$72348F2F4
B=$2

[40]
S=$451195DA
Q=$7

[41]
S=$1F82B
W=$C15ED20497
A=0
B=$17
T=$2

[Signature]
1=$BBAEB70907ED94FED2787B76A85D23F35608F238AE39E8CA
2=$736414B7804A67DAFBD9307487D8ED23243C8D0E7988384A

