[PRIMO - Primality Certificate]
Version=4.3.3 - LX64
WebSite=https://www.ellipsa.eu/
Format=4
ID=B4A3001E15BF1
Created=Sep-29-2026 08:45:46 AM
TestCount=16
Status=Candidate certified prime

[Comments]
Candidate generated for 21^88 - 2

[Running Times (Wall-Clock)]
1stPhase=0.44s
2ndPhase=0.08s
Total=0.52s

[Running Times (Processes)]
1stPhase=0.73s
2ndPhase=0.13s
Total=0.86s

[Candidate]
File=/home/jrbartlow/prime_search/21^88-2.in
N=$5C060FB8B3CAD23D2989AA0E42F833570A32AF9A38973B7C6CB13EA477FB51AC1EA5CD45F6E31AC30A4558BE6479E981F
HexadecimalSize=97
DecimalSize=117
BinarySize=387

[1]
S=$1571
W=$47782491CE95F23111ACAC593C93B6CEC8F32F1A0DE270917
J=$120897601290427BA8B8EDC9BAA12E7022525E693F64BFEA9DE142C64353FD06D0B6738BB57A7622657252EC5BA9C401C
T=$5

[2]
S=$4A54BA4
W=-$1064AF7706C0694CF3B99A5FE57ED9C71DE07AC7741F722A
J=-$F48AE1707BBD42A15F381A1FDAF8623EB9F5B67F512264E85FB490C85DFDF0771980ADD03C48797A226B8569CB3B0
T=0

[3]
S=$264949B8
B=$2

[4]
S=$46
B=$2

[5]
S=$6
B=$2

[6]
S=$3FC169
W=-$998A60973E9BFE663A9D630DB18D09B1D548223
J=-$1823604219D9A23A9F85AE6E35622F266F18EC683415302E9FE50078929E11004939A691D73C7F
T=$1

[7]
S=$131FD1
W=$EF24FA2609681EA27B177887CB6628DD072B
J=$505D5BC8D42673A840DDCB036B387EEA0CB01122C01F29D5F76D8F15B9A6F4A7E2C26588
T=0

[8]
S=$7288
B=$2

[9]
S=$94AA8
Q=$3

[10]
S=$EFE871
W=$186A4150CA7AFF2F25E8C79E023FA7
J=-$3CD416C8FF258BDB86FF5BC603B97194B7D6A58E1F2CF52841146C2C79
T=$1

[11]
S=$28F4C4F
W=-$F57781717E2EEEE9D5E990ADC1
A=-$108
B=$69E
T=0

[12]
S=$18DD58
Q=$5

[13]
S=$185CCC09D55
W=$FD90448F2420D08363F1
J=$574CEFFD04FEDCF19CDDF26F0829CF4356E02D686
T=0

[14]
S=$27F75C1
W=$5689EAB9161A8A85
A=0
B=-$224E7F3D1A0BA50F0DA41764B1CC2AD
T=$2

[15]
S=$3E1654
W=$167F895BF3624
A=0
B=$5
T=$3

[16]
S=$24E0A
B=$2

[Signature]
1=$A4BF42EE7F12C09CF9EF29979A79FD39D4A6EF7C039DA9BD
2=$994B4D269C12DFB4B6161D1CDDA111AD568710CD48A3D96F

