[PRIMO - Primality Certificate]
Version=4.3.3 - LX64
WebSite=https://www.ellipsa.eu/
Format=4
ID=B4A3001E15BF1
Created=Sep-29-2026 08:45:47 AM
TestCount=18
Status=Candidate certified prime

[Comments]
Candidate generated for 21^120 - 2

[Running Times (Wall-Clock)]
1stPhase=0.57s
2ndPhase=0.11s
Total=0.68s

[Running Times (Processes)]
1stPhase=0.93s
2ndPhase=0.15s
Total=1.08s

[Candidate]
File=/home/jrbartlow/prime_search/21^120-2.in
N=$871E8F4278DC6712B480618AB5A023BF7C73189DBB84960F97EB3A0AEC9B1391AE5CBE3A514F8943C902872AFD02D91ABE9800415907E299D2A8449FAB800B38C19F
HexadecimalSize=132
DecimalSize=159
BinarySize=528

[1]
S=$9
W=$138821F67BBB0B7747C3998F46B8A3EF831FF4D5047EEF2DBD34DD75D9AA8332089
A=-$84B750
B=$24C7B73A2
T=$2

[2]
S=$30336A2B0ABC5F7158
W=$1B4F420688D8E6A2C00DA52199DAE61BC6751F98F1FCEB80ACE5824A93E68C7648
A=-$23
B=$62
T=0

[3]
S=$2E0E81C01737
W=$F5AEE88E035F0573420F5B53FF760C8E538070AAD132CA257E4FA3231
A=-$7328
B=$1DBA42
T=0

[4]
S=$5BF8C
W=$17EB5D9F1A13C53BCC548BE7C8F379C55ED16526CAD0C560F7D4
J=$3FEF6B7CB5437A94FF3CFCBC63D92BEF7D959CC58E1D2D2B36AD631C9E709955589ED966DE470A2EE511B70F784A96A4BCB63D
T=0

[5]
S=$621C4
W=$F71936A2E7C3BA2490AA96C61C19BBA70DC33E25A542F4DD4
J=-$1E9A18E4D9F50CCC2E28B4B2D0071089AEB306A7D2C91873D834D75314E100DEB7EA37E1F07FA63B3247F74BEB638ABA65
T=$2

[6]
S=$1D921CCA39
W=-$44CF041BD2376F4C6150FC30E01B347CD9FE3383082180D
J=$45E89D52943B34A6A6BCC2B80A5B8D97E2EF695B26F0B3EC37E31EBAD709C04AA14078C4816A252048183AAD4C55F
T=$1

[7]
S=$7ABD94CDC
W=-$810FD7CF906F1708A8263654D7F4CE2329F929308E
J=-$33A54E9477902954AD32E8BF234165E877DA1B7326B74637AF499C76C7A17FB66AFD2E868A7D0B14D639
T=0

[8]
S=$95CDF794
W=$78062DF63470E86747D009E48D350687941436
J=-$5E7EAC11E52147DDAC7ADFBB57187AC55C9C0ADC1BC44F8B3F696730FCEE3DB2BE99C10DEB2
T=0

[9]
S=$A
Q=$8

[10]
S=$1118CA1744CA9
W=-$2B6D9A386B01DB5C6F09D197DCD5091815
J=-$76156A1AAF421082C6A83A26EE436D36DBFFE4AD30EDC8C337F567C141FE199C33
T=0

[11]
S=$14D25CF33B
W=-$1A0A2A3C141676C7BE70B4F4B087
A=0
B=$B
T=$1

[12]
S=$12D700D4
W=$23F0A0A0E27FBBFB6EF5E64
A=-$108
B=$69E
T=$1

[13]
S=$E65E9C0
B=$2

[14]
S=$23E
B=$2

[15]
S=$23B4
Q=$2

[16]
S=$17C6
Q=$2

[17]
S=$CB58
B=$2

[18]
S=$D434F05
W=-$3DC3D140D9
A=-$D70
B=$12F5A
T=$3

[Signature]
1=$E87B173DC60B4D153121F4E4E3EDD0BC60682EA9C9E2C4DE
2=$344266BE677D668518CA84A0C1F67D96BA442FA20B7AC533

