[PRIMO - Primality Certificate]
Version=4.3.3 - LX64
WebSite=https://www.ellipsa.eu/
Format=4
ID=B4A2C04BB575C
Created=Sep-25-2026 10:03:06 PM
TestCount=19
Status=Candidate certified prime

[Comments]
Candidate generated for 13^120 - 2

[Running Times (Wall-Clock)]
1stPhase=0.35s
2ndPhase=0.07s
Total=0.42s

[Running Times (Processes)]
1stPhase=0.59s
2ndPhase=0.11s
Total=0.70s

[Candidate]
File=/home/jrbartlow/Downloads/13^120-2.in
N=$1098955B087AFB19C8C925685865B36A2C2E627C1A230F8E15DAC1BDC87E9CBBDD7AD7E65E6758A560EBBDD1925DE36F06498C793F2B15DF
HexadecimalSize=112
DecimalSize=134
BinarySize=445

[1]
S=$8C305
W=-$328E0FF30349E3001318C1A3AA1F852C55F9C20A9668DCC48C717DE1
J=-$70B1FE8077337923B8D8392F7C0E28F7D13A7483AE2FDC5BF9DF74141123330575D3CCC3ED18AE9A21BB9C437FA70142E19D2AA4ECE8C65
T=$2

[2]
S=$1CD1AF4
W=$1F0BFE38FC5ECC651D32EC18FB024C75D711773A046C7745583B3A
A=$1
B=0
T=$2

[3]
S=$385964
W=$1B6EBB5AAC39028A562E05D65EFB37304CA53E7BD958EC4AB26
A=$2
B=0
T=$4

[4]
S=$E2854
W=-$41FF4D6AF8D2BD8611C0080D97622FE0D7C3CB83D611490E
J=$182FE10BE374FB7764D1CA5457B71624D3D206B6C59D5E404C7FB684666EA471D99E6C0EB013612C1FB93C7A2A8355F
T=0

[5]
S=$9E023
W=-$118A443260FB8EE4B39254F6C7CA0EE1E75A5F15777A93
A=0
B=$3
T=$1

[6]
S=$62F8B630
W=$5CABB99E50FDCBCDB73EB4D66DAF13EA3D28686240A
A=-$1E
B=$38
T=$5

[7]
S=$5ED07
W=$2B8A6E0DB96458169949C888B264D52ED6AADDB
A=-$108
B=$69E
T=$1

[8]
S=$EC00848B4
W=-$1A66CA68EFADB57E42025EFF94904C1B82D14
J=$1315EC797D09366374EA4242034D75D3A8D08B9AF9DCCE4DFC5F9DC7477DE89C3E2636448
T=0

[9]
S=$168C
B=$2

[10]
S=$6E89B61A5F
W=-$97DAE672579571869A3978B4996647
J=-$C93A4E178C4564556EA6103AD0D73FA90F57A917436FD0B290DCD2C1450B
T=0

[11]
S=$5CEA39
W=$50147522E23D45B10C4598AA5D
A=-$98
B=$2D2
T=0

[12]
S=$1C35EA
Q=$7

[13]
S=$E6A
Q=$6

[14]
S=$56A
Q=$7

[15]
S=$115B18727
W=-$2BE23FEA524032798B
A=0
B=$12
T=$1

[16]
S=$15E8F
W=-$16FF5802F71B7F
A=-$98
B=$2D2
T=0

[17]
S=$6
Q=$C

[18]
S=$6488
Q=$3

[19]
S=$7518F4
Q=$2

[Signature]
1=$10CEFAFB8B9BE4C851A8B6DD34785BF2EACD93D2E164C3AA
2=$26544DE9BC7DD4B5AF111AC564081C04253239765E2B3789

