[PRIMO - Primality Certificate]
Version=4.3.3 - LX64
WebSite=https://www.ellipsa.eu/
Format=4
ID=B4A300239BEF8
Created=Sep-29-2026 10:22:19 AM
TestCount=78
Status=Candidate certified prime

[Comments]
Candidate generated for 15^550 - 2

[Running Times (Wall-Clock)]
1stPhase=32.41s
2ndPhase=7.08s
Total=39.49s

[Running Times (Processes)]
1stPhase=43.65s
2ndPhase=12.33s
Total=55.98s

[Candidate]
File=/home/jrbartlow/prime_search/15^550-2.in
N=$1BA97151909BCEFF9FED24FA4E27E48332A604222F28DBB00DB019CB906DD586F694AD7674E14BF724AD6E53FAB51B9858B6733A143BD5CF945B7F37E1FDE02CA5E8460944EE38C661FEABBBBDF4CF2C334390B16564CBFF17580FC4259AD4024AC3EBB32652AE5FDE71FFC7F17F42BD703C9AEE81EAC02BD593189C2E01730C36F74C4C403E90E6ABA93ADBDDF96A0B79BC6493BC415F3714CC473D579D88C5562DFD4EB75D14A490F065C0A9AF5D577ABF0DDFA8354E4D30EDA5BFA0CA1E9B6479562A1A5E9ABEB3ADDB73A63B0DF3BC4BA1E0A7F2E691B8414F9ED83AF0F3DFB5D47075ACA5813A5A5E7CC100A0FB079A49C38CF2CD329B4779843A813142E0C3C8A7CE1E5A02526FD55C9F
HexadecimalSize=538
DecimalSize=647
BinarySize=2149

[1]
S=$20D2DF64
W=$A4D6FCB99F25B00209F9FA49FD66EB1D9915365AE6B07ECADD4FD052764CDABF10289C40ABF25120AB39404A15E878F45899E36AB0E5A027C82B6AF01970C603AB367BBB925016C1106D69959C9721A9948E1226D45AE4AB9DE9E3F696802E3329A82DCA1CAD7F9A8467B92548212AD4791F48490B1D35790279A43019E03B4DD2F6466528BBC
J=$A66ACA4B46EF4733E77889C975582FC41862AE839FBD9B8BF71DA1FBE80139E43EB9508DA9F2FAC5E0718D2C07F00887E70F658154BC40E0BC8C863FD48389519353AF9AAB442EA667FE273F11CEC1BDF51827A8C44A3BE0B146682A0FEBE5F79D75F0D9546E4D6BFCC478E79845F9125127B2C2511DE957051F04C77D51CE2340F5AB3B2A170B92E44FC05E8C8B3EBBA33DD1789A760F1FD3DBA922E76D62BE10F23F6D7142CF5DC495A5C4DD84E84DC06B3F4637D15B2D293894891684CE35CA9B4464E3862CD9EC13320AA0FA513B47159BF2B03993C50056F9631C945A31965633C6E0D68171252588A94756BD5F72885F94566260B3D25DCE8FCB93FD0E89205E858889DFB3ACD97004B
T=$1

[2]
S=$5FA3FC80
W=-$189BE9D4F873FABA6657497132590D52A871712CF7D29A7F8562900B7D18F0CB210174F15B9A1C0575C574D91368F01C6598402BD4B8A9311616A2B1C8E0CEBB2D97A9D5C0A94CE8DE89FA4CF615E7E8FF8E933E89847A5EA9A4FA3A5BA6AE6989B1F5D09DFEF83B1CB65B855C542FDCE8CEF0A3B7E0A1138B739FD86444A4D1146BC8ED1E
J=$5C2BAE3681B4F50D94D16C7758E9E60D42464C3D7F8E5EDB6E39268362123AEF452A137A11BD335986CCD07982E904C459366A7CDE04E9F02827CC0201EB07630DA881511647A607DC89459CBCFE5C4E292C1E268C115C628A916961E7C20F148107B18C1020A1EF987FBEA42E3CDDD1BB750883ED4F9496A27F74C264606E455B37D8D81FEE810ADCA0DBC0DC8E5663C9ADC51E3B20FAE2F0576764B0ABC37214FAB6C1AF04DFF378129A7FE880B3511C07E9857832FDF1581E0718BD46D4F6C7A69D985B0DECC910DB83A9DC221568A9F62A7EA974C8459FB846A3DD98733CA19444BE7FD4363F53E738B533548347F8D49C93A9DA3F0418EB64AEF3BB2D147306591BC823F1F5C6
T=0

[3]
S=$1B27263B
W=-$2E9A99F64C99AF2ECA5CD124091739765545463BDD3766A8588CB77D196EF0C855973C6B0BB2111C5CC2C93B07174D4101AD3A2EA87CF05C977DFA804F2EA11301A560C405024DD00D374F6BA0EB340D63AA5EE6572624DAB42FD3CE3046BE2C2EC0342F043675296FD98B71D6F28DD151EF5D6C39D928BCA6804BF97FBFAEAEDC912F
J=-$1024C79CE8901D31B39AE2EDF955EE77654266AA10F97D262F2065E6DEE20638FBF3541F200D8AEC3624D38B9DF537E56F2CA091FCB5E9C42B0C3661363D9E991998D0A9BC7CC93A282EC1189D2AA2807318A6132FFC7C413806736D31356416EE7534375B83FD3E62711243BDCC0C7799CFAE648645E5E1740B96BFEDCAD5320D937EEE5C030FCE84572C0A92F61D39A910BA11B40AE24BE5C502FE227B44AC53742AA898207E54A5303836490CE0E2A914923448F286776CF46A832FC8DCB21BCCD5166E1298CC442E982C353D1183CF70A3235B5E01A6835D63B19CC0004480D4CB4DD2993E4B796A26831A9F555CF45024165E606E70F49793D37A6F113B48F75C2AD4A
T=$1

[4]
S=$7B965C
W=-$65CC648ED4760F3B079001AFD7C37EE10FBF95685368DC0347861930EF172A49FB5A9561614ECF1CB4A68EBCC0C43608CB261270BECCEDBC594F46B168EC5963B56A84BCBD61454D56B43BD304BCB461A993B763E5E62664E60A5D14B7AFF2F1BC4EC7CA70DA67319761F6551383BD7BC12FD1055A702E32C8867DA765F5457248
A=-$98
B=$2D2
T=$1

[5]
S=$35393272
W=$345714F6259B0FF09C94A28EADB255E8ABE3E5D1BE15576C987A29106883277412EF76DE3518F352A4968ECD966E13B591F8E5F991032E8295383BEDF292E0A382F62C5DF98CA3186BCD85465E0DB07271FFA60B8413866AE5DFC69F66AAAB7F888CADA0555A880E66F7E83770760917E9D40B04DBF2BB0BD47F1231C0F3132
J=$3631A5AD367C9FF6858B01FF822F812168A16D49531F50C6AC7D64EF4C9ABE18E447BA813185484707C494FE6EAC924923153C9BDABCB85EB5E47D0291DC01837BF6C67621E85181B21E18DCEA6ED56206E4843C8A9570B87D9B0C20659F0B80386B978C5FDA367290B10106902EEA053688A3DBDB37D3B56F480B3DFC7D5370A91B880134C9D979B685880CA0803B76A82F82DB005F97B3D8F3B17608C2BFEE4F7964F68E1913F0020D3B5A4588789FFB74FAAAC15D4616B453556466C9D426D930BBF059F963D5932F6D7F30C949B56F22491E60DC38A7FAA7F4E2CF047428AFE00674275EC1FC826FBB3541CDF1DC524AC31A81EB99C92325EC0588302
T=$3

[6]
S=$221166
W=-$14F93AC7884859740B6B8E15AF6DC814735EB4F628F337869B1FE3D927C5CBEB3733302AB7D6AED258016349E654F3BE0E9D2BE5D7D7FAA5546462C43F2B154B293F98F9BBBB73BC3BD74BD6E386427B4F07F1CA584688396FEEF81029B375F9C1BA1D4AB8A4227F7A0A00A5C5A5A3C98DC2532E046217E78E38386169B6
J=-$32E7B33BC047A22EDA867FE2A69BA41034A4DEB42ACE1D30A510C1EE83D6E9608BD743D6791C5402AFFA37A404B0D5851C0C8EE8F98CAF6C2394D1BDA6164F7F6BE251A9DE82C421382304CE1C25B1B6953E3B9E31E7192A294A4A9BBC210B9C35659FBA5C35E8F862D48962D5483389571B8B3ECF3136992FA30FC323EDCEE4E25CD4892F057DDE2E813EFECD18A4A51365A3673785A74E150B26BCD5AFC140DF1CBA76B117DDFA568794236E7EACAE65D1D198FB1E084EC33633CB585A58E287D90B4E2621F46F5E3BF73B553E1471703DC7EF6DC3B593FC242DC189BE40A1269F71923F9749294B5583517B4AA5F18004CBCF3D7B3CB9EC37EE
T=$1

[7]
S=$4DBDE90
W=$46C12C2AC395515E124C66F3A4E7E073A9F176D4478851420158633340936D92A654A19F39F51F3D25C69F902FDD402DA12E0D664DA76CE9054A5EE400E1CE709227E9B9B1B46503457E8042D10E08353CF827AE60B870A5C5FDB9DB01B9E5A26AB3C790A179FA5609019970C0FD8D31F657EBC8BE9902285F4F73EA4
J=$DA44464A6B7C0538182B0076B06F983F085FAC32A7238A816F32CED340FE5C1502CC67412A23CC5553E3509C901BD422E2D0FD473F3E611F72C95ECDFAFD26330A0C4E3D131A07863677CFAEED9404E6ECC01147A91234183FDEC3DD894F28F45BE5B849495F0E4F1B3F49B1218041C1244CD42791BD0A8A59DFDD8726A927D06DB27C4AC25BFC4858BCEAAF5B8ED3EF8A4A0838C4F9FA1E9F7D975C0EEB8176A729778512DBCDCF9718FA7C9BA56D81520F48050451B7891F2039575B4830612414A81B5E29440CFF9CD83336A4DAA0BEE0E088AF8E96138C7AEE7F74C559CCCB89EA6313940F5BB6C162A13C9C0DAE3F01BCC39E370A25
T=$2

[8]
S=$107874
W=$230BF2F79510770C4BD9BBCD5647621F1F09204B6FB664DCC5D4CFE534914A0D03D32EBFA51EA0E066447348833369979A2A19BA4840D3B11CC4CD990FFF05CB4B10738D9BD4ECEE1DBA331661691B70556D156F0784FACE80D8A00F6E008BE1E2B6C024BB1089373200424F9F7F97D27E85BB745A013E5D9947EA
J=$9B5A9C61A619BF7F17F12CE0A265AFF1307BA1F8AA297F4BC6C3E7393D4888ED8FB1951ACB4915E0D9134E4693511380B27BE4C61867D81FE3AF10B85D3264211CDD92A197C8AFFAB388B67DE8B944C61E89778DD9C174EA77C56613F0B9AE3F1134B8637AA6BD156774430BADE7F279B68861F3D81034DF6D68B98A7CBCE62E65D405B38C669AA6AB6CE5A8D3EC14F705F1FF54956A4FD8C4147ED0ACB3B127963AECDF899A70533F47B8ADADD16340E1A1B02BE2E2FB57803C0CF6C6DAA11DD3C3F09EB627414F1556480F9108D5A2FB5C48979157502A4548F8C717A87AF449A5FC29F73F63AA3C29610A07006BA36EA60B00D9
T=$4

[9]
S=$1CB7ADC0C
W=-$74DDA700CCDFA22BF65413BE4A1BDA5531305B9CC9F2243FA9308B11ADE64C022E92289C66914520772645C915ADF1E566CB4FBF4033591B6322852A9335F0B038834EAE74D5C01CA4C00243D728295433516BA86E15D27E6A3A3C73525CF7DE9C744AFCB58BB6295A4D7FFD0F1CE330B7D1996D467975AF99A
A=-$1E
B=$38
T=$2

[10]
S=$16C44DEB46
W=$1C473E30144B807F372CC2B1B05F2EFEF240CBE70E9DA2E1D39B301B0E92F010512A72043FCC8F1F3DDC341BA194BDDD523301C4B8173F0829214FE64A2F84C8BA830910CB28DDBE4E764B8AA7886B59BA1374C906B61B921A99DA8D9B3D0BC8AF7027F5CA3B4E06D5363F2E930A96BC1B3DF790A1484FC
J=$225D4C6585DAC83EF53F966640A2A450FCB291401620DB755CEDFCF2BDA46FFE09A18F0E118ED09E4F9DE3F3503249E9C0BC5B8BBE48BDE69F50585FD95DBD4934CC12006021D3FF2F9BD31281A6E58A20062E923140AF3DC66FEF68124BDB23E9AA8F9D6C834EC48059497AB7507ADC50CFF6CEEEEAC29BE8688F869827B8B136DFFB68722FF39C1D8714BE79287EA79004F01DDE344F00F63287D0FB839ECDB0B52D74FEEDD47433165DEDC8262ECF9971FE1D6354535AC00A027A7B135D2086DA6006FF01513AD0DC2090C93A655688E38C6BB43DA8112C23B6B39289E016FF9D0BBAE5A6427CC9C781A9711DB
T=$2

[11]
S=$29C998C
W=$140E5EA3C4B0877F0D65525AD8FBDB635BE46C261EB25D37E93436DDBE8AC22E41EA20776BB85C8BCA9236207148DE4DF5C93633E2E7C053A5BED7FB1ED8018A0519452DF81E959E74605D86B8CACF91459517F31C33453650EB450DA428AC5AC69EDFCF8E2637B7BE58D47095C802FE70A1028019E
A=-$1E
B=$38
T=$1

[12]
S=$236DEA7EF00DC0
W=$D3D7CA90561EBDDD1E0E7D63CCD9B2DD53AC40D1DC40C79616A250387102E9071BF6F1E8B1DBE8277CBDD7C91FB0CECB7FDEC3D9A2E77CCDD6347D6C01B14F43221E17EA38F001694086E0699DBE25786563EE06009237CE1C90AB96FCDC5800676F630A0069F66F35C8A0A0549EF0125EE6A42
A=-$23
B=$62
T=$3

[13]
S=$4A662F0
W=-$1F545A55C53FEBB11F7A72865900374EBEEFD7E4E4D6D32DB8F45B9482207CC81C09E770B6C56A99755F08CACFA609F26B1AC83B3E25D3D427983906EA47D7446D7477F2DFEFA89F932692B4F2F4FA55A94346259459EB38D158F64465426BC8305415925F4F1425C1307AA9333105B76
J=-$A47C4A4D3357E588D6BAE8064FA09E1E89B55871090A5FDED008E2C9080D9E6625D223410B4A0AE67573A3DEA29E1D26730C435F4D6AC0B926219134A92674C39030390F33BFAC55BA21ECAD4F79579867B7E746C5342B4788A43F6695E20A3DD797F567977FD47901E24531A05E9ABE6E83D96F69A965C794A9B29E5075D25DCCA8CB78491635CB97C714CA8A056AD42E9B9619B17329FCC7C915DA10C76A920C4598FD6A229999AA858E29937058211FD4546197E5FAD879800F969B9619814EB1989A07CEFAD2789C007F9E2ACC1FB66D663DC59C9F371AC7F0215AD4DB21
T=$1

[14]
S=$3195D3
W=$6922539BB5CB526136E16092AC07360118762641AE315393967B5F4E72EF8DB29962151AC39630AA29BC2635541C543F7528DAFCA22456D8CAC623615BCBF0CD1AF1600BEFE47A09CAB34078E8840C6FF03DE15CF1F2C4B6F1EEF03ACF0CEA4BCC27B2B38AFA314C974A351C98CBB
J=$78DE99EDA96C252FD4FDF737383AD0AF10B6613CE1149E5375B663780888C0D5FB1BCF488CDB76B4440F312776FA9DFBF5C8412D51CFA9B86F19F01A41675D4B568CED518F41C1CFB4B0282AD601F8666B8869FBB41E753F934E71F7CA6749CF817BD45464C8A8CCD17635F17FEF5164296E84953860E12DDB88E622094DBFD9366E9CF44630BC7A35AA187C872E6B0A9113390B0155626E68F7D2F6F464D6798D39BC4F31AC9E3C38DC289282FB55209AABFEE5930D81D4392528AF2A8A7F2620794A352B0763997D6BC65614EA11E6F6F7FA412D9347D20D63B50BA
T=$3

[15]
S=$7227B9C1
W=$1605E3837BF7BFEAA7A26F10EE1A3C15ADBE0C607976C81FA8A64659995D16806F6D783C050C96544F01CB103591897024AAF05523D40D1522DC9BA1D53CF98AF32EA40734CDAA9B61B42A1279E43EB553505D3DEBF5F18E006E70085C1F573BCCC5D0E8883C3BC8B307711910F
J=$20783AE22FA8FB64079D5B23D627EB1434554EB8B0B71A125E9AA9840C08E84C4A81A7564982F6C7A987E0F062BD41968F1C5E4FEDB22469CC5D2BBA35023176B363727D13DCEA2DA6A35F0AEE9A593117BF9606B44F499D9220EEEB1D0CD0FE7ADC647FF0E0830444100BBF5CD2474AD2F242160F37CB3E7FFE21554943127C0B959B8BCB9B3B92B3F04AF95A24929C57A9A13E59754FBF27975D94F6121BE085EBF6D837AD6F1D10CB56E10468FEC32EADCB7F8C42F5979CBFE33039DD8E2EE6EF77544752360692E3ED750DAD903F8837AF03B5CBDC64D4A8
T=0

[16]
S=$D715CBDB
W=$17D8389766A4EA8297D57433502D3C603FD39420C0B01E91A03DC1C0AFE024D6CDE366091F498B855BBD6B051F99F6088C746F183B570498DB48B8A970C0D3EAAB9E81C63B782AEE9C1DD00D9F455C9BAD1CE65E9C54FBA000B74B7DD52FF637AEC6F39E297CBCB2D103C89
A=0
B=$D
T=$1

[17]
S=$98F04DBE6
W=$30A669D85471260F1768A385B23BFF06CCF5C312625E4DEA2178D33A6D3DF1E2C23B461069BD33120045C74DA44BDDBD56FD931C592D7FCF61C966A1E15E1BD37C0F8F4D30F3B418E519B30B17A3CAA7068815CD05A2B5744055AC04F56C9E1A46AE2C2DEB27154B526
J=$5A882FEBA73358D1E6CF5EF9F2BC9CCB5246D0CF056204AA7DB79E5D2DF0CD47CA6E70F487DEFDDCE3EC02A1815577126D19A8D97112B35405144DB9FE49F98D292D53635BD8648EAFBC5512DBFD631B73B2FDA6988599999720A8112271C2D900D61F89C4D028F04F5BDFA30AAA05BD9110EFD8A7292F433DC1137F8671B144843659991A38D866B4AE73ECCE28FB1D50C187CF6817A30269B5A14B934C0E23528843DF40636D79C7CE67DAB3BE1988EBF119CDFA13288362AABC42425143D6028110C0FE000D03C224FB2A4B41C3EFEE43
T=$1

[18]
S=$4478
B=$2

[19]
S=$CDB9A
W=$20D8AAA40BBD3BAC61105BD3E5C10CD611A37E97D9BC5D0FC52BD035E980FE8C3AEA16E56542ACFCDD36C07EEC4604787DF8FCE3E8C214A8DF42E469307D6D43CAB32309DC2FDE4B08A393465DD176BCA84C6706CA5271118601C5C2F2690B6675D68FC97D6CA
J=-$2D561C6886F03FB5E723B54322417EC2A328E06526EE03C4FA25BB03D14001BEF427706CBAEC508A8184FE3904E8AF374D46A991759E11F722EA43A3C97AD06836972EBB0E9331794088001278622BB97A90575F6FED8A57E5AAE9341355BB90C1BB21554C243ADE5C9FCE0AB8B763DDC6D77F8BFCD297DF77FC64941AB91A09A94E027701B16D1648896A50BFDC5C0CA7AC25CFE3AC7BA9EDF48FF4F9C48925A0548AA738ADA6995D39CC18A42780F4ABD74B783FE3136BD87C6D1DAF1FD92AA5966F3CF47998A9BDEAC3B0
T=0

[20]
S=$17BC9D09F62
W=-$8E26E662CBFD5A398BD71FA1B9151A767EEBE18E72AE636C0BB55F8E882FAB24297A781A043E89C1569B165EA9D8343FB5B0048504115925DBAF39045006FBEEE14A0D0F5ECBD80FECA29BEA19FBC9BB26FDC7FD50A147A3C39E8767F984E1C6B3F97F525A
J=-$E5B261E51E4007FE5DC4620237D07C91669AC8F0613E81374DFB461677C3C0D34EA01C1D4BC50CE73A640811311260E8FAE568F7714C3549F2A712C6A8687A3B88C9C290F1DE52CC1629933B6D08F63F395FF18FFA4DA06305C07CAFE077A9716C5FEA8FB267866FF459860C294D384561E82B7D7035F06A570D2551ACAB79E56484DA942A10E32E102883F218B2683586CE4B2F4BEB85395B602444698C5587FBEFACEF1479A3F9350101396AF4EDC5464E7C392346209C26B54056747FA1BCE6DFB3026876AB9F20A
T=$2

[21]
S=$8FD595F
W=$88C5593DD597BDF54EB25EAF3B28825ED876B0064017BC32DDBF04BE0BA54E438C203D59C26814D4D2BCC412DEF36DCA40610C463A57A56F63F129805918BD03A6DC74B53E08752D5D2217BBDEC7146726AA8994F755BB8E6809E2285F6C301291D3F
J=$77D303E3D543F1812C97E777A1CB594391C8D6F163DBAC6B108E4D29238868EDB02EBD23B9CD8A02ED75F67B51B9F1B031CD64B717FD954A6F20A39F453E0B7134C6260597D6384FBE606A01BD51EB6D3A70F1B9B6CF010350CAF63D1CD876EA8666938BB0014B1B06988CBFBC2E2701D615C51C4EF60C9D4513133534DDE7AE08D81F74F01D27B76D41DE02DACA9EB74F901802B2C3CA59B88BC11065C536F8AF1055FBEEA98F7A638630FC21AC73380734A326A0FA6EF229B36398AD5CF0FCA0DD6DDAF
T=0

[22]
S=$4EA82
W=-$215D4A1D2A5E85495EF2A4B4E8CCB5DCD28D935B3393F2B6A19FD2EF930A51D62E16779E8785F61F22DDCB354FD5FEF837AEB03E4DF1DDAD589D63F91D1A77287DC62860ACB9A48C17B23D3BC175A73738CEF86759E03773C6DA1833E9D4C9DC04
J=-$52D73A5BA290D899CB15F72AD8429E071DCE1EE048D04CC3F326AE2A457103A818E895F23747091D2653E4BB16F0EB91EA2D473138EAAB5D625F4EA93BCE56F2290890CA2E9FDAA13C53F326EFF0F12714EB47E2660DBA95605BA472DE447F4133A63D2C630972229ED34EBEB4349046A8E8A7BF8EE657C4A048832185A2856501656625B5C82DFA0D7ACC947F8A6D5809E2A05E6FF5D19DADEA0B92DD8672DF0F4C61A88E807267AE2A29771CD82F3AD1607FD0979137D5B60ECF6DE2474F63D
T=0

[23]
S=$2EAA749C
W=-$70A59F08B415A555F972310CB9D0E8482D9083D53040FB419802654D1A6CED94F5552F7996401AF606226F84AA46468DDA56124AA9AD9DF054B545841EF9D53E60D2B4E53C078466B1AB3B20F55CBAC0F747D4B9849B56A70422F3D08D6B940
J=-$280A17B9FE8939B9976D7C3575CA5FC099B16B0ED6D72994F98C60B8A3C0A6F8E755255FEB36BFF8665BCE47366A9E788FCD13FEFF61E8C22EEEBCB619A852BDC372C93F010A29A6FDFFE1096BCFA1D22729306EC5BFDC0D4698B6975ADD601A27DF47D3A9E8A6DDE03F1325F0205D30A8AB2F7EFA1B15A2AD7DC764DE0B01BA68FBE3929A550928E2D916D99BDAC38996B9B5E97D24274B534FE360AB2D6403C088EE07A396245961AE0D9785FA116ABD01E2EE335F9C9B1E1B132868BD1E
T=$2

[24]
S=$D8AFB6669
W=$337EE91B7B17310EBC974899FE1EAFB84E5CFB42FA369026C26D903CF6163BAAA7589B9087865C761C5370E742E0693CFB46A6E9332DAFD8B4C1ECD869B546E290D94CB1BA41EBBDCA84A28A91847E9B69485E7476258DD24FD5DBC1A9E1
J=$7C008524C9B04AC6259A18E048D5BBF8D54E61CF71CE37FFF43B99203FD6EEB90310A6C7DB029EBCB614FBCBDA6A672EA1FF705A1961B35146E3F4C42EB1EC39410664FE8C938B3B965C2D23DFD7FA0DA22400AE8DE1D83D4930426DD9387297680DE909BF31501D1A00B9C84A5728EDF017154348DDD3A7DDC8B7F6AEC93575E229DCBAD4818F2EE0403FBFA8EEF91AFCF72D372B93D3C4296D99D28E7B6149287ABB6FAC4A3A70702FAFEF8126F7DA07BACA3B2614FEF67230F0
T=0

[25]
S=$A9F5C2F1
W=-$853D69032D38178496CBE1BAFD80C920021FA4245BFFD4C4CD264FC249AEF41DBA282382FB6BABB321F9A1A4F580F3AC39A635D077D81B43766C6329E7DA560B9EC747C1A690EA08AEACC2490B97B58B3B4543F93E045293B7777FD
J=$191DF99E42F1DB241E8181B24D7D7DEE9375F8229746E3B91960A17B1CB04750EA70FFD9701042DB74FCDD4347B25CEEBFF35606891A662F5B53BA3542CDA25E327540FB194576BCF5C4B3DB8F35ECABC89058C466D0051CBE25BB70F7621150DB6BE604CA7F3E80D778B0D17A8BAE14BB4AE1169F3C9D525A6DAA5D17B30D7D849D97FD38180A52349A6BF5AF1B1FCE61C6BC2E52BAE9DB495D29116E696DA264F7E5AF2D1E978A764FAAC2C2ABD0DD1D163E12E914
T=$1

[26]
S=$6DED3F
W=$6C78EBDCEC68840591FC921839C5F563FCE62F5C3F4F168F0AE8324FC0C9242090FDBF66453F5596D723AB1F89D82E0242964453D250C89966A555BC57F2F6C895A8ABAC843634FCE7E639BAD9F03FB55AD5E2CF945770EC8BD
A=0
B=-$12845822D88AD32AEF96BBBC722DA70D78556F786F2258443133F6778C9EC286F8AED3FF86F80F79D4C8872E9546376F0D8D2AEC18D7458FF8F8BF003E9D528DA42769EA6B989543BB15DD8193C662E49502A85ADE91D52D768A1C6C086401F086F02EDB5237B2462FAA2F0A7D0F8E3D7F1E2F05B1FB40FC5853C76F20630719D8089F20863A0EE123890787AC2E100870BEB674C0A4B8F1FA1AE7B602B04E74620F2143E1A1F7BD20A4F6255446E7913771DE
T=$3

[27]
S=$6724AB2
W=$19324BA64043895601B40C0A099E44A90C5AB434060F7CF39E5DFDEB7FBA5C807F3D926D81E273BA996F5077708B6FBA50089B5CA5EDA453EF1BA655793FC772A062EED6B215DF8AD005CC1C8216D23B7CD7A15526AC850EC
J=-$26E6B9216226EB77B4104217ACDB58A2132C9FCCF248FF2635098365B8645166853722FA7DA2C136AB1700593466AA4ADB565D9678E04E56C4CB6ADB759530513377019773D96F8067F22AB709FED319B056259DC7BFFF7DB5551842FC6CEA3DCFF1B0776C348F67D55F0CB71BA98EDFB9C3A0411E12ED3CBB468631590128ECA8B71F761BFD2E1FFD69B1B16B3976650534E800487D9AEDB481B0C678D70EF7298D1352A8D6C5AE1E24EB32AC021DA
T=0

[28]
S=$60EE510
W=$3C117A233B086A8CF222C6F7A5FCB6EAFBA841EFA73A384B0F19F2370499EB3E0EEF47E1DC462253AD0A53A8D8B983EA3AE5E3A59A7A0818971A2D4C547DE863F0B146D7B392B5B39EDCDD7C64569A91F867FF33CE1C6
A=-$98
B=$2D2
T=0

[29]
S=$98E46
W=-$1F5AEA70AAC97DF1448FB48900D5DD462E9CF135D872B598F2C459D548D56372446ECE96ABCEE7217DFF0D4564B0A5843B0DF52C13D0F7495EC0C6DC0B50C1BE3A65816BAE85A6120FF69AC3D9EB3A79A9A8C1AC88
J=$E7F5EEE662E66AFE32094AFE92CDB41400CB03CBCA19E3B12F79DD4C816CF99FEBC8179DFC8CDF6A8D431DFC658F1FC4D718D7919CF4EABADA4BCE14DD04AB0AC7FC2C13F4E1D5283D6428ECE3287B01361E4512588D1603A89F252C15365B2399C11089986ED08364D4BB2C594E8C8D67818725E54B9D945DC2223DCC16A2F98B662F29B5A6ADA6CF1317CE773C62F200F8DCB7E54D5D501975D6A2C67E2B489FD1682973D14DBB17
T=0

[30]
S=$3D518D2
Q=$2

[31]
S=$1BF78517BDAA72
W=-$9A39D54DC5D735A83C205D78555099A3C4B40BF0A29B51FEB51B586CC1611E7DBB82C0D8F068D050E8ED6A8233E21DB047788DC6A6AF00F80A815072CDA0C375CBAE66B40909066D622E78C4063E3241E98E
J=-$561C575CD60DEE7A6E98335206E16F586CFAFF60F171D6FD4DCD26F3A2716F729C154A5C44BDDFEE55D3FE213DEE9842C17DA161B00806D711D7692E82441EC38FC131AD716137A30972894550EAC66A9666B8315286C7C8CFA6FA849C34F7384E3859D4C27DB1F5EDF0951FEB0212563A05665B6B8DE9DB84C63355ABCDC36159B8A39C30E1C67767F0182A1B1FF73D1038BA6DC1B5DC8A0F5A655C4403B81239558B4
T=0

[32]
S=$9D836
W=-$26B1BD043CC15C536609C698A8832F68EF4B84262092E110FB9EE97DBD53E5A0CC615F1804445D93788F3824B2FC05DBF22C429F9AF741F6AA3AB403DD29329AAD0168531A719C07D088CE459840A
A=-$1E
B=$38
T=$2

[33]
S=$39821D0514F9
W=$4F86614CE05FEC9D26AF18818494A3BB8AA60DBE6E15545DB2BF8F22CBF5E7F7BA7815F6DF0308F425B4B98A7AFDE090E4A9B3AA83D23811D421349596A3C15EE5016CB68BC6797EDC229D9FE2B
J=-$9D6959689A4B5BBFD50CF79CC68E28787B9FA18244D92B8F739416662C6B8BB6BB5AB04BB4848EBDD9FE7A83B2357F2C1CBB1BEDEF10CC138337C912AA5926F643BBD368809BC103FEA881653AD54B18FBDF91D009EF2D5E7B86063BA28DF2BC31C9815C8ABDAF90E7E216B6E0B09B415300025C5B51CCA75ABA1A69F856F16110681FAC1BC227A6BCEB83A1B1C1AC1B01535B86DBFA708FB3983
T=$4

[34]
S=$1046D5
W=-$11C0532087E4215C534F4EBE6761777FE92F7ECADD7379B6ABF4F61E8FAB7FD2AAD827D1AA9C2A8032642CDD94242D32579548AC9420627599B95E789EB203FECE1875C0C0071D04FBE5D7
J=-$2143A9084C98BD96B80A986EC6E096A1534EF3E3DFB68DB8A3D7BE066BEF866EDB8CFCDEC2F75A5EC5FAE8D7D53C35FC2360D05B0387A6C51E3FB08703524A179BE40DD2755DEED26DE9B790D43B1DE32E96DFD379A583A94FF9605FD4665B354078D325AA756D0B5C7E079EDA9AC5FA8708EDD5269AF5ED981737BFA2807729BB9CD7CCC8143E2DC1CFCDA648ECE558B3B50D1E9A
T=$2

[35]
S=$598D765
W=-$3DF334DB9C82E0E26E4BDDF720345A3DEA70754E2674A311AAE20F02B67EB4C7D0704A29B23C3D0C96CD4771394ED91553FC547DC8B78AA99A846975C1825029E54DC118DD934C91D63
J=$20D7790ED690118E25BCA25A3055D45C2570339EDE00A57E77D278DF659040CDE182B770CC91C0934566EB11610FF3488B0ED23FE06293FF0CE271A7AB596FBFB621E66A7122CC108568413F2254291BB631CA72AE8E48D17C1690A421506BF11C5CF2178F191021B91D7FBC8F171A793403219C7142C79D5294C174C511780C54AD040020EACABCFBFB765E8FA91BB2818EC
T=$2

[36]
S=$15EBFE4
W=-$25C3A6B3C229A917BA62A3A8D43769FC5DCDEF363BFC2BB24010DC7651C6D924342D551C8446FABAE7F7029C4EB4E5136BA8722A22E2F403575CF6CDE9985178B5A79A5A431A8218
J=$888BE125796475B758D0451F17C62742CA81295E16EA8E70A25DEE4069DE80A91268E80299560FFAB3BE385A74572FC12374CD9995750C7043C153FCC2F9717BE9EB58C84CEAC69D5CDEBFC4FD3CDDFC6479A29B34A36F4A96DEA23251865B49481C626CAF1F32E34C3CF5A1DF9BF074BC1947947E8F1A7EB0225822BC4FE83B7ACF6F6CB0698DA129DE9F26AF4224
T=0

[37]
S=$174CD4268
W=-$1F9E2A62E354D136D06741F472605DA3E71AF68CCFA3A0331CA81C692E35129F3474F1BA306B7A343B387CB843DE8B660C60C047D1E34395568D083300C3AC5593DB2BCBC3D4A
J=-$46A774B1EB799247647947474EC152BFF69F043F2B8B225CC9275ECB4517EF51B376CAE1E1E0E0CDBFA2623AD4FFE3375E48D299C881060E425235AC6249810D5DA1047CD110FF71E3041455ECFCED1F41DD5A63B5986D8A7762DB606FE687181544F704382B6A16D1734883DED5A3DC70241989117800F7E7F043521B281FD4E328D150D44AFDB53E6CB3AB
T=$1

[38]
S=$31EB67
W=-$C14B480112CC293D8C4894DB6A5B882E98902EC8A831FABD363AF690EE5E88D9A0A37536FF2E7AD5CD26C9D9C16DD99197AA12BD586527A2631AE3F33A93F46B7D65CFB3
J=$B9C51466BDC4A60E29CF8A72FEEB4EAC1FFD701FD2FFBBA17AB1D7DB09A2096DAB4DAB28E56F8BC28D42115874836C91882A4D50DBF6518AB5252C5C5A6946BB552D3539C3DBC0D78F0D1E1BE6491485BE26ED9CE2D2B97A2B66AFB2947BB08838B2DBB6B9B6344D3DD3CBD5586480AF045FA343172E81164F4946CEDF5D5EBE15A7D1FFEDE702E
T=$3

[39]
S=$2
B=$2

[40]
S=$D0ABC
W=$8D2310BB5848FB7C9572C02AFB0B577FF78D81A1CE731B06860E29BA745EA7F1DDC66EF16F5B92B6AF7ABF1E90AA86E80D3DCA6F3D2565F47D63F5EBBA42948B25A48
J=$E092AD4FF15C9B1B61D37B7C9C50BD4C4ADA721D69156B8031D34BA804BEB1533783EAECAB26183129F77B2CF59DC3B2119918D569764A6403C4350116153DF2C1433F52738E09190A6ADDAD2205FE949CF4FD11755F141738E92A50563F08B877640EA52AF4022C14326E8E221728831ACA551D96E2C07C9F2E524CED934B924706DA4569
T=0

[41]
S=$20359B0A096
W=$37014E3CB0998D6E76927218E2767634A6B3E9EC122231343A3D3DA8888ABFAB879CB3BE2C3524F0B3C5FAD745D973C0D5F5AB097FF1C0440FF5EED14EBACC27C12
J=$C9B53A1EB20EA08A71F5B17D563DD0E3F4D999687BAB04CC5BFBDDBBCF5DF1699F3D30A9B958E31521B26B9E22B28511461828A9F3BD8F5A05FD7602C53B090D6EDC241DF4CD62FF2D3AC569175363EDE943CF9D2C8D6A06FDB62E99E92DB0ECB0CAD26311F51713B6EF0964F3C6C22DFA2F7DE53AF2F0AEE5D0E0D704F77E5B3F433
T=0

[42]
S=$3CB21406C
W=-$6E8665314554086D716B173382C2E33506CBF662CE10403097DBE5E323161B55090A63409FEE3AB45EE6DFEA0741AA50C881354F61C077B0449297F2479858
A=0
B=$10
T=$2

[43]
S=$116DDEF9
W=-$3C51FE824845B78890517A09084CD26128179D7523F860488FCDF129D895FCBA82F75E49387A8A95142A7C1A749B3FD03170B9C1DB5B7A5D1A1D442FA1
J=$14DA7961DE88779087F16DCD97368B0E319AB9E4D774FAE3517B54747CD543697319F5F583FF2469720FA54A5F97F15BFED6FA037CA34EB27AF87E59BA69BBFDCAA14B379E2C5D93B939DC8AF6F87E1FC63DE7D547498B81BF963B5B2038E06BAD33EF29CE8DE08DFABF8C196B0840D1455B21E65A7C0AFDCB1
T=0

[44]
S=$1783D462
W=-$94E46D6EB1750F8410E4D673B258F11F146DA83ADA38F4B472DEB864250EA7BEE47C0EDD9D7194704CC375E2B4057A4D99B198486A7F98238B69E8
J=$264EC10DBDAFFFC4A92098766EB48DA50F35FE2EB0806E2FD82D8CC3E693D022634C273440BD97284B592BDFCA8A6BA18A63A0783FF786ADACEDC6C94A1B7E6444784F5361221ABD53BCDE48A09345E9B1BDF5A6BF54740FD9FDFB929E97D18337192C2C199A8581ECD3458F99256E40FDF14EE70E5
T=0

[45]
S=$1B0
W=-$108BFF3CA55D4E2C136E171BFFFA63A18F410F7BDA0AF56D80B1740B0A8F10C6DB4569A5B56BD870A6856E0D188B585156B005DE63B29C6AAF8
J=-$50E85A0FA6585BC993DEC384B261F9A7D6B0B808B7E4EFF0AFC3895D8E60A1E0CB0BA9723CB7C2A9C0FEC7620BB1DD7E7747A6755FD3370D94E1179D20013FC940B9B62F6F4AA311E57A35592500581A973EF74D09E04FFFAC1B1B2CA05BD8DF2985F0A0E95EFA00B91ACAF4E9D35B024349
T=$1

[46]
S=$129174850
W=$28AE3599A4C601336D11CA97FDC89236CA2611B6F52570D475F49B92B61CC670B2EE1F217FC76C66FFE6B3C5E392D0EE1B4262CB0D309258A6
J=$989E89112B27D9E6D906F01C4E135CB75CA9304154223A11DCEC587B41BBB06ACB41796DD8ED9C3CD7E01D40EE55C78042C43E7EC922175F60CAA9B17C97BFCD524CF5534E7AD9418102CDA5689181908A1FB5FA75CC7632E3DA47EF78E0CF13CE431E94FD5E4C4A86331DAFAA85A79089
T=0

[47]
S=$8A8F81D4
W=$222707DF02F7148AEBCB1572767E03D727BE98C5086EEE4A586B643145CE5ED3D20BF5C203FFEEFFBA961D4EE1521B21A582FDE372CCCC
J=-$146910E2F81E55BA6234C15A668BEB97802AEBF0334BC943D4303009AECC680D3FCEC4B44FFD68278D5B60467AC6021F89563F3576EF77B51EBECFFABD84EE2CC76F1628958B6FF11B22087474F248778240209F81AC69ED6BACA3E62B7A4445175B18C1035A7E6B3E297B2CB9
T=0

[48]
S=$1FDE8B13B6A03
W=-$3246372BCD05C24B07D3996577832E3E03E25F85C0B5E9B7D49A49E31F17AD1CF3206A8360BAD532BE6462CB1A0AAA1D7D39D1AC1D
J=$86ADACA5301DD1F3BBAF20F10C305977D210BB77C411B5CC04CBDA142F6D3AAD3409EAD4A1525FC018091E01C357F36F421E06A664C9BCE4ABAAEF499B03950912051BC57147E03C866EEC9D3D8D77D7AFD5D1C7AEDFBDC13933036F2D6DACE40213338EF5FD62217C
T=0

[49]
S=$C49684
W=$1F11F6D56928058F4A5F7195FD97848DA88CBC83B89736175D5F47EB425702978FF530A969E6FE330FF123C1A87C55A473FA
J=-$9B09392EDD8ACF4BCED52057101FAD2DF689394D1C05074392E890CB12197474BEFA1EFD55E69A6FD0D29D5CA939425A6F11E761E52D616FA0F3D7CA6710A736626A13529FBBD3400F56B49FEB60E3C79655728E8B8A880CC1AB6F65A1E03F12FF0DDC
T=$2

[50]
S=$664458F6DD0
B=$2

[51]
S=$635F1CFA20EB400
W=$10E1AFAC037802E3BA7A761C28EDF4235156AAC59EB9C511B7FB4CCB16CD973EF65ADB958317A81DD5EB3DD7CBC2
J=-$1D157081725B7C7E6E97E386722379702172F485D49ACFF691ADECC930F618A530AF1286566C1AF4F362CE0D66E0BF26BB88F005B4DF8B10A4BF7B442F4203B51D528FBF1AA3E6D7856AFB48107621144874E3FEA566058BB34E5D
T=0

[52]
S=$94FEE8B1
W=$69CD66248D1D9A709C0A99EBA811DDD74DE050C0C7C5DF6E75828E36816043EEFA685E8D7636D6824E5B
J=$49FAC161F29923A813825B316C49508822CAD395DDC753DFC54CBF67D999322D42B05B607D414950BEF4DD84120AA9B3835EE7D856E30E5B68904666398FE57E974C91F310F21090D65429BC4A0B1041922EF7C
T=$2

[53]
S=$1FD19A86
B=$2

[54]
S=$3F518F7B
W=-$152F95F6975479DEF4C29A1A4457281F802B69EC83C219C41141CA3666FE19219B3095BDEE595
J=$2D3E6A202C0B20FD1FC3810922E8859246171F1270D654F1E4542745E6DE3A7F5AF099D62B0CD968989E6B04335284FA46639F15BB2D47E390593336FF1DAAF3C84A90C01C7704F5B566C7B6
T=$1

[55]
S=$C91881C8
W=$1E4E85CC7CB1F0ACD7304EE3A5A736F1B49A4EFF38B43CA9200A74442B9A7C6273BBB086C
J=$CEA8C504E1D3BF7B67D2784899A97B627CBD53533EDF74B01207B86E33BE17D2B2B09F3C4CD3F84EABF1D7FD4C7CD4058124E1FBA89B524D070C14EEB3C1A7A5B41FC7DE0F52B08C
T=0

[56]
S=$A2815
W=-$37E32685993300F4EB34378342CD15D4BAEB3984E23B16D56D73F947CA15FF6E159C7
J=-$16D8353D4DE7E665E088920ACC2682C33D12E5A8EEC7F9E671E58BDF84C9C522532BD5EE86616AD0F503BDACEBCCA984134D3D4E9E35483EA233CF89257C03FF9F66CB2A8
T=$1

[57]
S=$32BBCA
W=$35DF348306B1A7F7F62290B4DA6A3555446E797FAFDD21678C9F3A3ED71C5970D0
J=$23F97616E6A1580B9C0B78DEEF6A5272E35D6D94B5C1F3C46F8C315F2BE15774DD072EB46CAA216A294771D163D6C97747D9B1566C718ABCA9AD88F34154A7260448
T=0

[58]
S=$1237300
W=$1EA33586B22B35D44291908494BB069AFA3EEBAD0EE1F55CE90F69F8CB492CE2
A=0
B=$D
T=$3

[59]
S=$9725C
W=$19657D6A3989FD5A3BAACFC77F8A7B48C0827B4440ED46C2748326FF8E314
J=-$65B13ECB1D3293243824062536736752655BD76A5EF5579A95CD2DB1090FA50119C1979DA1022A39CEDF0C7A3CDEDDB339411EFC61B18962A9ADCE3B
T=$3

[60]
S=$E3D50
W=$A2FA8C244BFFF043CE0B74A8F8C0F0729018375695328C831F016474FA
J=-$7109B6D7288873F12CE737363660108A56D97BDC8693FECC285E86ABCB6FB4077BE8883CCD2D84387790E3587CEB82FC0D07DBDD9D45CF81FF
T=0

[61]
S=$1A9D080000
W=$1881D97FB76EA4D792BF5B5BB9D691E574838823F6C6AAF11F2F0A7A
A=-$23
B=$62
T=$3

[62]
S=$31CCA6
W=$3A2D9BC50A14386DB5DE7019144523808DC38D09B1BEDE3D7E4
J=$8F5E84D07D4D1BD0A58C33A45D48B16457C90EC066C718F2E3CBA5D3039579F7DDD1B4714960780F742A72E9B70A9ACEA2F48
T=0

[63]
S=$247C8
Q=$5

[64]
S=$18AF355
W=$3A27259E2963E57A3D1D6F06C46C1632FCC7829553AAE5
J=-$115A1BD64CC6D220B7C340A2C7639F4D67FB9331A61270919033E935A37304EE9FEB0ECB33E17AFF1B2713AAEB1D
T=0

[65]
S=$26242
W=$7D90DAB40F1E933C47F49EBA2E294A144CF2FDD989E
J=-$1F0F95380BDDC798C90D13EEB4504F78F81AB8DE85DB69379437077E3031D2B2A2739185C22FE88834104
T=0

[66]
S=$1802C
W=-$6C59D1572D47516C8F561B0C762AFF7F64CFC5F5E
J=-$1949B2443D379975F2628FCE479F1ECCFD776BC7409550D5B453DB5CCC0E30E69E437ADFAED8CB563
T=0

[67]
S=$E7D0
W=-$5415902A72386E8C392CE33D2D07ACC341F9116
J=$16C66DEC5D7653A65E085BD2745579D2718358E15FE247F8C4671767F4A92CDE475DCCD9FCB1A
T=$1

[68]
S=$1562F
W=-$675928D8E16E0A0DFA3D11AFBAF59579856F
J=$5353DEBD284ABFA4E073C441770CD4AE44FA8843B741AE93EB8A397D335318919A871EB1A
T=$1

[69]
S=$3A834
B=$2

[70]
S=$10CB7917B5D64
B=$2

[71]
S=$D8A36C
W=$2FEF27F2EFB8401E9ECF1E3E728
A=-$D70
B=$12F5A
T=0

[72]
S=$1203370
W=-$1F2C53FA4C2D1E96EE0624E6
J=$13026FD489730D3511B5DEC7C57CC22DCE532A6B036FCA8
T=0

[73]
S=$528A62
W=$2A6DB00BE46EFA8D2EE7E
J=$1217F60B7FF6B008AE3FE6F101447538872AE7D3D
T=$3

[74]
S=$402
B=$2

[75]
S=$35F99A
W=-$2A8512A6A91CE88DE
J=$344BD363211DA3460F85C132861EE6FA
T=$3

[76]
S=$856F48
W=$4727DDF6CB56FE
A=-$1
B=0
T=$2

[77]
S=$6
Q=$2

[78]
S=$E4E5CC6F5E
Q=$6

[Signature]
1=$3EF7A140DE82EC8B288D9FA5C469487A5EFE2E06565E8CFC
2=$3043CCE99FF7A1F5E85697F497CB8D3DB1E46218D97E4064

