[PRIMO - Primality Certificate]
Version=4.3.3 - LX64
WebSite=https://www.ellipsa.eu/
Format=4
ID=B4A2C04B8F314
Created=Sep-25-2026 10:00:29 PM
TestCount=11
Status=Candidate certified prime

[Comments]
Candidate generated for 13^78 - 2

[Running Times (Wall-Clock)]
1stPhase=0.20s
2ndPhase=0.04s
Total=0.24s

[Running Times (Processes)]
1stPhase=0.30s
2ndPhase=0.07s
Total=0.37s

[Candidate]
File=/home/jrbartlow/Downloads/13^78-2.in
N=$18D5BD1D625539F0652ACCC0FF523786C01557ED7E859A61BBA36EFDDD707AB5B7C1E56D7
HexadecimalSize=73
DecimalSize=87
BinarySize=289

[1]
S=$4
W=-$14AAAD7071186698CB022E1638092849E46F4
A=-$7328
B=$1DBA42
T=$5

[2]
S=$1752F4
W=$DED30F803CA9A2C1311B1BCD78AF5E2FF9B0
A=0
B=$5
T=$1

[3]
S=$2887DDF
W=$254E2BF2AA1FF34DC598C1EC03B75AC967
A=0
B=$4
T=$1

[4]
S=$7D2A92E40C
W=$12B4A476A59C3E495FDE3B4D963FB0E
J=$321E5778A7A301FB9321B108CE0312FBD89C513251954060525AC83A2320
T=$1

[5]
S=$460C087
W=$2B1E9ECF1AB3E6DA4474AECEA1
J=-$1980D4B6951C0E793ED8150C10EE4D892A1DCDCE6477669699
T=$8

[6]
S=$2
Q=$B

[7]
S=$3F851
W=$2F3C98ECB7F4435467E137
A=-$108
B=$69E
T=$2

[8]
S=$2B07E
W=-$9D275C8C80A4C3A628DE
J=$842C058FF5238AB588B878B983F453DFD984DC
T=0

[9]
S=$436EAA90
B=$2

[10]
S=$18
Q=$5

[11]
S=$C8ADD0FD3EE
B=$2

[Signature]
1=$63C1E23213B0B18D99DB91D1CB5D25DBB3DB8BCF63504089
2=$7620A3BBBF12104C1D50ED35CA99B39D94179B942F5BB101

