[PRIMO - Primality Certificate]
Version=4.3.3 - LX64
WebSite=https://www.ellipsa.eu/
Format=4
ID=B4A0B0314EFD8
Created=Aug-23-2026 02:21:43 PM
TestCount=8
Status=Candidate certified prime

[Comments]
Candidate generated for 7^84 - 2

[Running Times (Wall-Clock)]
1stPhase=0.05s
2ndPhase=0.02s
Total=0.07s

[Running Times (Processes)]
1stPhase=0.05s
2ndPhase=0.03s
Total=0.08s

[Candidate]
File=/home/justin-bartlow/prime_search/84.in
N=$E1A136DFD2538EA78A929D9A4C7CD9E77082ABE645375F8D3BA4D64CCDF
HexadecimalSize=59
DecimalSize=71
BinarySize=236

[1]
S=$14CA0831
W=-$21EC62FD621B9420089147C26C52F3
A=-$108
B=$69E
T=0

[2]
S=$ADC38
W=$1684A8897EB380C8FB095C0E0DC
A=-$23
B=$62
T=$1

[3]
S=$27096
B=$2

[4]
S=$1FAB1D5A
B=$2

[5]
S=$6F9C
Q=$5

[6]
S=$135D47
W=$12114ACECEA104891
J=-$39903DED3BFD76A48145DD4A9D08B556
T=0

[7]
S=$9674175E
Q=$2

[8]
S=$19FA4
B=$2

[Signature]
1=$54AE7BA85236238033FE8D708AB751F96BD30D12760692E5
2=$075E7D61590E551BCA3424467D76C1F41C7774CB7A25624A

