[PRIMO - Primality Certificate]
Version=4.3.3 - LX64
WebSite=https://www.ellipsa.eu/
Format=4
ID=B4A300239BEF8
Created=Sep-29-2026 10:22:19 AM
TestCount=9
Status=Candidate certified prime

[Comments]
Candidate generated for 15^51 - 2

[Running Times (Wall-Clock)]
1stPhase=0.16s
2ndPhase=0.12s
Total=0.28s

[Running Times (Processes)]
1stPhase=0.16s
2ndPhase=0.12s
Total=0.28s

[Candidate]
File=/home/jrbartlow/prime_search/15^51-2.in
N=$985E529E409251DC049466C30CCF67E46155F0C90A0124982D
HexadecimalSize=50
DecimalSize=60
BinarySize=200

[1]
S=$3
W=-$112D24A8DABA8D671DD7E0E3F3
A=0
B=$E
T=$2

[2]
S=$D8E8
W=$D6D7B75773479E07E873B3D34
A=-$23
B=$62
T=$1

[3]
S=$BFAE2C
W=$7BE6F840BFE022A324F6E54
A=-$7328
B=$1DBA42
T=$1

[4]
S=$A2036
W=-$87239E090BDE1FC44FAE
A=-$1E
B=$38
T=0

[5]
S=$2A
B=$2

[6]
S=$7F91A
Q=$6

[7]
S=$1876BD644
B=$2

[8]
S=$38C00
Q=$3

[9]
S=$27458EA
Q=$B

[Signature]
1=$6240E61FE7EF23C7729FFB4AA6C18B50B0BB1CE2B6B58C9E
2=$20E89A90AE7C6D60DC277B7946B8B90969196208B42888DF

