[PRIMO - Primality Certificate]
Version=4.3.3 - LX64
WebSite=https://www.ellipsa.eu/
Format=4
ID=B4A2F03459C6C
Created=Sep-28-2026 03:14:54 PM
TestCount=29
Status=Candidate certified prime

[Comments]
Candidate generated for 17^184 - 2

[Running Times (Wall-Clock)]
1stPhase=0.54s
2ndPhase=0.06s
Total=0.60s

[Running Times (Processes)]
1stPhase=0.82s
2ndPhase=0.13s
Total=0.95s

[Candidate]
File=/home/justin-bartlow/prime_search/17^184-2.in
N=$11113A74B27857DDB383F12416266C917B011EFD9623AA9F269C7C25192E3F17EE933DBE996523B553C93951F8847E9772B43CC475B8A36FA7377EC309C02FE722383A80575B795BBB0C2C665503D7262E1628B3269224D69D86461B84F7F
HexadecimalSize=189
DecimalSize=227
BinarySize=753

[1]
S=$44350
W=$1374BFA21F888ED39BF33AC69EDB0E2D6914F24BFEF40D253974D5C8C4E3E07602FC05CB10C2A416AA4A817C2641DB0
J=$4EDC428FD360B5B0887F98D1620AA2FDEEE53D2EA2639B7870019C854AF734725A213FC4EE1C3709FC1414E0B0136DA7A589389C92256689495288A511297004BF9E56C82F9E1E1AF95E9C3055ED8DBC8A9B12D2D58D603B655736CF37F6
T=0

[2]
S=$242010
W=-$10015CE8741FE268FF347B3CC4918C832A4FE545C8E26958666DDABD54405549C4421031AA5DA20638B2425AD5C86
A=-$D70
B=$12F5A
T=0

[3]
S=$288708
W=-$12868F956630789F14EC07A1C36E75E279A715A063C273003DBE3FA8AF389DA4F487AE40C571AA3A06877B2D5A
A=-$1
B=0
T=$4

[4]
S=$1E4D602
W=-$642B28C2287E533C916B150EE6A70976725BA6DDF5AB9FC4B4EE4DA323FA001C3339BD47431F8A6D7CED334
A=-$599B91EF0714C2DBE5587079E08E45BF7047AA1210F74D130386E6F6E45E810641721735CF9B9BF628174F5ED6AADB0D7337A41396AF3FD590591B312C2AEA285361AA3B9A2530956B7D062619340D5ABEDFA7444AAF2
B=0
T=$1

[5]
S=$27D871
W=-$49B314B0B035A81FAD56F2E55A8ABABDAFDDA028198501FCF541883623E731195406BF499385A3FBC481
J=$2E75ED5CB86E73B17AF524C1E92A070055BDE5F9B1EE82BC562C22E164C8DAC61C8D37890FE4C82BBE361FC038C186E22EFC640EF18B1DB1CCD3663B2817D5498E1DF6B7A14F56E157322D60556589F11514D95
T=0

[6]
S=$14C670397
W=-$9C38852751C9C26E36DAC98CDF4DEB1132856A54A124B5A325FF4353D84FBFF466B525A63C0048B4D
J=-$748FCA5CBD3ED13302289F401A24B739B9441F9740685F936EDB49B606C81AB6B3DF562872FF59325CFB2625B8DC338B6BA39570A3AFCD6CA7E357A1D450869255C8F8AECE33EA407AA7D602B55A14EE7
T=$2

[7]
S=$2F0F88
W=$A558FF18F493884AE408176101AEBCFF9176ABECCFAAD5CF89D416145807F74BB6CC0E0B13074
J=-$886B20EF998ADC860CB2FB63D6F7AF2F065F47B4AE0E0F38B26A72A6043917898DF2391DC17A2B6AF989ABBCAED7F93D0EC90E8CAF2D321ED2455B710CC61B6BE5BBCA807BBCAA1D23AA10D1
T=0

[8]
S=$BBEA00
W=$18B73A376744CFB894B8192E0B9AECC8F24848036ADCA4060A1E60CB37046404725865BC04A
A=-$23
B=$62
T=$3

[9]
S=$A1BAA85C8188
W=$1D7363113ADC3F87BC43BD138A0CB8F6C238AC0B8F6492B5CE784F8BB624CC13EAA74402
J=-$2C87AF13FE103D116711BB2FC58E235EC2DB66443E94EC784C6F14C3F77D4720A4534FD602FB4E7387746311E91EFAFE8C1B8F227E0C23C210C8A1D60100909BA4C8453FDAA458
T=0

[10]
S=$1032
Q=$7

[11]
S=$94CD5D8
W=-$5CD118F572050F24B0ADD34154C46937A69DB9AEDC1724B8CD38C9072E8C8A96
J=$A8DE37FD2E4EA076B7ADE2CF36270EAA0E922D25C5E10C1A54106033CABA4E0E64BD612C9B95027A4A3C9E172FC1285C6F837E7653C79BD4C0BD13F147EAAF4
T=$1

[12]
S=$10C0752
W=$25FF4B993650A3506FE555607CC5CB0A7961A92636A0D4F6823AF2A20D3BA
J=$95220226E8B8520E6431D3E858925D5C377BC09D52F759086B693CDC34E1E04102EF07A76ED7201223ACABDA97A0B44EBF6596F9E3CCD97878B24CBC
T=0

[13]
S=$18A2A
W=$C7D230998CBA697FB4780118D5BEE8DD6F8815B6B3F33D638FEF7DA52
J=$EC89B2F7DA2C471DA5EDA8C50EFCFEFE6CDECF7D53ED6D431F9FCDC5C5CB43DE6CCB96BCABAC5F7051A534E388DB1004DBB3E3B0D23ABC4D35
T=$2

[14]
S=$1FF2C184AE1
W=-$10675A44B6E1A455801CAB24E4C7A2A2FAEA918B52FA8346EF35CB83
J=-$1AFC667BEEA63800B9481624F6BBA622EE820A142F3C5C47D55D607F70FB51910C9B33677947B5B8A1921E1F384F85519A11E4DECA8BD5
T=$1

[15]
S=$309E271E
W=$636D27A3E8C993A6168BB8B3FEE3688B0B2E676369700B6B7E
J=$2AFFC9405DB87448897324E50A59F246B3D14DB8FA1AF97A44E73F4DDF6A9BBC65B2D8AC97D850E5FA1720725B2A934E2AE3
T=$3

[16]
S=$1F150D4
W=-$34D9FA4359952E632E8A3EE945274D093BC1069AA889672
J=-$729894F7070F870AFE1266101AB8941B8C6F516B94B80205B7AB28C0FBAE0EF152F92350BE5B12122148A79E03F6
T=$2

[17]
S=$16AB8E79
W=$D55AC63E7A1137E2477915E5CF8A6F3489FAC0A807
A=-$7328
B=$1DBA42
T=0

[18]
S=$F06F
W=$8B219060AF18030E082820462C1317B270577683
J=$9DFD35BB16EDC8E6C0243816EF60571067D8379E8BF5C513A458B85E14FFFF8E8B7DA3DCA883682
T=0

[19]
S=$14E6EE
W=$28E382AD7BD1457DB0225F70173AAD83A558E2
J=-$3704498CF0EBF505EA49BB9EE26D8FA7B572A0A339EE53CFD97F80F87F84B0D82539310C02F
T=$3

[20]
S=$471337
W=$215527A047D88DB1A625EB722767BCDD0645
J=-$5C8281FD31DF78285506944E7BCA5D3BD68AE37EB4166E727E94E80AF78A95064364E1
T=$7

[21]
S=$38DB2
W=-$265EFAB55562714E3C80B8DEF91883D24
A=-$1FCF8CC7C39CD4D31BD4A3F8DBD07E57E15A983759E93313FDD9AA155E124BDE6
B=0
T=$1

[22]
S=$70DA1
W=$1E4CA1F823AF05CC99E3DA5A7115375
A=0
B=$7
T=$1

[23]
S=$F519E4BD
W=-$C4E661139DBA99311F5F782CD9ED
A=0
B=$10
T=$3

[24]
S=$19128C8
Q=$3

[25]
S=$77E4BE
B=$2

[26]
S=$1020C
Q=$8

[27]
S=$31DC4
W=$14F7D4FE934EC544
A=0
B=$10
T=$6

[28]
S=$34FB74
Q=$5

[29]
S=$902AF0FF0
B=$2

[Signature]
1=$96A830DDE0E826F1DCC57D5E45E085E0CE51AE8EEC25C8FD
2=$36C8F46E5EE7066AA51F609C341C55E0D97795A1F06DA567

