[PRIMO - Primality Certificate]
Version=4.3.3 - LX64
WebSite=https://www.ellipsa.eu/
Format=4
ID=B4A2C04B9CFC8
Created=Sep-25-2026 10:01:26 PM
TestCount=15
Status=Candidate certified prime

[Comments]
Candidate generated for 13^90 - 2

[Running Times (Wall-Clock)]
1stPhase=0.21s
2ndPhase=0.06s
Total=0.27s

[Running Times (Processes)]
1stPhase=0.32s
2ndPhase=0.10s
Total=0.42s

[Candidate]
File=/home/jrbartlow/Downloads/13^90-2.in
N=$20E3D3596021E7309D7245AD2A70F2EEA6CC9B12F5911F14EA5EFF3A2921369DC64F00A5046FDDF5D507
HexadecimalSize=84
DecimalSize=101
BinarySize=334

[1]
S=$86A57
W=-$9862F26AA25A256832328FE00F893C72E145DB2947
J=-$767A29A108FBBDF28EDAEA99202A845392D62715292EF742E1984BCE48E478EE067ECF11704CB461811
T=0

[2]
S=$2
Q=$A

[3]
S=$2AAA1
W=$1754CA9A98C600B1844143DF77586DD931B416ED
J=-$64BD0D3805FE72D3722AA48AD04356D5B9E26285B880ECF76C6907C97217613565CA23A3AA6BB
T=$3

[4]
S=$E092
W=-$82E0B8F5D29A6EB8BD0A39D2D8F0824974B48
A=$39AE86E2F6E8CA32162925E3FB5EE18AA1409646CA8F4F7778F5C4A29EB5DAB3C84F166563
B=0
T=$1

[5]
S=$2CB98
B=$2

[6]
S=$14F79F
W=$17D6372FDA8D9E88E8E1F72861FDE2FAB
A=0
B=$10
T=$1

[7]
S=$2D723
W=$22B998275271E688BDEF9D3B67CFA05
A=0
B=$10
T=$3

[8]
S=$282544
W=$2029858FD06BD08B3AFC38C0F2266
J=$33F0C63B74AE506C73F883F05F58AF91EF8734CE75658CC952E5F579
T=0

[9]
S=$35D67
W=-$58B410522C5FDFD32EE2DD0145
A=0
B=$6
T=$2

[10]
S=$AFA3DC
B=$2

[11]
S=$1FF4AC66
B=$2

[12]
S=$1FFA
B=$2

[13]
S=$201782028A
B=$2

[14]
S=$1159E
B=$2

[15]
S=$424748
B=$2

[Signature]
1=$9C0AF050CC007AC1CE23C35124BDD1218B30872C3E50B85A
2=$408C7F7B5465F40E28B222A5074A4E28F21AA468F20D6F3D

