[PRIMO - Primality Certificate]
Version=4.3.3 - LX64
WebSite=https://www.ellipsa.eu/
Format=4
ID=B4A3001E15BF1
Created=Sep-29-2026 08:45:57 AM
TestCount=123
Status=Candidate certified prime

[Comments]
Candidate generated for 21^828 - 2

[Running Times (Wall-Clock)]
1stPhase=140s
2ndPhase=39.38s
Total=179s

[Running Times (Processes)]
1stPhase=358s
2ndPhase=113s
Total=470s

[Candidate]
File=/home/jrbartlow/prime_search/21^828-2.in
N=$1C9E14E5B0684B8E1AAE779C0F8067A1B34801631D1196A7D1E61B8D25C8F3E2B687414F57FBAB0516FD3401214AB5AA6C75879F8DA8404EC54409497968A569D99F4159853D3E9C1919B3C24D31A63D112B978CECA7141BD527B097360358E7E0CC05D67C868FFEAF555F12D1BE034F48A48246A17CF4D33C628CA72A9988E1E5E19964073A9BAA497FE4201F32B67E830104C71F54E91640603AC24DF1D6B81157A63E7C8FB5D045310D0C7FE126810E57E0636CD0B8DE3BC2CFB9240A27F947A6641A8E42C748F415DAD8F77BCD54B5C0B720573ABA2E3E7C64B4BF6AF305513FEBAD2246E6807CA1052946CB82CAEE5415F23970CBD3733CA20B059BF9E53FB089D8F8D61A7D266D40861A0B7747813EA44C1989D119808B272D6477C42FBD82BA0DEDFDBF587F63A3659E0C72C91CB53F358D0ADF3109966E903D1C4DAD3A6CBCC0C74BA564D293ED6E4C780A8BF7A9A92F677305B97B06DDD1F429AD665838D29F72D78AE631812EB9BBCF55A79E92C9ECA54F8E72762F5F184470FC9A28A41497059A63A2DB3C41D6D6B3336B1B1D9C0A4DD5C89F28F271E3948855EBD330010BEE1F0E06F6BEEC289C3CE4517403737B7C7FAC32B8820E95914BCD63633B4A7951B84F
HexadecimalSize=910
DecimalSize=1095
BinarySize=3637

[1]
S=$20F6
W=$993075D50F5940DFFF84CF47A0BF88A128C6231DF3CB9BA280E181E60B2530AA3E3A1F3C5360B23BEC0786545703C0F7E092D5880D0E7EAB983965B623E3D23C6F4C5F5DF2C74E6B8735C58B4CA8290BF45CEA5060B2E356AD95989D0F96AC67D70FEEC83565BD4730CA03F429FE8E3796F8C1CF157F472D2C7BA6FC27442188C7A9586B4DED7FFF3F1A8D5242DD691C73BBB8D413954536C675BAEB248A5288FAB761AFC73FC110DDB1A6979D63461115F0F27D5BCA4258C3BC8FAAFAD172DFE019A59B0BB92E621BDABA1D7CBD7EC0D1F05763E6BAEAD38F7FBBD10B2046711B87B2E
J=$CDA7D2EDE92B44DD02D1857EA3EA068C8DFD7F997C5BFB5CAF0365598DD1C638CBC6591A8662CE190236F8CFA96A8B722379EC9AB32CBCFEFD6418836F704786BC96F371C114A336660E734D3ABB94B4310E2332EC9000310BE6FD74D1081C5FE7061EE3F371121B92012BC2D96E5B577D876BD6B5DD5A2BB76EF011A89A63A721AD9FFBDE25D239118E5616ACA1B4008894C1A02E3A207934F5ED700073D93DC176FF547D843A83C52AC35718B22453FC2934536F47BD78638A9D9BC9867DD5D1783F90C4A4D224E5BA2F60E9A4C1718958E84EF24BDAEA4E7BD68DB6E02BDC65748C23C247B8A43D38740E345CF97101BC28D07D97E885692D4A12531FB81ED0BB5A5777D3E9577FBF66811F65972DF9A9D95348D7E44834300B5B43795C968647419D196B24C05C7F21A66722CECA8E388169A723F965AD22FFCEABC6EA362730B29884EE12F337D93826C40DA581724BF65EAB1BD904C984735E39FAAAE5AA49C12CBD86630A7D7C7445BF31BDF4126E03DC488BE32B2BD77A8A02D69DC1D48A79833174DB9548B579630990019BEF3A6540118414E6E1BB99A106404385757AF73FAA681A014C512F4E14E40387854EF6146EC681E2574A7B2F7B9C2B7CE6378204A405
T=$2

[2]
S=$2BFDC8C4664
W=$E76C604CC811DB2B9C2DF044C59FD223A14A37050CD3739AED1717F5B1D8E5994FEDA3AF66272213A28E4F01EA7DD0BA0ED914B57DE24ACB8F6FD920046B2627BCDFCC87975A2050F06FCEF899FD583AFD24BA32B961179CBCB82A078E8F4A544C3B22E51FF694A0A85016F0F69A32BBE846CD0358EF05D0DDB88C9839CF1B1FB79AE402688CB946E484B4BA2E9616FB0F3AE05D7A317B1556DEACBE4F5C0738FB1DBF3604AB3F9B6E1E0E955B5C747658B86E04820DA3E98238F6FE0E3996CCEFAADD5B3AA07E8775F87B26D291CE3F85C8A8FEB09BB5180E1C73BE1D3DF1A3250B8
J=-$50303B2B758F5E2BA4FB08E32A23C371B4BDE95339F505375EEA9B64B6D3ACA82546F2B3F20EC76467A7BA7D27629B8AC54AD698F9404B65A32990BD68A63D0590CE85BBD5F71AE04B3634844B95E7CD6187486E4E1EBE0E22292ACBAF185ADB7B36AC56E1165CEA7D13BB58FF46CC4962D4A40BA6BD744A9E8EC1A838E7BCB7F9DF9A56CEEE1175E4D93DB4A0C3BAF30C0A2F99A0559BE22CD79578ECB4D41A6FA9A42B8C411B7C462B84B1B3B84B9B6FFE550B64B3BF3B49AB16EC29E021E9066DF23EAA7F766660F677008FCDADBF44124EA122549ED01728BD607397EF3D8ED14C02E572718ABB72ADA63D42C09700B424D652E2A822E86806CF558618BCDF4933FB7802AE06F2D57F2FA76F7C97A68F8F13C9AB907E3951DB1969E45ADB3BEA703C82E6D07F1854093486E082B488896736E7EEC4551F5C401DD566D8601876C82A9B333E30298DE33D6025F9EE775ACE9F46AE88CD0DA25FEF6F0B94172C5F8B5DE718D007AE04A32FB6C8173E3DD4EDE138A1D3AB1208E8DF179381A1D28DF225048D4D77B6F52C87E9D0BA588746F4D3EF42C1E2F1A34CB1BE9B1CB5F330D45D7F5D65DA6AB8C2E3AED322082A46C5343A32645DCF47E22CADA8B577C73DDF8AD8
T=0

[3]
S=$254F14F0
W=$986B579750571034524B90D15E4C9CC5A4AFF986B6E68709E999FAAF0C14B0F760E5C55794D1250DE3D6DFFC493F0908142AD1D540C2FED4F15CE70E44D009CC2A7B93C0201CD3DF18C4F298047F0817BD0B75CF8E6EA2479A55667360245F6B1416821EFCD0A127AF9AD2A9D7EE003CD6564EF18AA36BBE1CA8DA8BACEA94FE2A312DB8B3811B6025A9946AB26B9D3518CC6F21DA0ADC7DBEC85BA968B2F5F8E22B3B735D6B5B6898276355EF2424071845A44D2FE8065FD83F07692975D0E642DE109CA21860C00B3A670D90345F22D239048C84F9790797A7F06C765A2FB4
J=-$14859F532BCB56E85EF41DAC492F5E207CF137FD44BC86C742A5A09D98C27538CC43927065F8F8C8FBD10D65D205CDAD749969BB69F0364983D927F8CAAD5D4313CCD2AFE43FDC3C414CFCAFAD4EABCFCA5C235352A219E197AAEB6CB9E0098E6A99555B964F49C19F0FF2446F7797D5578A14BA75E7E2733D3C647FF197E4D1CB04FE51443F4ACDC942F7B47FD505EC5DAFD0FD2DD188B2D163B432207ED9EFB151A80B660E3BE515A4823F55FD45F9FAC983E93EB62A1A13DA0EE4C6BF961CF239EB5820D4918E8B731F0A4C357FEC9225DEFBD10B89ABAC8BD18184F24F74E0176C2E4F46F90D77E91BBD2F3F6FCFCA7946B3E619A1FA821AD9D9F9B57980D8A8DEF07A47D9067F9807F4EA6515E53C04B7A12F459074C8F3310FE41DB3AD666845261E47702D4055713FF98430CBD190BB1DE050B1A7B0EB79F3A2542D233C71CFB1CC8C8C5533C126BF8931E6F8C0CDDEE98D58AF05B14FAB6E68AAF589AC853920F3A35ECAA5809D3E0E66A431F8AEB28A327EFEE20629C126DB57AC4076CC41AE33FDD0A1DE356CC0D345535557092CCF5E232B1ED2018917B5A99B9ACB860800C7426F4413173A33F2842DF794ADF72F50D5C3352B0120F990E37382
T=$2

[4]
S=$B7B5E2F4AD5D2C61
W=-$2EC5063292E3D093C542DEFE6A1FA4EC7486232BBB7C3F228322B7805E466A3D46A5390D80C0CAEAFC0E0DE12C3C173D54CAB823720DCA5EFD59C20261C28EEB8978FFEE49F4DD11AD737A032E502A579488B964A701FC92A007E36F1D8247B16C789A6C28BA8C04C22DFBC7496E192E790962254EF30DE7F78CB531F8BEBF25DA6F2ADC1A0ECB23172685B034DC4ECAD5FF21AA53BD964ACB73E850D48944B121E09BDA624B104EEF6FD6E1A1F4D78FADF43EB780CE971628D140E24766CF20F61C58B8EB41F1E34CC0C4E5D794903E6185BB720728E4054777F0482A1DB
J=$682A2D0165596658E6FADFE36ED03A08316441D7EED2F712B23ABE833806592BA2FA2E48D274EA35E0D5D098389AC5396EF1C5C731EDFB0AD7A656120BD2B7B52CA44C1B733098EB2156E528FFD387BFA1A42FB94E85765209BB3CFD3F66315066C9B5228CAC4441A3C783FC4849F753F49A78A92DCE7C2E5B8D9F7CF57074083A2C052947641E0B73AEF76647295AB91B53A1055FBC0F8855168DAFF72FA7B18284A87BF0C95962662A2ADF2CEAA5F7C6529EA53ABD50887AE1683B453A0A774F48E973D990092FE4005D1BC3A8AB07D51D85F7E576FA7ED132CD4640051782FC0EE07300574FF7BC82AFD01392496592A0F96BF87D5567CC1ACA437C7E2D2293234CACB9056D66EA7076E1C2C7782DA3CB400A5533577277FB374E70E439CE6E80408D1A3207D3231C753669FC73B0AB662F51C73149D5EB1BFE6E08408919E77A902F18D69C6E913F81E4A5DC68675AAF309462A89914204E07BF022FD531D29CADAEA87AEEE03CE69C7D9AF74DDC4DB2EE2C9E04E2C5EF30E0A6DDEB5BF1B0DFF81FB2ECC593E3E3FA9EBA5BFC9BE857771BE0D2A425FF181AC540300C36BD65BE01991F827113D8EE017FEE0A9DC4A41BAC00D3DFF35650AD95
T=$2

[5]
S=$1DD5B615A4DB0
W=-$2843E44B0524BCC260D31B8CC4068F383D3AD89DE0005133C7197BF7C038FF08F79DC5DDB02B27E42A277DC29B9D9A1000E95C224D9F5B4AD90F93102916AF53625BB43A8DC62BD072C8293410BB91A228FDA7BE61C519D88FA094BC1165FBAAE9947A3D6F66B41ED6C778DCF2616970F5B37D0D380F6D06A3F8274CBA8C4CA62EEE42744CE12CD0E9BF9F5A7A389AC236B43B77DCC3676E07388BC3655AA351D0FF14441A991E91B72B66146462B8BDB26659313F34E4D43844169D7EF4AECFD98EE32E39B3A942CA7E2B0B7885D773B10CC1FC1CC3BFBE5DBFE
J=-$147B116092646A0686D45E6A869AC354A0B86083AEA117CB33FD2FEABB741F504FA089E600744313689F5E80C342010421CFD4E054691713C9F193A9BF0E90C0CAB35EB2EC37ABFB37D0A9C45F81EB1B6A45672E143723DDA7F1EC831750D9F113CCB21BF7B8C1EE082A1A087DC875E3DE7DE1D729F1480B9F820D54365D9BA32CCF97879AF066BA0863F2584242E62AB221B97855AC771572F9B40A5AEFD5CAEB6AEE7C7D89A9F5E42A7BE29F28932E12D350400DDE64AEEDA1F61EC41FF769EC3320E9D040D51BEEE08F0225429C3CC81EE9D7DE09077BD29504330AFD8AFAACC1FE5F62304A3A0F9362CDF1ED456807B3952BAB5977C0DEBCCAFB8A1532B10A514F32E1DAB4654D3D0665F44CD51AFBD7A50D1E496FBAA8CD8D60F7E2273AEA3B9D89A6AE36BF7794C85A35DBD63BD6F65575364230A1020413A53E9B7699BED4E10B2B2BC6E2F25ECC59219AF361FA27708AA8F6F35AC6B6B7488EE4A2C265B1B56495863F242037DABB523B6B79F43DE0D9632B9B2B7A3A954DDE8356D1829AE832CC4C30575C12026EC0EF483E447FB90623701EA7590E391EF1559F45478C6FD4D6CB482483C2E38F07785B6CB174D6097
T=$2

[6]
S=$1402E98
W=-$B377204DA01907DC1DD4F358EC788DBEAC47A6964CB978518ACE41AE0952223F3E1DB016DAB8071D1A43C824C76F384858C02E7EE9F67C95C50B1D32EB1B524D48896E5A932BF787E3BEBDD6AA71FADC83EC57AB9221D194F55599FCFA41F65C5855785A6490E1BEDB49589412A1DC1309041065B51FF054A4EE7FAF09A4A35602EA0D339A876AF6A8E412B97BB2468DCD2D93CC1953ED8CBEE87AA81F74F0CC0C36B95D12523BF645B08A11EC54EB1C782D2922B4132AD26E35472CE4EFCC723AFEFAFBCA8A0E43E8C611D84994BADD38A4197AA0C3D2
J=$6C4CA7F1C27A1E6D8C6C17345B7A8C88C25A34382C52664DE3BB1FC410662C757EF22F7C526D1A13ECF7C026D165DEBA8D370762CF92A2C9293023B44D472705E95EA5F49A1CFA1C3C4D41BA32C65F841D59F88CCA4D5B584421BC6FCEDC4EBBE2134128B30C45B900214C0CED3492AC63442CC9DE4D88F8D662AFABDFB8CB78AFF48479953528D6E30B6E86AD0C4147F6CA458FAE9D69096F546253E5F089397B11C3E30E006D79E06C6E75E811C571E4B509D27E34EC1FB3B3598FB389E6B3A4CDF38D568B4E422AE2C92B35AC9A11894D883BAC969D27259533017D5F265B297B124EB54884F51893E2F6B130D70BA1F9C854E4A974FBBF1669D4CA5806D0862504B3AE24000665AA69BB5157F833E91C332CFEDAE18D586E940D7B75BCBC5BE534F7675696BA64068956228C59389CC5D3F079281FEC018206837EA12C9F5EF91385A7ABB79030540E4A4B4ACDCFFE0B6172CCBB054FED867F71079B18E03050981D652A0295825DF180C97A2825FCFBCDBE90B74DF57E20A22B62FA8FC5AE851FC890A1025CB33332E83C516695D4271350CE97B4517BCC7967418DD85EEBDE2D7F491D67DA1636B396FFCE
T=0

[7]
S=$6F72575D2C
W=$176596D5E8E104108B60BA01E514077E206915C6912073C0149959B29EE4CF201EB5836B5B28289B966783A9E5F0B4D9D9C4D02FAD4B751F5EB95574DE0D7AB3F4532BFE562C8879175A3B1EDF27F3E11978211711027FB47E077AEFCA52430FB3924010F5E1674E45F73B7C290E183F670B1957C4B7F912F19A9F4641ACA1093F722A6DCE09EE3A4F8EB94B63889D3CDA0A14E2D30F2FDC73D7669D5897DE5325CC1E66A5FB74458DB0ECC80EB91D1C700842307B47C2E4F2E0E3C232C3855763ABB223ACFB073D57B773BE1864FDA9FABDD9EB6C1C
J=$A252667CC5DF23457922E6D7F0981C13AAE2D7272C261B2050555EBF4D14264497A54AAEF1DC53118BC6795FE5ED28A6339C9F9B0843ECED99F14FDDAE351617F1E60C6AF5326B1692B9095C45A6D0F18347B669D6CFFB06B08DA719398995DE272FF567C58C450D889A91B2C9D1188DB890DE9498F215B275E711B2071B6864F19D6F0DBA23DAD2C755B989BA1E8C7110306CCEF19FE099F77014CDDED812009197B8292BE4D0C531E0BC5FC0A06A5EA6420B2F3AD45A7DCE9D32E72635927A0C4DC428D53844AC3FFCD5FB75598014149C973BA4800B0B2A54F6881A3E0EA7AC123C1447A59447071B88AEB34A511FB08A68CB0023FD86C701A8FF91AB739C8416A37A568B264B2813CE8D50C2132976D9BA08A8DAAEC298FCE55758EAEA0F804A720B1E218BF33A85870E67A750AFD53EB9DEC176731B2702FFDBD447341851125146E291C7A5AD5BA8465DF71760A10CFA44A4C94E7E22E4AEE2B2CF249936D22F80E61A258123483B4B313BF0DCE9E51143F73CF5D189D7E1E05F88823F317D08141983323867E0BF638D8DA38AF57CA56BB82C9E1211330DD7578AAAD6243BF35E95474DF56194B3
T=$3

[8]
S=$102FD
W=-$29DA646109CD3DB3366EECD339D99DA7B76516EC543B75029C633BBBE16F46BBA58716DB2B629B80FE3AA18FC3211011E45A68DF3E789F6A8B10071532D5AF544ABFFB1C4893CE0893CAE789640AB0368AD64F4CF23F17E92A52A0AC56284DAC30E91B4B905E7C82EBBA8D5E771F3265A25B8CFBAF1B4465EDAE70B0A3AEFDA6DC9C5A5849ECD5D6D31E857F43B070486466D94791DB4228C62B84F001844FDCC6EC6F2FB8E391E7438F6C8C1EBCF9DBB1EB95F44AD67202FDF43D03FAA3DD0A7B38E272452AD7A3839171D9C01E424BFC21D83
J=-$11BF5C4E4782E31F64AB716C9B99B3583C7AEE960EBE58B2AF8E8370C5264EE5443C2D6121D9D07D20025AEBAD3C0057215C768CA4E90247B6A6EE3E5C7F75D61949DF1D5F07634CA230E8B85B9277473921C9650D7649762C19260638027DA1E7D575261F412B286F049B323FDD74339B8B3F4ACBD96559DC38B3CACA9FF3F7DFA12E626B4E2EEAFB7368086D5FEDADBA304EAECBFC2E8C4D1B54478E954C057B1A5B14E82C62EE29E1D44C16C0A79A7DE1D62C831BE511EAB6D6BE3758C648C72A2B00FFDF778ACEFCB9158E5E7F0E9393A63ED3E86BD16F82F2E86F38528A4F4E65AC18BEFE6E2F22EBBCD4E017BEFA12F0343D27E78429890472ED9956280EB115F84EB20A79BC1A583F7DBAD227DF9E0783377AC72DCEBD75698B6834B3296E96DAD219D7A04611E43B56D0B218BB9B144CD8D251DF9F39645165CF74E9492F95EFA671F296C16C33382A845645D1A4A9676A9C544A90EBDD3FE6164D4322BCB06E67FD4DE89A965C205A91A94AA4B9D337E829BE5052F57A4956EC3EBA9DB44B97DE6E386C1CFD351F2B41429FB104EDC73F5432B9449856F7AEB5EE0A5520F7B675ACC
T=$2

[9]
S=$7B3F632BCD515
W=-$232D599CA517781DF2D4D323E1A1C5A0906F59D38048149CE0FE459CA30A5C745B624CDFF76045A04FED0E42E787D5A5837BC94CE10610CBAB338DFB2C38E7E1BD716CCE995178DA0F66F7DA4DD73A64A8B3441040C9E0380403845A1D18C281051071EA3DBCB1015D075131AC3E8EFE89738DF2C3AB6371D54CFF30DC5249DD58601E3F472537AD39769D227CFAA818E1E6DB3B94A3FEF0C1CB441C49B11217894F29C801E9EA13D758222D13D4C9FD5E44E33C56D366767775EDCAAD515312088529A73E9AEB68F012AB8CC2DB855B16B13
J=$E006FDB97792C82F9F147B4E1369FDD255B1FC4F4A527A858BB4757934BBE13764C251313B858CC1AE4F4B0C971067E7FCAAF7EC3B9DBDB6CAF6C4DC02302757AF44DA23D1F54BAFD94789D4B171F698AA3CC50195289FDA55A9DE7C47F9CC9038269ECAC40C789E1B22A9E26DEB186532648A658364B310253C301280C72D8E7141F9231BCBFFBB234773F945B54A28342E1EA30A2170E78BAE9D060ADB9E792068CA6186130AE73423D450F23FFE01E0CC58440AAF8FDE2AEAE870FFF1FBA88E25AB9E8455F37CEF34D4C6EB97B53239AF2F273A39C1B9A70451FD339063A9B5F797E173E3ABCA8682E5C12BA4E8371D0F223D65678A4FB4078F7D7F5899E67684575261F519074DEBFE97AF850720D117D29092685610E3150BC8CB1848338CB8BEA76171906198A097378FF63B91A8BF79FB78D76CFD35C74D6CFAAE69541F29EF0F5868C9594962938110CE2DB358FB72DBC1FB7B94F7C7A2187F5EE9D212E7EE8ECAEDC96A13EAC0C93AEE909E623920BE6EE07C4ECF5FCD3B7F70C05BE2B56CFDB63CD2AA39047E46203FFFE650A09C83192E7133C5F3DC3799EC556B64308FFE
T=0

[10]
S=$4E49AD
W=$1366CF85B5DC3D639C9791217D81F8BB7835A4CB39DA35C19487903AC62B8806080751BFB4A0C43FD790CCA9C9866192E0B37A8BAE175F4B5B921ABE8D9E9B5C307A87D0FC427045B47FEA9A3516494AFBD3EAA514F7C4FE83B45996E88222437B74965DA6A6487D14DA38AC0F16029B6E5A34579FE998B2200ED42055F262C1218C3046E9CD547DA18A62542454329DDD95B273739565F38856E0C7C9BCC7FEBB719EF7D4C8DFD1E7831ED63409CDAEC2FF4200B2D3660DED7CC578DDC9160E398CE6CB90DFC2EF1AC7B9028A3DF63
J=$2435FC61D20ADD8B41C8E9DEF577941BD3601FA6184896A4FA9B08CCF8AC44DC1BA54ED8321FF152C6678A186E29411CE818E7A3728E72A903AC0682B19629791410628C92713F71414FBE5B0E316A20F56EE1B0E875D85711325F27EAFA19E8F3F21265225EAA586AC088F9E5487213433AEB831A0B5F25D518321F625143B7C5F27874CBE3FAF3B99FE4B0C91517040FE93D4F28A7D82F5AAC2A5E956C24B2FF3D45C17023D4B362B3C14717F3FCC90248C700C859EC6CAB6BDD520052E87C5E61ACDAC2C55E26D93A16120FE62F32D715366208D52BF3C51E02B2C668B770A57C777D3577D28FB4AB0963002FFA0808C91DA5A5C7A79CBAA71AADEA4C2E8ACDB4EFE0967C7BBCB36CB4D59721AD5705A80D8900A30461BE5A6B08E10CC8B711E04FCD8F09B7D03977348FD1C178490D72886F16599405410BFC6BA1F545C18C38DB647BA39057C47589CB43B0FF77123C8961F7A9ECCA5F048B24E89D2D6DA6F968B18CA7EF33BEEC18A983DE91F368EDA101A9D07DC9F6390F517A458C098F9440338E8DAC21F035F66AD9B3FF646433A6D8637E27F5EF5D10564D90
T=0

[11]
S=$9E6F1A1F
W=$1D6419499F8CA3A9098E74C007C05D4AEC8918FD8F228C855A45A83D67C7F4FCB178E51C6E75F727479359A32AC1A0094CDCE76DB4F0D392F9B58785EA39E2D471A36B0BAD64D2950255486F14E1CB9FC1C64A04B4B61D8874B31EA3D20D714712189531EBCB383E87B9BC55D17DB50CD5C1EC2F3E50593413E8E8A1F00CF8E6084A4E0C5400F174100E7616D5ABC7F68BEE5FE3941A19BA4CD7B6081FA9462517C002C28EDF30B149909B3042453F7C78C0E38008A99DB5C94D616767DFC57D9E371F7DFC36345E32BD32D6D4EF
J=$48F6DE383C68A9D53BDB42D086B584E1AF57CB41DAF6F498A9D974098759614FC7410B4C7F98F65EC1B2EE488BA4DC979DB42B050B28CE7A19678FE541ED17EC6304DB1F42B6CCA1AE9542D923221E4AD92B8CF22DAED40D4495A799FCCC7AF6443D6C9AC4F68770B8B7127DEA1FEF2735BC2DEA9C26CE9926277FFA3036896D51997D29A4596514C9F99D055F7C3C1EB3E809C49F3EDD81B67A846252F0030F1B79409994D8CC23D60481D044FCFB5691CD807C2466435A218B8BEEDEAE3C4E7AB05547C80233D148CE4AEBB245795562A74FB438F0B68E45DC87F27BF255155A231474E0BC22685D99BA90FE9CAAB63EDDFB8A81D6A26F52921222218D85F507F5865ECBE25B6D28F38539636DEC0CC76B2AC61BF251CE0419429FE83F2DF6687F0497F8D0EC9F247404FA4D1AE4E36CF8EDFABC4601C6AE8BD382739AB5E5B3E607DF41F3C4B7B91A0FE15C0CF9E4E9214D65CD72681D27246EF0DF0925F53FEC7EAEDBF603E6B628BC448B7FAA0F491B32861426E18F5C9D9E25319193E50348449ACA9295DF938A6F475ADCD3BA12CFC3207730185B9FA1
T=0

[12]
S=$1B03B3A610
W=$DB7580F568C15E3BBA4F2BD0A5FC58343F8E9CD6C298FAC7E6CBF871E1FE33A6EC6966928031958935827F671893B340AD9D2CEFEE00B9B832C32B26513FB1EC2516B6E19AED0646DDA4A85C2347031DEC603AC1D0D20CC39C0DAF773068F23D9AC55F123BEAC51F1F922DCF60723ED83DB4EE63DC9CF07D24746F33210E4937353DC4FB36E5E986D52EC6884B1A37EE0CD2EBD480ADAC7D335E3E5BEBFF737275438EE4F0CE34AAC509F5C4F4491F619DE8A593C14DC4D9E987EA834C29DA2913D5566DDB0ABC5ABC20CE2
J=-$B3FA8A4B419C4BFA35D06BD8B0B770C639E959645230022F2F7279D76B14DEAFD99061321CD347563828D3D84CC43FCF9FAF4492A2648C48B8CDFFF3E7D854A9F6F3F34652FE6C6AA6AA0DCAA0ECF808C194893C52027BD7A0A9724E583641991B8521B93C56A202C109F3300BF233AC9E6E15632D68FFA997F127570B52849FA7B6A2FF37C10DFFBE2DEB5606FDB2C0052885F4401F8D32993524F48E8F462A15B5B727C358BA970BF3507407AADD72E707DFF11DEAB65C8BFEF62D5B9A1AB7F6403833029296FA2A7E091663A7A2E3B51C2848ECF619D1D2F69E08B9A2FEEF8F92B0AD5BC8237583F8AF02A5E9FF70526674D36B814A5048269A81251EAD6132EE6E5BCF0D5ADB445B640EA279989EA6D33AA419BC5F9AB112BF3942776A4633BC90050CA91E02480E74DADD8AF25564F684D2364A6C455B995C67ADD6279D19605C5E56438904F2F20038DCF5F11A61DDD4C25A7113A2CE137E3A3A9954D4385A44BE30B31AA68ECB0678EF0BA230688FFCA0F7225E779D7C01EBBEED91049C8ECCB6F8A7EEBE0F0D75E78807F9BC6CE29C25134BCD
T=$1

[13]
S=$F84FC7
W=-$3A690C2FC7284B3A2400C5981CCC66D6C8C469C701F4CBF745C3BCFC0B67468076F0FE01B372158140A59AAB45354C2ABE428F75D7AEDDF009C96BC59F905EDE870B443DB1574463BAC07FA77831DDF3C32C47C02599E37AE77797407E053087852B31123FFF8BB40827B27DFE1C28BBDDA8A551BC09A9022E2F183BEE53785D501094D3B9DF800852C763A8B3062122BB6A63F030C2E03E5967A28FBE6846130B54DEDF22B7AE1D3B57545DCF11E9F286523DC0C1EB7886580908ACB344E7045265B178A124B1031BB
J=$7C53E77560E0E00C7661C452464D28233E75DE6D05F4A7DD0DE3AB24E5070C816D849441474DC8B97461456EC11E82DDC398C8018B2A38713249D1BA3AFD70AD2F277A7241A1B137CD5B201123ACA43D56D7C9FDF5E48D8FEC8841E997DC0FA2EFCCDE8DB854B51CEDBB9E56529DA71357D63C5311436F7F2DE232DDF207834D3844715B45162259678110A905C4AB491FA564BB7F3DBE6ED14991DE2156218D6A2FC11CD10236986141A1454BB862659955718862B96D28BB7F9F9DF6FB3B53C12C804978EFFE20F79A63E9E2D2C37F02382AE4E9FC4B2DF5FCF78970F609C7DFAB1626A08592AF6ADA9DBDD8E585F93C564DAA85B39A67C236E00EC366B5BCE85451B21E106776772DB7EEA44FF1FD8F0C8315EEB5246A5EA0D30C995D1FC2EF56BFB3D58856DD1488E15F656926CCDD31784DAA244AB4C752C85B0CCF5FFD6D7FC45584456BA30A64EC6749ABDC5EB98D29501B9276C6E556DF1EBDB5155E79F7ED5C1D9A3587012EC84B4492484DA2957448DF87B005C4B8D9D03A37F5D2E4119EEFCC0099C5D492E7C414D257F8C0EB2
T=$1

[14]
S=$D2AE54
W=$2B1876CAD28722861F01A2E083D4E4B995763F4B82177F92C06E88921A3A30ED0C467034C5DF88DE400822FE67A5A4A3A7420B5BA22BC3BD6E81177EABF0491A9C8D98DDC4F8679E8466518E19D4A9D9EDBE29125988C2C8CC9893EE682A7326CA010FA1BA5C1C462A4171B067615E8171F5B438EB9267943E9B9F3811B3C187E234D7E5EB071734F138263D3FDCD37DDC859F27994FBA0779AF48BC536304ABCA6CB00200F8CB4080D48F90957FA012E1F3A4333B8E223C9FE589A7A18605EF8CA2207EDC31C1AA
J=$8B6F96ACDB98FB3701E1067323361DE0217F57DF21ED6EA4C0E93457E7B4FA6B31D92FA729B00496B6D778672B988F3309E2727B0B16C379667A1E114A94C768FF73E7F33EAA5EE3534EB0F346E1A334260542824844EEC0B478CCA232774F037D60E6F60ADC201A3E657B8FA44AEADF716CD6EB3ED73D4E5A7AA8B418FEEB6799640785CD81ECB30AC3669C986E898CC36790B9E38906511D465BD02E7634782728FC049C1E051E5DC8B20187E188FB5C7EE840006591803CC7B9CEEFC4E02EC78603B6A0F33F552D3ED0DCDD1AB82311BB7A89181BC4F9B8E088144E6E7206290D84A2A0BDAB3761F0E1B7152FA26CD95A745BAF317D8682162A5449E89D1ADC7EE3725D116199851AEEC56C331BD9E4A583FB3EFED234C3E4C0A68537FB26DCA77FBABD3EF671B6748351443E9EB41034AAD2EA00E65BFD3D5C1DD05AE25D229BCAADCC426E5E904AB53F3C7587A200AB06E0459D7937AE6C9A8C641884D243ADD10C09D05C4F6356ED9605EAF0A0BFBDA1DEBF0EC99CFE8A76378852322B2753CF3E4F8B2E0BAB0AF4BD5F6E98
T=0

[15]
S=$4A5E86
W=-$81A5253E133FA4ECFE8FD7ABB63479CF8AA61F4F07AC10AB96BC72FA124506AA2EE22C51E5A74B9370F21A8E7D387271C4B6900227164C48F263FC9EE206E42114EC57BD556EBBB1DF8236FB234FF70B2FF3465EF187A683EE1F56CB347AB2C7A3558EE60B6A31F68EA98084BE837B4ED9DDA89124F4D0685C610635EF6709C5F99D11957F10B24A24D90DAFAA6B9D9D5280E82663089ED1829C673CA5334CC6656401520D70BFCE09603B86C4C7B3D040B57FA2A2E52DD1D4F873C2C3F8D766DD95652B84AB0
J=-$19BC45699D5549CBB9F186B7AD3BEF5BD14CD097FFE1916975AAF2F1762F80657B574C4984EA9AA17F2D140E33C39A003485F0EFD52FC75E64628072349BDB2E103BCCC8000C0AEE610A0180AF481C31E5E73B16B39DD0385FD40E3C7EDE37E878C94FFFF2245B4B32AD3A11530EDAB52095414ABCE85DE0468B285E71F95B8E94C68FD8E38B1F2D590495CED403EE30D208164974A000D44D8444FD28184382C4F049C61E7A7B5F4A0A33424F682440053C43794B1F201DDC52ACE590EC60C0ACA77A0F611F4D45F116AD95F498F21CEC8CE0F9054C4E23B44F60C900E46673A0FEA3D51791E1D7DF90C19D9B44864CCF4ADE6BE344FFCDE9642C02E1388238A69821FAF48A4681E31EF729E485A4B1FE44B750F31BA6B2C84CE46BD97B10968947498E4E41E25CC2E967678F685423DAF48D7DED055C059CB63C25EBA1CBC61BC9B1CDB233CC7D2E1CC2CF755738C1DD7ECCF6A417673CD3E9668738B2421CB438BD1293F524933C791042E88CE4FC48A6BA36D5303BB96079B95C5CBB037F1CA8827210690E20D3BD118E1
T=$1

[16]
S=$9FF63DA
W=$121E905748519947059930178918E3689A4F7987336C5F1D5FF50626DA14A3F1F3234F8DA2F85AFD0E6FDA37805C2F42E7410C79C5F1B6EDB1B9AC5E7028D127DD6610704447622F75981C7FE96962A30202A2800A4A777DF78E5BDF5AFDE4AFD70057237636855BB2FB1BD8AC7D4574DA3460C1CF48EAEFEE7DEE0E73B1A243F446BEE9EB38F2DF2A0133093029CBB3F141930C290E5EB82847FC0C2333398421E0643B9A461EACB586E6988B83B1FCD7361ADA37655A175D39A042E5D7CC4AF97E7A4BDF2
J=-$19E9DCE7382C84550AD93E5F33F6513B8947DFC738EE524E5BE07DFBB30B735A75E466D91C99FD893A91BAC925D6D32DB2097B3B149DF07F2B86A869F78E3D33EA264C5A4BCBE615DF3AF36C7F29A83542121B867096B74377A30F43DB7D62F27EB7BACD788A863DE31E314967784B5AECFBB92CE4039149150B329B7A76CCE5AEF3AB137B0FE5B4D322F05501175127FFA130D687602CF8FC340F756C54F341D42F63EEA3FD55B351E2139B62CA6495FA5ED764F6855CDF04010126460B44B1842C27529D1A1A61B62D06FB2B1DA841A6BEBAA514A515303FCCA87B479BE0139C2A968B25992D1F7E085FD210EC42BDB1618A48A1A4DA517A14B5C0ED4E9F961A1FA17B24AF383265FA4CC439EF3A5905078D9D3F203C05EE5FD81673EDBF93B4173565C1303D56AEA03BFEAD1F7CCD56E8ED1073CF9D6A639F54D4BFCA4AD1F21A98E15702FC2529746E63AC2100E132B53DF703BE9B4D114F90AC599886A0F06DC17E7DACED7E5FCE3D35E752F63102B5E21155F63C8A0E1C761009D543776926C84465FFD5840E70
T=$1

[17]
S=$209088C32B2
W=$401408498D35E4AADD5BB4785D70CAF76EC395AB6345CAEEF78AFE69F8B503BD88E3265DA2EC4FB7FF1380FBAD071AEFA1F92F5A6146608C95E2FE57D12A483ACCE1572C101C50532C7EE6BFA112F9BA9BA838D7B9730BC366A42330263855DCA4FA94E2A48CD88765FB3E1D87E17F197F5FC2B2A89110D593E510F6C41063F136A26EA04B294D3BC458AFA4DC840AC895010386E2AD54C96BC4FF7CFC7AA451E8B557CF51B5F47B0A1BBAEDBEC66EB1ACCA265A760AA1CA3EE00200F33A550AE8239A4
J=-$E342EE26C2B6D38A640861D3A14EB8281AA9D8B92F58C1A1E59EB356D2637F0E74FD768BB7D7A810E9FCFBD15A491CA195F811B119A065BE05D5142AC36310F1E4A51A931EE4C28055F665A570F173FD9AF53BED48B11F6C360F883FF9E1A009D04F7437A87E3A30ADF1F6EEA4649FC19B3334AED5BB19F2EE20191AAA13E1755E4E39DD1DACEBB8BA5EFE10455943B707140D9A7B1FA7B011407CF5B61667F2FAA324D4DB4E8FEB0F7C44B268F24B7E6BA1DF4B6266A599CC46333B0FB500334AA939A156D2AE338BE6C7D1BB996F2087F01C6D2C6CC38C9F7ADD74A62491BE6565A2EB9ED58FD7B3C571B492F6F06EECD9C7873ACBCD239B5B70EAF98122BFFD3DA7D6BCC38908C7C2DC64B38DBB91FE4FA2CBA6ABF3A4251B465DFEE8C663DAF3DFD18F74B4349A0B3C5558D3F6A544102D90A6B3F9A5B68C293D3130FD9C3A17D8EE758E3D3EC226D0D7F27A4BCD07D19243F9CD0F0BFEF297E4A5E089EA7009623CBDD41340AF447EBD4DE2F988C557A6C666D5ACAEB36890EBDF3BBAC8891DACF54AF3
T=0

[18]
S=$57BA115F
W=$15ECD98C4E9971C5E1204A8A49AC683BA4DF23671AD6F385D3A5118FB9B1A2493A62383D6A684D927C26FB68425B469ACB8FD799D8A8DD0FCDD13BD62696A196F7D4E3C73AF9980E4C988F1127CE9324E3181B2837329E6A4F2286AC38CDFD39C0C2CDD0864E6E3591CF3D5FFA51F4064E8C7CBE006018493E870712A7B650C4F645B0498403E8599702396766664B06C01D9CFD291E7917B1A26366D04C690C5D339B988E3FB835AB71133B498FCB7B038B14430CF0019840E817ADAB95A23755
J=-$59AC9D6916A4269D47CA33C1BD2EE644A1C3181509C3A7A0CE6B80E5EDE17A6323E8BF4E9BF3D269B6B12A463FFE94395CB8971A87370C690DC6DCF52E4A329A78A0062369A3755940D2C7D48B688C0A63D64EA8B916A469C48FB70049978BF401EDEFE3F4A7A1758CFC060D5773DFCCAB07D1CBAD90365C8AB57375723F4D41EC97B979900A0D153CD83AD688F4250A34F7ED6CFF19576AFA91DE7DA61C8272830143AB5591F9A80C3190999996E0AC1BE5D9C23C4C32A8CB4881C84EF531BB9C874F2CE4471B8FBDE468C648FED203F7456A48D13198071AE33B1A9EAC8722CFC451961747DF76DB054D806B1BFF42B1BC186D128900DF147EE76A85F7B2DB5DFD674DF5D62E523A3F01974525D780C7BD9050692A59930330A4DA9445A31A41EEB158E07A3D27AF376CD6538526936DE1995E407EFF69B42BD0BFB1B8FD255D8CF46F2A70AAD039C02E9EEF2671B02DC6005F1227493A3134718D7695B771B2500466129CED3F05E9645EE44E628A72BE95136DF82B7BA00943C63E9FC49476
T=$2

[19]
S=$E4FD6F5F2740634
W=$5EFE763522E0E63357B95018BCE6A64328B63623ECAD57F946B6F99734E166CBE3838E69A7AADD4244A021BC0DB941620FD47B7F4E03C85AC148C074135F872CDD4F10880911E96C6EC5BA5CF42CDDD8BA939FD0E9B0F08500D739ABB965ECCB53634171D00B9D6993F8C6AB2430F736BEBD104CDB48A8079795AEC3C2276BF7D60DB38A9A6CF7993150F8077BDD6DC4A8B70ADE3516E983604C6B24E17B28F4E867FA91764AB1AF9EAD5B81803DD1E2A0CCC2D2FB2DB311DDAB27C5B617E2
J=-$44D24D618BBB221B3E0118D072FFCEAD39D3995CE75363E21542E029573B3BD394B8EFC8F89E96C1B41F9C61ED3151B549D4E2FA1A77B42CE9769056009B7A4B6F8D04AC48A080C75E3E329F22994A3EEA83626F76EAC7902A720ECE7D3AD874033CF1199CE4BE78DC90151FFE59A832C24D694DDB5E96FA4E11ED9D4348C34D182A28FFF0C8212815227178671B3587C81C71C364C2CF5BF7E3C094DD925BFD98B6511F954312B88E4E04F2D74043A3F53C0AEE8B5DC2ED7531C40EA19B6DEE76A3D3CD1132DA5CB6C926C2A3FC7D3D1ABBB74DB06F3A11F27761B0D4C4EEED1F17C6FB4FF0B042F010D820D042D1B58D5BFAE838AEADA45DCF5A3832BFEB27E497AE5E45188D708DE9103250822CB3DCBE94D80B91C163A04623FC6DBAD062374F743686662B3567841C58CF524914AA9E76178F91E67B7C2C468FB988F91ECD35A2F9F9B982070BCC5344A99CD213177B4BAE07A702A9206CADA848A8F0C5A2564E694D81229B590ADEC6C5E05C63BEA10FFED5578CFF92457726B61
T=0

[20]
S=$EE54F9799EA0
W=$1697FD223417E2EB15886F905115A79DFDD332809A804CF1012A017F7222D236BF24EA7233F1E18BC1F495EA9C87DF71D3624FD59AEBEF501EA7679A1AA18E6ACBF110C1A7AE587B788E904803D5D608A9D8EE0D248AEC5418A09B01C5EF220BBDD534DC4259E7105D6B96942F953CF710C08EEF6D33314B2E043E26B03C0EB282213AD17334F5E7F2CC76B3C06617044F609B4FE6202AEC59FF5D5876200C1C25CC52B31953F9D6ED0649853E23525C871E9301006D2EFB56202B2
J=-$43908121C8DCE86D628E61651DCB9B76F96479CD735B366F098FA7225C78C398609A657A31AE48E4EDB4FF848D0A037D56950A2A58DA7531C542C60563AFB8C6F8636AFA0D05B5AC1933343608036BD9C0780B7574AD44B940C9EEF662D2A1EA044AB78CFD807FE3EF065E49FDF98DD899104B4C4F05C99845810E3D4F29C937371A5C09F958622FA2E534B3E819B0F91FC90E58C1731A73022D9F3FF150D7019C5C0E597A1938E94AAFDD96111EF710777D4F5A3E16D05A6BFEE758EA03E1C0F472D0BD842F562AA5E5C005F068D36DF2B5F2DB255CB54F767CCAD2BA4AE6726AE3519621E8996DC81681F102B788765EC5F8ECD0128AC29B14EFB2DF768838A0B95F90903206A3AFF3E4BE7A2A4627AEFC086827254F70A0D803986F556642AB7FBCABF18AC4EC7D69DD045F2B8DD262C7E1B02878804702C938D0B26C32913D1D5063B32D0B96161F64C91C40F481301EC7A6CD3FC08342D9CB8F692E23ECED2D0A7A81F77E2B0943890CF689E24F3C88ED5B02B1
T=$1

[21]
S=$1725DCD
W=-$1098395799F539CDDEDE4E74FA7F27CFCC48A4A6EA9C1B601EE615BBFF60367149D7A0F75D113A76AA6ACDAED4FF62353AF9E7F19213ACDBBC32AE7A0447FB90F1EFC562E14A55772984BFEF0DE0CA26FDEDF352E48324F8EAA1ABEAD1EBD10BC30D70B6FA73C17F24631DF81BE924755E573049D9B8F8461D8878769C2A76A99559022341DE0781F3FF19C9A153C71DCC24DA645AF4A43B23469E47AC418729DAAB0B0C81D0C1C3D737E5B86B18EDFE4BB9E0962D2FF3193
J=-$1EC79EE99FCD3E0A45E8B1E4F394D6C6DC96FAF8DE5792AF1489B03D9854C4C1F88B1AFE56B7077E27E0BA01792DF6808C0B5B623C71E0274AC8E6D85E5E61673DF0C8EB8AE4CD7E89AB1631E513FDF736EEEE7FF1FA70BC292753BBBF11DDD4EA067E729D8B27934B014B362D93CDD84F772130FFA9CB8135EDF241327094B587EE3F296DA0ADE8A70216933BC49DB12C524887F5C9C19F411D82604F5CEA9237D16EC920CA8BF214A0EA4156E191BA76709ABD2E09A6CF70FEB239A92065029C62A142BB08FE95CBE12929D57EBCE7451EB5177E70E24193973916D213BDE195B09D5DE7B0999E8F281C65AF2557D702BB23391E48F2E247331BD15EF46B2663CFAE397A272CFB912B520C150299ADA29FFB2D029DAA44865F37CAF070370A3584E64658949027262F5BC4868DE4B57C218DD0F0D5E8D1C21109CFF651BB8BC93B2E06C5BDDD4FB153993C171538089395800D847C0095836CB9EBCBCD3EEE06D89D52C6D6CE65B3D6F1FC9CBA9869
T=$6

[22]
S=$C41E6FFE76
W=-$181052E0F5C62BE5906EBB5363C40BE9EE1D758F6C2BE789078889D8874A8573E492DEA62D7F65F2B576E691C15CE8FC3ED51C021EAF9F44CE00BFF1D317897192A9C04786D1A982245BDCF32D62EC3472982C78028833C2EF8433E52E10E8CB5396E9E66A50F28FB9EE000DCA29AB99C38B3EDC8C66664E471388B0F2569F0DA2217A52E04A7C9299797E5A7324C283071534F14DCDAD3839A4AD4C509E2094DFA5EBE75F5DBE61837C92B69F6B45F484B98FDF41F19A
J=$13E03439F19E3A044F6B171291718344C9E9B9435D1AF5765CB3D7730811DBD4DDFEF85E59DB93CBD601648F009F278E47807653CFF20A2688A7F07595C439AF4CE1EB2FEFA1D87B762D325006569F5624D3D0EFAAD8E9D1B95A86E1F253301112956C70E0AAEA415E2ED251821EDBC2227197DA1D545F62F8977F9995EE4318D88CFC582A457764469F1096A30B6D82E68678A145AB5EF7082B5D49390192AF2AC76DAE8364AB3DB64664A745F9C666D37DB4B0DAF487D081652230D8BE12D0F6BAA77FDA12A2CF7559DA2C62262043C10902470E3127496E33EDDE8E12AB4FDD0A75C608E240BDFCA0F0BDFB927807809535674B6158B04D8F4A577816F7B0C19F213E00DA3DFBBE57ACD4301022F500E7EBEA86AC9AA91154BEC2E34D2D35C4793FA38FD701B4A2A74F1ACD9ABF5B4AAB41A735D276E7CA4299F33F769FF19413CBB619B04FA7276BC23BAF25B7D4826262D58A27B0B76D8260353E8AC43308C174E829EC99AEA39ED09925
T=$4

[23]
S=$A4CFB30
W=-$1C9FD16C8BCD60354A4226EAD3E044E9EB21AC732AD669F09A12AD0B5487DE2DD3FCBF2FCB89985BF5BF723D5C0F9B91103EA8D78CD4C4FEEFDDB9ADB5B3FEC110B8DC40B832DA17CBA42AB11DDAAF8FE2B12BB39E82F00D8E4DBC8AF5D5FB5A8A0330F7B53BAD5D0FBC4038338BDEF6619AA4B13B3EDF4571A11C983431373F538D6410D6F8D25264AC916235EDF9A640F8EAD2CACFC7C6117B6AA7868F10F0611878398284FA21926A69B8422959F8D0C87CAB6
J=$5E1CDE477F1498AB1A7DAC07B6D8F91453A00C14083982B9F86FCF08B69B26169C04C131B88C1B8A25FEA4EF2A1B0BEA5EF68B1B90AA2E275491A3816F18B9228C636C0301D77BE088B1195BF18FDCB12AB122A2D52E4D53B22B34C252AD06FC776EC15AC6946A14EFAEF41083C8AD116EEFDDC7FAA7BC00A582CC8FAB1058F20F069A9CECF1066A99003139A14CB48980056A29442E9A65CE3FCFF8BE0EEE021D2821B684507C0EF1ACBBD03E4C5AE0B26DD177BF1CD5D45EA3C38922496FCCC3934EB73CC591110B4F403F01EBB5E96DC4E5608CA7380BD47C2E4D3C16CE94FC37443F732599B6D28F75557901C881843063E7BAFB899380ACB3E17DD0073F14857CD10C3AB144BCD426D4A3D2296D1D544160F10AEE9C3BC44F9B3C3CFC2992FAA5DE213154460E73BEFF9F2BA4C2D0911A273A7B1135BC29FB43DCB595D4F7D9D037860BB62DEE8ADCDA90A74CB445B6642D52F4520ACC6A708AFE38140D2D5653D873F21C72
T=0

[24]
S=$CCA5F2
W=$5AEF979A5F66F677658C50E4D5929368610AE3D37F63C0AB8B89DA2663FF58090374E1A44CFACBE2E94C6191C1B909B4A62A21C7595A1F209A27E43FC258F78CE171F365C7E6FB2C31FD88B9A8ABC19859D19428B0325E5E182948C0A052AE78FE8F5AE746D0811B1061251C73E15465231227E7F12016DFBD301C289288935E2A5D8C2FC095C21902A650FC6631E7D15E4AFCC777A8DD91FD5C1F680B32E36460C5DA13CEC347B641F3155233E8A4A74ACC6
J=-$6F5493122ECF9C48297F2FA3CE07A5A98FF8CE49FB67D9E2225C04D531C65A005A657AD587D4B63A8E56B8EC7893A60867362473BC4FE614BD9A3531A6E0FBE9C7BE69706D39CB2D302F4FC9EA621EA7A3D6B854C2818DF822E25F7F25DCA4B200BF8723A204F822B2CE8A89D6B388F0BE4C4B554B215D30D7A95E800FE039F51DD77AAB44E0946E4340BA58CEEC2E1104DFC3B9CAA02B43F898676D416711E4FA8DFB89DEF33D4B8688017A7E76E2D2E9963F736DF151B49FC150540B17D99D0CE9AF8DEC64B04C1A527C286B9822C182DDBA4ED7F7C09D9A1A30046BC79628063B55E6F16D4E9F805488C2E65184A9187D0FACB5522457D28F573E175A9A1B69D9BD85CB6183166AC4A629AB51D1F886968ACB0B00BDA1BFE58FF9833A1B3CC8C5C4EDB4396C6F3B604FE8BE0DFBD7CA29357D7B0478372A4F677A0AAC1ADD0A0C772C650E2A3E43D5D472FB297F0788F25A370AF237324BF1E6686B8C940F1F1A6A3FE
T=0

[25]
S=$2519722
W=-$9E94C35950AAD3249600651CA6C97D2A57CEE06D6731F59AA9A529143F18D60EFD17F3D485D8DF766F67F0C588AF0CBF44998E0943B022F9C7FADFEF064DDCC4508D54EC6BF094458EB527B59AF001E85E49ABAC5C1CC0AD83EDAE35D82C1C4D341F975CFE96A88B2695F2359EC18EEE46269B43DEF554372F6E20AE079A2286E5AC1567AF1845FBD2586169612B1617676DA786EA7137762BD785FA16CC83D1A13A466446A7379BC758D13B406F1B0514
J=-$EDD909ED9D2ECED64D663704BAAEF1F702CD0B13F80F230B86BB32379F467552FA4433132696CB97ABB45A5CBBE59CCD7085C2BA0664F93A5E39D8C1236F0E08DC8EA1A838A6A127F6BF268B181101CBB5EE255160FD5CCE83050FD46AB501CEB0F1B7591DF4687FA33308BA61787F973F25430A66CAA8F143CDFF33699C36DBBC553C0736B9EBD440B245BBF27C518EA76E08AAF7B94A717E630F9460B3E10EDE99164AAC0C693624069DD2D463A29C6FE34DD7CD10D337817C0B0E7E7E2816888DDF85618629DEFAF87C720D6A9BD435F5966E97FEAB76023A74008F56AD4ACAFBC0712AD0CDFBAE2813C9D2ABF81D78300EB842E214E87180EA11FC382F987E3B8232E83A504E8B4FF652C44708E2718890E13C29A1EA9274E4A75524D2E4DC0893C58EC91E82BA4B17C1BA2B7A1B046ED703AC9BE33D8D215E57AB7B912078D5576F2245717D79BB6B84018925B90E1118ED9FC37DF81C19A47FA5CB3E6287
T=0

[26]
S=$4F0AE15D
W=-$67D655BF55E58E46F34C345A8814CED34ABDC503B8161B79EB62A07FA3A76C99D4FF3AEB495BC9ECF1198DF5D9352988BC95498E0974CF9F8C517AC179D568C7E74467D3AEFB8D9389F5E922CAA62933E5F19CF8CE7BCC7C5D5140915DF7AABA9B3960E9D8341FE2A36B4D85273C4A11329CF05E892C9A2CA230679D4ED4F7E2595BF1DE0253457C6FE92D3BDD8FC33419938CEDAAC42A2A48ED34E91C3B05A04CA866ECF39032B0195019619A46F27
J=$F58FA78F06D00568D4449283E1081FF569A739374C7A6E41624C9283A5496C459B30B59A350D3C7FDF17F27F95FD5DC6FCA96C0BFC2CDB652D9F1BB3F828C8D5DDB22D414D8970197D4684CCAB1EF167D0438AFBDB862E585CE3D8A255DDC0C7FF60F438D7CC4D8C7DBAE0111934B2DD2C8FAD40097FA6A76F221FF1151EE8B5F97D1DBF22F4DCA366674779EC135F0FA3E2D92D2FE49FB402C0CF7500F51B94879408CA6763BCB54326279388FB3ACE855BB64622985F4EBFC4647FBB05FF2CD634874D07B958D468E13061C1B54E6C71586C455B3237459B4D795BAEB9A4E7CC88DA9AB3A630278371FD722A0860E40A5D332CD86E5540BB1FC72CA801A7B9A48BCE4FCE2F4601D3BC1A6E1572637B7C1A6962BD77AF690ED6B53E4BC8FCC1DEFEC1DD690025C005CB77A8B4FB1B377567FEA63A5C0F5C80EB86856D8BB2B03E233CBD45B9C419D6F1F9D32E4DC29F0263DEB8B31DC01AD2275EEEA0BC
T=0

[27]
S=$3CE72C9DEE36DC38821
W=-$529BC9538593EDAE3B0AD88D573969074BF273B213315B08C5FCF2EC67CD52ACF5457D2E75F9EFA0AE19FD4572895D15EC68D8E26BDB93C5CF83D96E785081D0191E50D911C060DE0F2B2D6E7BB7A0B6628FC4A0C5A67BF346CD4A5674CC1B13E3B434BAD2611C50551DEEC6FF247FBEF8100FBEFD200351672974721EAB1A1C8B96FF4966523383731006540A270FB602368BD26E45283E56E3EADBC33079B5B884375E6B7BCB8BE6248442DB1
J=$80B1C3535E4FCD3A3B44759E4F744DF5C966B02A86243623078C756483AE8E5F62EB4B0A9275E0F69159B98BF3AFF88643F0947A0578B79E7B89CA3B899B991F8D936D41A09A186F9E1A0D65AC2847FD9E981B08FF0DF1EAF8E575D559B41EF57D2DEC5EBD0B09F5302737BAAA53A0840C56897B1D79AA4124FA75AB3D79D4701C5E0E4BA0A89FDC5690C735249EC9E017F8CA4286DF83345D3B928A0975A5CEA07715CB16DAD3DDE5936279FE87C667EDD79266B72D0E9C0DA060112C21260FAEF5005E102F956E596DFF4BFEC0687603AA99980A624CE11109B2C55973974C4ABD5858C9078BFCC78819BEB2975CF7180A9F2CE66310B8A52433F1BCD65FF93429C2F6E797BC301B4FC8D0CC2A9AA0988ED203A560CFFBE2D1A82141F32544BEDB217C91FCE63A6A17755896EDF9E22E4AEFBA8EE2BC2A8CE673A9FC69DA5EB03222A04EE01176AA875ED7DF91F452B3484C751B51D86687D2C
T=0

[28]
S=$99B621E316
W=-$E6B3BAD14AB366C0B83DC60790C0733C58C18492C38AD9741B18377658DD79189F7AD47F8832683F06D9E015EF4C20A78CDC28A1419DF97AC8F0E592D257B98696AE88DE7044C1BA5A4CC9D5F1FC1634770D6E1484ED65F0360C5CA5057C6213C1C8E04B005CD72709687E2346299173D4B8029F280644172C958CA238ED4EA17330B55BCDE7DED625568EC87FE4C8263C4F8A75492288EA38BD0AE38E2FFED2F0BC1B838D8571C86
J=-$3CF9D4D95DD11ED9362E65B0DD6990D01BFA3D54DBC9528E72F2943CA251ECB03E65BA35A24617851A142619DB11A3DD6D6D115FBB156B34B98630330CC8CF0E3D2C4524CB0C0A14F1C5ABD23D9FD2ACA75CED04FD6B5C9324461A78DEB9613159A07AA3D6EED626B43D7B1DE421898D1763CFF2E9D6CEE668E390FF8BBDDBAD776A70F5523D4F088EB7C53E28582E1F22CE5A9B9C728E5509CFBE13E958CEA1679B8F5FEAFAD58AA10BC7655D309EE31D0AE6AFD28F4A42BFBA88EFCB383592CD2BD5E52D4C6B297311F8525F0A6F43018F48B3BD56C380E428472BDCD9642D638EA9737B24854DB09C83A42EA990FBEAF9305EDCB5C47C28EAF11B5E727E55E5D7D125D609AB97BEE83CA3DA6BE88DD1B4355D197F97612D3483FFC4D1F2C646E640202C6B56B27F9FB3D698C73147FD712843295C7423428D4425345E47233EB09D616541CCFE2B8AF912E1F91D8DFF8
T=$1

[29]
S=$C8EB519A
W=-$7B410779A0594199287F78595E9F6ED1CA55A014F0A667ED19F13947A13783BD244CA48A110A5110823BCBAF95059F9180FFF9F004A53C6C846E0774D192562DE9C33DB031CD118BE13A49DF8E722C319303F6060A6383807D67B801015DFABE1ECA1B343D07E5B0CF8D1228CC59657F743897B67C3AEF24A99DAC40E043A893B9418EA4BA5357EC84B9A0410C0CF3A9450C5A5AD6D36A23FC271DE9FA0A68C37A01337FFA5FE
J=-$14AC45C837E754BEA42D659AC0F5F2123E124ABD1138A5A0243560BF8E120586E8A50C3E4F843F2969A99BB2ABB175AABB6290A5E4B0567906A859768EFA34C75328FD27E858A82D1CE779FA243FC1425D23F853F6BD01123A0C1229005365D47D04D3F1BA14465A784C652139CE307DD311BF807D1F0C41979FC5863856B0A8FF02FAF20B49E024E25EACCC48E385CC58C30F4E6EB9FEF56434B98589530730079E82BCAA456B6C2A4918AAA04E80F019453BB8C0FF80C9E0023A526A1D1BDB556A0317B6B1F13508CB341227EB68510666015FDD9DEEE6FBCC729D073E434330AA2C043E6EB4160D1C6838E44740D2A5893D3476B394FD5DE0EF5F556A57E17C5C39E449F1C9C22C8AE2CD33385E13AD2D6142F97DA7EEA5609D1F303D22A3E5EAA706115593412FDEB9D8A390FD140B71D562EE37191A194AD6488F9E6C6AFEDDA31380169DC53DB465D9C
T=0

[30]
S=$229830
W=-$78C263BB7A75B879113C3FC3B119708A261159B46275B939251C04BF4F8C66970E43F57C74469E88793B687FC9BD264D6F131E17BB698817924064511AAE92DCE1239799BEC7D3606CC1659098ACD99A54F61A787B1EC190B35F7D58D1B9B45397FB287CB40A229E3CD4EF84B84D55C65C6F48990E63E2B6086EA3006B95B535796FF1E3368969407C8A8B4E872270A12A9F30FEF2E1E07E763C014A709B0F96F041CC12A
J=-$2313ED21975581D0A506FF7E8C56C9FA1BFB537F82D7B4DF3418843A9CAE357A6F845D3333E7BF88BAFA0CFFFC5EC04EE741BECFED8EB10E07C1157ABFB2C1A4E7A23BE5B94019279B605DF864640E5C0903C8A401FE7BB424DA1FD20DA72ADC905C4E95AC114286652FEF72F60451A4A915BEF56B397E01C78DAD6892E267F36ED7B52D372EB3BAD2D11E475EA0B956288EA4B4F9CC00BFE0DD2ECF3BE6383BFA174C219D7AEBE7859BA10FBAC015534F369E12B20D9AB267429DBD8085DBF445E17C3134FAB87AEDDD3538F141BCF6143E484F9B35F307BCDFDC1548743C8B679C07E88829D50C08DA0086CFAFCC98C395E66509AD6E348F22F173FAA3AFE45E5D39762CD779AA2F21A54575EC7C7AD370D67EE9DDD05D1365F61C203C97FD51A65216CC262B0727371DD6A6AC391D78F122F71678EE8F597DB1EF4C85940E56BC27B0D6A9855
T=0

[31]
S=$263960592D5
W=$12E1E113D5D16F2D50BA106607895577CD5BBF05F1ACE490067679F80E0319574591E841E012DE7B0D24F0A00FA90B4F812CC73AB4DCBC4825AFF94A1F05698F099C2538E165F931891F4D616A05AC0D53553776CF15EF4B6DA776B14DA7B90A3A3CC40F267023AA5B5104604DBC8164ACAA4471BFCCBD607EEDB1BAAA8B99360DBA03FA9CD21CF824D0E483C7112C4363D81C3E616FDB77021DE49EA495217A096AFA9
J=-$22CDEB9E442C2A939E9C0324108319B4810DD4514386BD0B01D028286B4A2B37815865F3E342E860AEE2F5C18283B684D99FDE9F94EE7D3BCEA5510833D49E1BDC664542898A4F832A640AFF7B1E0F107E730CDA054FB987E2D295CFB35A8D7109B7B0F59B785789F948F561BC0A70DBF5B9733DCA54E7AA38A47F01E947BBEDC9788E504330C773491E5A05D0A544F894398D15FBA7583B8631C2C6A3A28B87A5D7F4DC1D3FE0F1DF0EF919989A411EEABCD9AB324A88F55DA2538E765D7874075BF13899F238B5D29E934FB804D4244E9B8F120449B165F082038BC70D7E2040B4222B793ECAA401C98B2F7DC9346804358244A575888C18D6423087851EEDCB05C1CCEB25E702E503616CDA839645E581E8E4E198B300121628D39FC041654CA4146863C40C2D3515E1EA3AB77F6BF0FA264705E3D227BD0B8F0C8F596E65407EEDD2574D
T=0

[32]
S=$7FC9B72A
W=-$3E44DAD2B33C91488AA3854517DE1B7EEF0A527040386B5DE473C13CD099FB408E0D809648E5A53985EA9B1D1F9E1C23EBC858A0864410EA23D50B06A08A806CED04CCA384C71F6060EEB0AE81D5E54CFE0DAEB4061E74FF62EE08A5CEB12FF5324CAC84A2793647FFA8D0357C60ADA92434CE6A56FC92D5A152C828353FDDE383581AC24036F2F70B1878D6906982B4ABBD822058206D0FFD546CF76BE0F6FF6
J=-$DDE1555416C66EFADDD157530060CBC7417A87507449CCE095351FC367F6F16BB831A9D153E33296CD1D79CF84A36DAEA1EAD736B85F453DDAA6788CC23DE8C5B5151288E9C6B3A3C2F8524078D7712823543233FE03394401116778BD4185961E9EBC472B59F5EB4CA15D33D0C8527D79BCB1933924CF2935D2F2DF5997EEBA08436D6BD7C43999059717AD6A0FC0361760E1E7B471BF468751BAB329A4B5699C5FE66A82BB5E68D24DC909ED4F8DC168283A624F83463F2E4B0AA4B64693E642B8B0741C50D5F3BC98C1540D5136C2498F3C75C7C028B23C36A2F0B5D1059E750AE67C8AAB414EA03AB91E9B39369736B84CE34BD751145361FD6938B22815E8FD3A280CDB9C73018F7C69BFAC13C346291CEB83AB3C555DC549819842B1B517A19D53FE0FA8031E9A1A9107B909FEF024DB1DB91B7D0DAE7CF62B899924D01
T=$1

[33]
S=$951EB5E10
W=$15C8B5AF47DE762DDE46652E68F45FA3AE4F8259B6928DEA19F460197E578247C18A27BA024E5212FE368299D72D0D67F4534F981C439ED5A4818DA8CEF15E708EB2C9F8E83BE96A3D129D44299C6D5CAEF0CE20DC03F611C76FD8CF0F36898F0AFC474C9F00027C959E4FD688A59C066B5B3C430727036DA036F7411CB7D33506AA1B38A8FA5DA781EF3085C2EED8F23DA4F18F855158655E61918724EF46
J=-$EA62F28EDAC6766A2F974CCCA732C64053EE8FF9BFC7EF47E70300494EA8311E366F470813DD7690D90EEA5FBE03BD8A02F66332DD2607A0735827B34AE6D0C09D5510B966548716C845AAF6A794ADD50607C86717E9FD90468FF4B4692836E41FEE7334B0527420D8F6D5B7B6651BA6F45B88D1782CB71F587E005FF61AB67FE5CE869CCDADF8581799C756DA9011D7FE4C188E823E0B81F2CC7711B8C2EC939B5DE97E5B59B79F7B27F02C4D092A559785FBA6E32A5EEA8D2DBB2A328510A3EF0C0509BE60C2CC58D7149C2EC85B8FE8D38A56F9190A10D93DA3DA3F0867FD7713A7CA63543DDA7907E0C2CBEA6B1202092C6623F71A08AD83E51870FD87B2F364590DFD1F1BC5B1C2B822142A2401156D17D74B74C67F7156F7FD917057DC56BACE44E956BE7DED4E02C5C0E12DAD40675CEC1EDAFF3ABB3BE2F75
T=0

[34]
S=$1C277
W=$3E8DFD20BF4F6C35ACF850019F3A0E2AAF286421288B143534CE4266DC94AAF14CD453AE644054BC6A7964CE0C6B5988BE7F99AB86B1E6F8C92E54ED7EB3A631B382E8AE42B49E67838ED57E70AE6EFACC85BD452DE40A297E9AE70C105AA322AD84955BF6665B6D9336D60B63B3AEF40878035DF38CF70975B85D252D49B9BDA48B032902ADD6D7ADEB2B4E4126B485F56AF38434565726B9843A0C9
J=-$45063A5AF2A7941EC78F32B7F0F09E97B1F5EB46202F5999DA5295B41966B5A54E96A61B7B2A335C588052B17438BF26C6167617125E9CAB6B5BD5E70CF151313719FB32969A0671B6A59948B5E443A60A945F94A35A9B30A3A7BC4ABF468A86E7984EEE8DB088AF4773A0F60E4BE6CF13D9B9D8F67176DB62DC0E31188F270E01745348A316F10CC8328E3D7341F48A1043D901E49062EAD0B5FB8B0258DEBE1544DF4FD505AE76796AF2C4F841921E1EBBE900209B34AAF0340270EFEC062EDA069F73A3B2701F19C269E610AC117EC5F7D6FAAC36E2CD0A56CEDA203FC64F7CF24DA91669BDBA6A146064019B544EF641FAAEACBAF0E2294E1AFC42C9BF9FB8F7CFE189795972F2890FFEDFC164EE83AB75B48FECB1B42FDF391E5FEE31FD2B68CC99295F47E9F3992EF8F99B4F64C994731198166DCA9
T=$1

[35]
S=$30C0F6F0
W=$D81457673AA03610A811A8714103BADF6B236CBFE4143DB5E7297C2F2FB36DE588EADA951225E5F890F0F04A7DDC69BBBA1D344DEE78A9BF2BFB6047C9C2F476633223C189950BE29E89816F30B9068959C3A7F65E38F50A507DFA86DDD612B7F19523C25101343A4B8FDAE7166A1F849EE9A8570C4C3744548EF9AA0DCE8574F7D344369E522AA286BF573A591F4C89F198D1D53BDC9CD1B7AAFC
J=-$1DAD5918003C284810D150CB34B79652D329C39F9007304884608867412854371121111F9527CBC2C1F67834FA9552A38081548F29046EAA3684797E24178E07B875E52C23A42FA06CF7215076AE8A7EDDD375B2461732D504DEB0126951BDA8FA196433BF7D60F7DF4A8CA447E004FB4DD2DD5D5471DFB81F87E33F13B2BE0FED13C011042FDBA1A00917217D2D5E0521C57655E37F561C923A0C6804F3F4B38C37916898B56D9166C9C8286E60AB53DE23C6E40333F020DF4EDC4D26880E98D51E875EEE77355E6268683AD62A521DF54E33E431A485C8B1C5F9112A7A912E058832680F7F1E7000D2F2549CB7A5BF2E059DC58A26EB43A35BD44159D1BA889651B04CEA97E64ED1F18A7200A982BD0FC05E222ED96E3BF8849AF364B1D8E0C0B7A8A33AB8694DC168566DC88725FB6EBDA8CC14745
T=0

[36]
S=$2A3D4DD0
W=-$1C94620A757AF583B3C710C7605BE55D156703CD80D1FD38DD7C43A47B907EDD61E079DF51CD8CF0FBF0622530ABD3EC7E0261EFF180A2B62217186DAE2C73F43C1A82DB6867EBEF0D8948FD83EF580352E93284F618EE3FDB161925FBC9445037A0E8F5491C181557F856B93A3C5B25B779C5CBD7691194EC2D7DCA3E98D3C82080C1B3E2150C399C6D01948492D73B13E7290247F27981C42
J=$DD37E2C10F1AB6DF480EE689919CDDE98838251FB198F4EAD932709550E74B5D3E702A327717B3CFADE85F7F724F6B6EFACA9B5F1EE66453AA8586E538F65F88DE70AE395FF079EA18F1F1D8AA59580160F19F2AEB4900C82D83A4206C545FC9800089583BDD906F9C8E46293FC23EE5B9931DC0EEA9299C207B3C2355DFD8A750E680C45D39459E088D2BCD234017F5568F41A5A4D492E036D79C0F847F5FA74C41DE2082A5859CCD10B3DF8A4AE9F37BE8272C92B24E1BAF8A214EAF7C0AAF3F6AD9C5F81A99D2CCB8824AB684B6ED71DA5855B8481363008F13EF5479B3720F8AEFD13D6F962D0135EA9E01E865AF15668E39BFAB8944AC32E8CBADAFC078D17D51B24B899FA8D45051185D06234D127C4BAD960B6E031D74DBD814F50F0D808459821D86E96C2C8893A2C46A5E381529
T=0

[37]
S=$2350099
W=$1BE2F8B0FCEA375C2D034F13054606A0CF2A8322B7803B2633111FAD9EC967436724FF13C2EF3A726E71A6EEE5295FB644ECB16D2E232E4012B236F84F57DB3A9C3882866ABFCCD68B7161B689E5477A6C245923498C8AED6DA47DDCBA0E274F7B3B24F8F5BC125A857977E2D0F25BBE9F6CCA4C769013E44B10BC4B8D0FA116FC1475FDF489EC3AEAEB812E29409DC63B112C5758644AB3
J=-$42063D05FE06D2B32879021A22E161F4A24418804849D1B4934071A489E8D0C082AA56AF2C0CCF7C0CE8F70AA71D2BAEF9947DC068472EF1C351CA45C3328C948A62AB4B29666DB8AA723EEB410E69E4D06F7E2BAD9A65AA0189097F6908D016FD36816881947CBE03686E9EA3EC12B34E91D280A0BFE0F0D488CB23B4E3A02355EC478B4E6E349B518AB05FD5FE97372AA121F642CAA8D6956FF99D88BC0790D4559956F21C04BB8793F4EF9B5B2B42D5C086A0D29412D98CEB118E4BD016BBE006CA5096299ECF15F08F36F63DAB61ED8103B7BF62AF07DB028BF4235CE260790BFDAE46C48E7E2DD8547E0AD2DAAEF390B76A8B4631EDE71838D1E4F7B5618C8D22A8DB891414AAB28B3B72B661FA574880BDCA013D4A870C7B6B7458CF644977DA18BA0E98C395FB13B6DAFB96
T=0

[38]
S=$5E5A14
W=-$B012132A1B753BC14D245D4BF4ECEAC97A595C528E6D016115CB12DD15692F7F3A29C756BC69F03B0812A027C236536D1BFF6DA73F0E9BE7A11F5B512CBE0D217616BB3242C52B6C0F878A3F18187C0802AFD65CA3B11DED3ECF72DCAA0629B71442D6723975FFB6E68C7910149267C90C74654B838CC5003978CA35B44BBBE66C8A25426292DAE9DC55D04DB1DBD83BFD96917D4828
J=$1918AB94C8D2F898D0B866CAEFD359B17451039006F1BCD3A7A218BF4BCFEB31A88442B42F352ABF05E250753E0F16D31B24978359D688E0A3CE4456053A74624F632ECA7D9FA925D6C0A3418F47347943BDADCDE542E3F29D2DAE70C946EF36ACBC1D5AFC97AC8AA0503A245B24F2FB4AAD477409920CF582B6BABC0E58A11077DCC364F543A1BBBE3608E166F667CBC7BB93B2216E5B71CA4FE2708A789FE1CE2CDD6AB6912F7F04EBD0B19E0F3866A7BADAFBE2705E86A64BCBD3083D3D6902BED3C717FA2D085B01BB3FB629E4FBC784E70802F37E68B8D72E2FC158BD3B81622FA486DB6986CC953D6AE80043B906DC95FB847FE8301E7976AC89332BB717CE65E331DEF5D9747BA07F6DFF90ACF956C78F757F5474A1F2B0A59782EFD9C769B9473CF004C7C4906A9E
T=0

[39]
S=$79DB4EBF0
W=$712BD43C886A12AE4922427FC4A608F41212A4798195EB1A456162BF25228F2C3F4B20BC263CED7115C6AB590344785E2CCD2F095CB31F6863C424664C0B2CD1ADE2D8CACA84EB780618BB4D4561469CC89117207E6D125F43D03F14997334E1E43C348D912D79A22D7B2DD05F2D308357392924EC2E866C82B78CA1F3DE383AE1EDF967E104D81B3A3FAC6746F639D92DCD1BE40
J=-$14F03CBE26224673E32F43DB620A9C4D746BFF94723024C41D81C0C5D6EEC108988A55443AE881ABB02895A7B0DDBFC0101708255BE0EED0C9DF8AA99FD2356D41E3C9333CA6805296D1001B66014827D3895331D59E1219087C6885B7B104C5D3CB6022F66F299EA7E97848102DDA65C84860ABA65FFEC2493F087AF60B922CCD9565091855630880150EB7F89AB699C0625B676209D717B32224A6343E69861FB0F9913BB447F69288216018A4CE88CF5A9BA04FA98FA401ED57F1B69F9E50C4AD654A816DD5514731B5A0DE23E98DFC534834161FC90F6B95253604E3231D293EBA1C35BFF7CA0CE607E57C172ECFE3E813D8DD0E4B63E3A3C924CE8323F04520C05582530ADE9DA4871D619A7586B4DF5888C70731BA161A14A8CBD401AB462C783C9393488829
T=0

[40]
S=$125AC794AAA0F3BE
W=$C44F2C53B8775BF0284E003EDAAD135CDFC13B3BD9DC1F0023F7365F95C170BC178A596A7DFB4BB2F2C242CF55F326826E8B840B62FC7A135DD5C3CBF77DC247EF7410563A036FA20AE0E04F454DC9AAE32E8D92329E220D98670377266BD1DD8B358BFD82F5524D718518FDC04C98FD5CB18079A8F463571A990F3A2866ECC02276775744DF5D8B0451584D219FBB624375E
J=-$2A7CBF22B1BDBF74F5B7B060A7B0B6CB42B111AABE0B453765CFBAFB29992723C4CA775EB1D6A596363AC28CCE3F43721C2626FEA6823A2A27B0178752097EDD61F3C05733B3C306BFCF1A6614C1237612519FDCEF312746B57CA656D22C98F7B955E620DB703FF6034315158F839AF2605603AFA93280378E6A9849E0F6E66EC5C743711766E9FAE39AFB863BD60E29A32973B8D2BE2C07AEA58301A34E12778F66F4F73AC9CD30FD929C08A2C54655DEC61917795B8F16D0ECA5CEF7F11E9935964456EBBE918BA71949F7AF449F575BD055E14D129017B87EA6E31E806E012DAFAAA167CBDAE4D9CD91E7026FB3268A1A10FF8E489811A5128CB055F73A1D9B3966908D9B9EFEB06E7759B7EBC2C1EB61AEA2B89A3F42A94161559249F11507264F7F9
T=0

[41]
S=$25C880A4
W=$2D8A45E96DC35CEDF9C2E63E489A9BD1DD040E249B1E9D43214A9B679FAE8023B33672CB77E44F010C42D2A0156FDACC4C05ED756BF8162D938E63E2518325DFA0FCA19FD0593C6EC1D190D8CC3E3673C11A908B8F8EE0C4A750947E6EFD48D58CDD2AC6945791BD8A4CE909034C44453FF8F784CAB5C8F307FDADC5C4350326289A482941676D468FA02848C2703E
J=-$735D12D7BB768F2B6DB2689DAE9910A699A40CC53346C4C57C269C03CFEED6613845A3A771AF054F19BDF2AFBD8AAFD4D2924CBF68C9B9446E7EE87565ADE24A8859C4A3579EA39A415140CD31D13622CAB4F51E99396D62E508FBFD648BA128BF03AA4BF41160607AA33ABA7752906172B5E7FD5594CAD1475823A86E579843228C6320139AD71508028B9FBC395FB8A4D025F58CD313381DB0FC625ACD1F221672A9308B443AFB13037ACA42E6220EF7C128C94DDB9878EAD9CD623D6BFD0D4F6CEDE2F0D3EAB13D5AE331FF5126D94A3E7AE140479EC839B126BC16592E3D58C1AFEF4272CAE13153FA61271ECA1847E5E5C997241EAE5BC800BADC859BAA51C7E6D2DE86E65C441409520F81F6C78AD9874782C5D638AE9D054A37
T=$1

[42]
S=$9FCF62
W=-$6915E46531630BA929D43765948C3CD14CE519AB7E091F959DE7490D10E937C1D29FFD0A02CC368FE824203AFA32EF2CC5A9BE700F1E27FC2AB7E4C16D554AAC8C4943F677904735F7B050AC33390642FBF6DEA18C89C1CBB1805AE99954E63561185FA01B95836435E0E218619E396BCC063F8424C737D55BA127A51C5BFFD7E20E2C9330AC7FB594D8EB8052
J=$5EB7A28DA573A025D162EEDE6FA14118D674AAAF1E1153DC25927A16ED274C029C8B57E1EF642B87DD87337CF0AB407D535306A67EC8EC49582386C500131D99904893F8F8664467DCD599CFCBAF32991449734584D6A0C450A3A2B7F47D7F6A76BBA21057B414279A74B27B286A09526BDD5C96BB825F86A9F6E6AB3EFCA9663CACF8CCC5E129533B485A2C14FD08DC6AF4A5BE628EB8F08C26EBC0A725A9533359267554D9302692319358614BA3F373128A0BE68DA0C645A5C846D2D6350496511442055E0E437FCEC9F25EE13739D826B22C758738DAB71DE734D98E1ABDE59F83F81515E80829FD1C1A0D2276FDC9610772D21D859FB83839920EC456EC0D4DBDF4957E0096CCAE34AEEBA344059FCAF82C6083DE6B1BA
T=$2

[43]
S=$292A3A
Q=$2

[44]
S=$4D947C928D606CE5A1E
W=-$AF12547E680ED02555254D8D8DD053E99B9BC4A1F43581DE005CC110BD8572B2EFD04E8486818BD466AE5E5C06880502C12A8CC855FE7CF3D7F0E6B2767BED608DE555722415FD2B70795FC8D498B3DE9C3227ABA9A315A3FD56795BB90859C5A3661A43A7281CD0D6D764FE0648CD699A201D5AB78DD594834F2093F1082CE2A784EC633532768E091E
J=$29090209B5ED32E39EE427C76E2BC891C34C472A25429AE06E3E0A1955302ACBD634B37C50A6214C467BD681E087D45FF33F43131492CE23A0EA797F719F3316F0ADDB210F2583D3996EAF03410294E8680669E262E65DAA439E3F646C04DBA9A580607E359C79B18399E99D36DA94E4D2325749AD44F319B5A7DE8ECBFF90D9FF9F71BBA61AC2E226F4B185E46167C210F974101586133697FF22CD74DE5289F4B30D56AB7780285DDDBC347D0F9A90A67C9DDB3C9D61E0EE9BBFA123D5FBE1E7AA54E87D8276EA6C4779482E34AC6DC75B1CDD8ED504820DE3A52F5D6060F66FC06359DDCF340C665D8C74C4F0790779D2A9363E3CFBE14AA4346644675CC94F54CB4F36DA43886AF58C0692ECFCCD6947677F
T=$4

[45]
S=$CE27774
W=$895E3D6419C16ABB7EC5F3DA1D21CB660E50AF3258D6ED260702E5615393375C6A3C756229ABF3149CDB0C51A0E95FE738FB3DDE12B416636E7325B9346FAB167226DF46AFB40F7B7B4D54B3610D39D49BA0F46954A5C77F3D44FC9F9B45FAE7DC5BEB0D1E95FB9ACBB44AE1A7F6FCDC9CC7B36D61FDCF2149CE6093D388F170AF45B415092
J=$6EE6CBEBAB7A8E9E4C925617766DCC44681EEA6BB5B143C2BCA808C148E84216D96C46F53E6292D4021D900ACFA2166380668D0662A2D246F39BDBE7E671906453469DE9E3E88A75F3CF225764B11AB3D7747B6675943B94EE5A7E670DE2DB87D2C9783F64047E7329640D50D3D4572128C60C57187CD22A5D90CB77925FD4EC9453C0345C1BCBDFBBDA1E558EB5455BE4AF5244BD5BF6ABC9F05DEB31BFDB23232684EDE1EF369007EA942FDC145B9278E427237F3F7D1074CD3A87F1CA8BDE3B5B6B00B803EB3654C20FD0B744EAF45144206F4C77E847FA0FDD6BD4F4C1626EAF3EEEF29635F3290712465E4966A05DBA5AFD69FDD153AF5D391EC0EA6F0E1ADBDE4C3F7779E3E681C
T=0

[46]
S=$72704D
W=-$2F33594AC80D12895F7AF006F48BCDC1D3C001A74C8BD9BF203CE55E4D6907BCD3CB52781DD2DFFAE4BC59EBE0A7F1FC7E96322E258D5D1681026CD510F9F184457E0DAC27CB13DC5C9DC940C6DBE00F1E26C8AE5E6A593B9FC175B28E75AE42B34C9D641A2DE1E3E7622EB05BF2830B6D7723413D95AA7AEFAE6E49DE9348B32F073665
J=-$D4AA276B6390C9E78C1DB10A5319BF1833957631D9701D312C6CDFCBFD74B3B279CFA0F226D016AEB0377493541389ED9535FDBA4808BA3E6970E8120957D93202352691008018CC7FE5B7F975264122DED65136629FFAA1BF11ACE368890E3CCDCE80244E52202DC495089D7B89272E9085C38B31A693C5825BF3BEC6305DA116846B19AEFB3846565237800C167936B98F41142706D8309DCB6FAF62228B609912B7E1AEDAB8A4E03E1139689B6EE9865F61672CAE777E1A6712CEE542668224250BDE2BE3D2E1FB2E892B5DB77AD012F61AF8CB95F9E7250A3EAD83F38BE7F16339FE7D6BFD3DABCD9B266CB474950DEA22223B4F83E92CAEED211F8D565A8D5F628494136A
T=$4

[47]
S=$7E990D0
W=-$435CFE8331C5A155C452617A209BA41825034E4A6EB8D92414BBB850DEE9A455AABADBC05A9726E08A149E0EB07D48971EB870E1F849F94F74C49AF88DAAC028F1B7EB482E68780B2E93058B4847188E0C5DCB9BA246D413BC2993B181FD11A1118A3AB4B33F2C63BC754E28FAEECD65DDEF9609CBB21AE299508A4FE3A4F5D0BC6C6
J=$16F0BED4D1F7ABCCC5E8E7B6BEAD9599699FF97DAA5335C0A9703CED81AB7A00AB07442D4A47E40BF884E819D215574C281653C6D373BD48EB8CA7026B153B7F4D18D6CCD38FBCA91BE3A64B6C0406E0C93FA8C84AD246D21528EC04719F3A64C68575DAE48904F3E6DAD2BC870B38456A6661A32C54B9261923FDAD24F22E14EC4CA11D1021F65933D0CC0BF71B932AA7CA5161B87FEB1D143F4ABC7611014784B74262FD4932B114791E239A7FAD35B9DEEFAB96D07189AF708068FE99091DAE7D982665F022F7E78A0CF04FB77DD5E83B189F8F8EFF1585A322EB94A1BCBA2AFEB4D1F471E6DD577A48D490BBA8D1EB276C3AEA1CEE0ACFAE0F95CC2366EC8C8711170
T=$2

[48]
S=$8330C00
W=$10D600093524662D124A9329ECD34A48A5A9B4DCC6CB248BD01DE5C62D82E8FA5136F3A6AA4B45FE21C3CB16414267363523B3459C6D16CDDC6DBBD9D792FEE1417EF2EB3F41F9C904211F82824748D8464CF75F75D7FC6BAF0E1ACA38CD72E66CF186E909897FD48D842AA62699D76BB5C37C1AE16116DC2EA27717D9338AF316
J=-$2E1AAB0C321549FEF7E861FDBC265F41C1F103F41B375F046821DEAA6E51F99AC064298E6BB6BD938F2AF7F983075A0A6EFA179A6E522186BD9170CFA09043CCD301D2A7371C665158CF0C3C9E472446ED8CE76A11E10807DE50BC354D4145EFDEEC7D8CEDE9A0C96F7AE88F34F18F8D4B9E57F9EE59FFF9451FF3092C670746DB6DCA7D77925164F0EC0517E04EE530EDCDC4A22A21DCCD70EC78386C3384469732ED6111891A11036C7ED2E8F6FB95F86B758B669E4B41C1DD065A9542490BE42A300B0B437D11B8082D2E661BB446C80771B77E78AD23E3877F667E537105E495C7B9E79C99DA3C993AC8BC6DBF3197B9F2102B294A4A8FFAA1CAE20757860E
T=0

[49]
S=$E08CE31F
W=-$505E5EC8B6B3836B7A59596FF300059C741C4DDF6B5F8FC9BC8B32C7B7AE47CB9695D4B31877F0CA9469B1D0F2FDE2A6720DA3825122BFE25D6AE70F6F88D497B0EEF6A20AFDC9566425EE10D2DB5A001D1A998A49994A39F39FB2D14182025E6C8108519D0B5FB6FE1285FFD1FCBB505AD9D20900571574FD7417C0D41045
J=$821CD4D42A8B948A65CAD3F357DF11BC97E560B4967257DFEA23E84431CC0EEF8F66F617CC030058D848D3E7AA936D69CF0607AD202883307D4E6F234F1DAAD638758997DE7E8E433BF9A818482F56C5C914C262AE5D88C4484BE8FCFF745AC57C67970DC4B40B4680F44406563FF0FA903B3E1D1DB0D34416A98DFD34556B3D48136D36FF1C9F8DA83B4A0C1E18F9D16669C3616955C059F2A071AB64FF3F6315DD6EDC1F7C6FB2563E68526FF694D77FFD01A7C0C7FD4C5A728171FFED824AA5B36E0EE5AD919629BA9EB06C2C369EB67FE1EC543ACCA0C59597ECE66BD9226846F5FB14F3B15F7243019339425EF25E9F99CE1A60CE3B413DC6983C1
T=0

[50]
S=$321DC46BA
W=-$7DA16C35F006B9866E7E69B7F9CEB683413AA8A756F581242930F72092A57E2C5EA74EA1EF286855480E82B839D706DBFA2FBB1EF0B9C4A1A3D15BA99B24DDBD2C2033163B1AB8E5FC5B6EFD8A7C2350DD8F4BCC302C00577F94A818CD7EF648E540E2FB9D7BBB4C447CF3D277D81742174764570079E4CCFE4BB44A5E
J=$8D599BA31EDCDF873E0A18FB730DD7233EF4D2DF1BDBB478DABD63E6672E53EC9B1380C7E6BFEC5437C28B3B45226E87B53F60E06D5FB8E68A078E47DBEB8B1996753D26059AB98914B54C78C0493151E173718FAB1381D082E068A1F51C545CBE3CC9E0B23A71D62865A53663ABA7F8ADC94F182ED141F1949AE75860EF80888841FE57FC00337D0D74E54D44DC4A42D4CBF4076954009C3BFA8ECA0C5333A85B57D275E7079C1BD772FA97485BFE9B809BB567808F981BE8DA8A8EA9AD348E9FF528869630DE19A796CFDBDE46AD0212149D1D905092EF5B3609C7E655005FC715A1A2087016939D550BFF65F94DB392180659406F2714D3B
T=0

[51]
S=$1AB9FD74
W=-$321F9EC8B27A9F7AD1F74FF669A568076C43F08D0DCD7E840D222A2B0CCE9105BE0DF632093DFA13A7290BF45EAF1A4EB6E2484B48D2BEDF3BB49D9ACA3719C39B7718267014877FDD5EFC617A63002AC7980F962B0EF0028037067C2DBA3DAB3454A9C704EC5565F951F2AE6B0869BE595F17B232057ED5CD7E98
J=-$3487FB55AE6A709138E2993F0A7278B1A477F4EE322F30337A660490890464CA2D76F1812DB49A2F54AF286E69945800C9389D1F42DA5F27FC30E931CD8218EF84DDDB5A0D0B49E690E5EBD3918579145732C3E16D32244AF8ADB932517670DD9CDBE174D0B3373BD981D9FA6388294A4214A9A0736A3E729A7BD15748BB75069C44EA0C8E472DD5B43251B8E460E6D9F005F96C43B12ED1F1D99EFCB15AE5FA4B1FA73DAEA794ADE5D0AB0B93C1EBC3944DA87E7185D1C7F582B23E13F250A466D3C3F043E84F14D08823ECBF6D15C972BEEF3E11E533B434527007B7BA2C06F57908C39C35F6CAB5567E4DBA57FCED937BA96A205
T=0

[52]
S=$4700AFD2
W=$CEC8AC8BB5B699328E21BAAB296826C685B497852339E1716163CC0BA605EEDED2B51E70C45DCAF7513185B8A39721E48BDFFC91AA5253BE27C393AE109AC224AE2CAD82AD57CB79460932C5EAF2651FC075B97799CCF44DD68D3116596DDD76FF1D096D1242B47D22D50C3E536997BA66B68DBB503462A2DE
J=$4E05E1CB408C2576F747B7685DD9B42BF21CF5C1DC0F5613CB2312212F72BAE17A25FCCA563DAEF1617E3F4DE0D4F6E527E6640AB638268610D9EA9EC3BE0B3E9ED8380767527C9244377B3E8FEFBD859508D8D8BF69085262BAC9B0CEDA77A50E772E26BBD535266D3188218A793795EB8999811331D405C614DF4AB8BDC161A3A054EDED2D963D711072F2F6BB3534E13CD32A2F836ACB3C4CF3203C57C7E8C43A426597A1F962090BC34C8CFBC77B778FBB570BC63A70142A66122FA8C2C7CA89AEAD77556B0EFE9A0E83F6EE6E886EBE2DD608E7B7876C1F914A601578F2B11F866ED2410F4CF5E91B3B963A64641DC
T=$2

[53]
S=$1CD0DF28
W=-$130BD62DD4CBCE5FD6588FE986B9BF28CB3E24DB6B800D2432069A28509D30E12021A0C3F8F38186AF4B5F1A1F21F5A90D62632C193FA0382F1C47CE54DB202FD6F063723A7626EBCAD87F56909B8D8A936AB23E41A0D9AA774446ED4C85AD5BD572FDEEB7E1284D93C7F51FD7D9128803C828DCD57AF12
J=-$5B44A7488C24E77E5E3A790FFC9EB7D5DD58568DB8738567237077AC221245D21F33D93CA0E237D281F485E2FE60ECA7C74F16E53E9FBED5010937813769FCE321B3DDCC73688AF961961C88144C3EDC023A1FDC39798517991385B81CA2AFFE848FCD0B3CF4AB5BDF6E94D69B26313E6478C6E3D9B30C456754D29901F5E877776FE28F577F856FB990040D716A2F01EB9E2F8D96D6E4362BC196A566CEEE212CDB7AF29F2B72C9DB85D2F23DD2CC291120315FC41555FD78F02AFA8D885148DD72139A5D5B8E8898E1985DE76B5AD417E41FA14655A96B405611B2874A27B732C8FE8B645B483848AB666CD23C
T=$3

[54]
S=$493C237
W=-$1ADB92F6730B32577CE48573E9A481CA57BEA364FB30DC1486D5B4831AEF11E0B5FF0A3F01CD55EB65FB7849D60832B30FCE0E97ECC7794A490F2D5542EA08638D4FC831D60E8722B705F0B8F432394ADED4645DFE0BAF7FD3BA5D8361195EEFE31FEBAEF095552F13E266E37B861BA3D649988C527
J=-$423D64000B98924DF1DC8BF4D327D0AB7A3256055EFE095E9E167F5E632B9C72153C2060ACD22B18A509BD8A984C64FDD0D2BF60DA1420567A16960E764595481AEC9171134438BEC576F45570CD570DA41A20DDF80DAB10F5D05975AADFBEA345D2BBBB349DEA3DEA5B8C80C0FADF40959F8AA3567A54B593CD196274BA35BBBA7107B03C850E741C561E0E99354CDE59B428959580BED037B9BAF91431809CCD69D018DFBCDD018599BCE5E815B06FE6ADE3FE1ED08C2BDF3E03D67FCB7F766168A4A8C67D165CCEFB607A2BD972C7EC2638F6EA85BCA60E9ECA855620EF70A6626F2079F51E02AD9CA
T=$1

[55]
S=$11D80C753BC213
W=$280F03B75A9A5964D061973FD6BBC044E91BF0752A0D96C0C562880B330A020025606AF098AA520C733D34B920BC8BECD83FEC54006FB1A12831C0EF04AC1BE7EDCFA0D7FC344DB81C4EDACD41ECA0BC733D6687A4464FF2EA728F162ADBDDC2A2E99419CC89E48BA89E445A154CDC22829CC67B
J=$9E015B4B57B5C592353A3D14848E7E615C95464983C89367EE35F189BF619C2C3F813086B7388062081BA40B02C93E0119855BEBEEA3B771BB0F3F628189C37472040F3E0C62AFEFA5D41C21634AE0B560CDE04502EE9FF0B70BAC3291F632872D9C79BEE21DF8BE48EDA5F21B668EB4F512CEF0D5A87A3A2B7D20FBFDB39C584D641407AE951E12595BEFC62E56635D5F92203875081B438733AF496B66EB296218EA4D13D93BB7170528DA8052A3612393D32C3EA9C8051A36EF5A382FE55026960E588E28D0439AC96269BF13DC91756F2C1E68E1AF53E91AA2EC489CA15A146BA3D12DAF70
T=$1

[56]
S=$9795E9E
W=-$9FE5F5D6EDA0A8F52346C6C602A00DA830F7025D63B0E7DAE7601D53F9094BC34F7A0967486FF42E65E94273DA6168DE19917AF57BEEC0CA13B27D7BD6FC24B195D0C19A77062DE1756FCD950F6BF710633512FB471DBBFA316DCD6FDD0911413CAEC5BA9624B962126C082C4EAE6F7E4
J=-$2EDD3991DF89C62D5027D5381CF413F3D3DEFAF65AB9C6EF8472020851F216D297BBDDEB307B1B51879D1121F09F302EE857B3D54004149A4C51BD985635ADE780EA1E5543C56A5B21C3D24E5056037DC952491AC73A331CA6721544B12993C6FA8D42BC67EE7B7AA0534D34C4493D5137992C353DF479C543DEB80A841121432833500BD6F5F48B1E457CDC748E12BDED4AF24C1554BC8C1D8D79BF800C9F691CBA78B2666001073368ED5F51D863892230C67501E62A921B57872C698F218C177E929BE4BE0AADD3E6AD64CC0A2EBE1ABA1E352B13378E9DBE6E1611CFEFAA0
T=$1

[57]
S=$D5790
W=$D231A7E9E89203377AB6A4F2B679A2F7FCECB3F1C49118C6431652279F35D57D8E14D01CF03C12574BEE1209645E61B3A55C8CDEFBB6A769900B13F90060F5B770745E4A376AC866E5395323A7760F3DF3CFF626779EBD15EF78B6A5E64E01D0480A3EF2362339F85AD0E37A2D0D4
A=-$23
B=$62
T=0

[58]
S=$228B893D0863FB6
B=$2

[59]
S=$269B02C
W=$7C49074E89CE8A89BC16B5075B05F6A5FF7A8D4CBD645C3713FA7CD30BC20B64F04B38422631A93B40CBF7548D37145EC63CC2DC3ED37AF60AD56A31ED988BDE8794FE9A861364FD55ABC445C94AD6962437FF8346A278351587EFE6C62BD10577D276B187EF5C45F100
J=$3A84340D4E0AAC0D2808BDD32C3A9A1FFB71F9C69A61BF00D5D8F45730FF71689772F50899AC311E2F29F0CC841E7FDF25AB03DAD7287277C8416D75F303C2AA5AA1410423AF4CBBFD5364AA99FD516FC5FD02DAB5E67D20C9AFD6D81E204BE5E807E60DD4963323F63658C7E9CECFCFF6148A4C43A9FF80D5EB4D43F278A17190694D0988ACEFEC4B8C0D85A678FDF2596C1648B8353DCD8253B4658F03A0A883E0EF92E2E728831F89FF181AEB0BF5B5CDF9DF89337F5DC29389CD2D371F344A8C1F4E4A99168E7731FEAEEAB41411C7C59DA
T=$1

[60]
S=$DFAFA14
W=-$C0B1C06F7A3E5E1A467425EDE7D842FA082295314A1D426D230A2CD28FBC47B86EE01E7490FA9F0AEF3A2294F17B9BA5293E74DE95DC788A210876C9D93AC11AA9A5717EE797046F33808810CA5BF49E181E3D8A758CEA748761D04307D25DBE754E6BB6E15D244A
J=-$F99E4665D5C9DF4F37BDAC7A6888695467B1EE19A244F43997CCC201B5F76329B7EF0B6AEE4E393F0D16B3BF9D1F486B3ECA58724A08218FB1B55752C49B51B6F2B5A8DAD3DCF0105D112AF3BADF13782381E42D5AAE6F7AD09211EBEE1D0A6E40D2187545FB1B66F005247240880F47180AB245AC4885C342297248A1A5A16A5958DD7277F10C9F6CFC406529588EDAE58114C68827964C44ED1B9650A53CE08D251A054EFF43B38F0180257563483AD5A31A183A5B2E9DBC32F62B551D613D5313E919F2924898BD1051D0908E8C1D
T=0

[61]
S=$B6F55440
W=$CAC329DF75AC6F350655525548E678F618C7D1A80DAF23BFF1AF4011D070B4D0878420F1EC0E9246FB2168403BB2D14A5138C497C8C6C8F76FCD55D71AA1BB1C648E2738591DC7541581550EADC53B04848BD726D3F8C809BC8EB4590D7D5AA269B0F7D0B387C
J=-$1A270E4316598C097A7ECA9363F4E6521D534F78825728EB86C417DC066E057BA1DCD7A76CF40BE4458DF91A9BFDFFCFF155E16001D79BB6574F8285A4EBFCEDB448852C9AF6493D8BCF6629687FC8D696B7AAD49E042BAC0F305B3E0858C85EEE0333B91866E3A1F951397395718411A450D7923AE2503D088F31D2B507197C70BC402FBDF7C1C788955D00FDE6EBDCA9AC057CE8BC31F08FF86B63B904988707B32D621A64BAD143C66B94456DC308FC9A9D6A4DEA4FF1A912B5D6E8EC827042A6232BB0CF7C684B0CF3B88
T=$1

[62]
S=$1513FB8C1D4
W=-$1F854EB01BFFAE2D11FCC0C1902B637E98A94EE3C9D29B16EB1B78755BC9A437E197257B3F57CD94F52538833F3A425A9147DB4DB2A5209E76A0D2D8A7A525DAA8F9425396FCA2E05A1D370A48306575681AD975470DA555FCFA060DD299C04C2928527CCE
J=-$5844CC746F4676A0B0418100CCFD728FAF54055B47EF70DBEEEB3658F6937957E68CEB90096F15731704ADB1E1CDF4CC78B9713EC9BA83EF81D38E62EE3737386EE2EB321DFC459CF8602D95A7DFE7327A9EC32B934A249FBC73AE7E22D9F549BB97ECC757A629DB73F6FA0574A5F811D179BFC40673AE72BA72274BB41548F1435C55FE158B62AB67AE3A321384CB946EF567045D44921C578489111E39AB679E4DA23EA468A4FBA1C4AEA950A8BDDC5496728BEF1BC0E389DF8B3BB9178FBE1E7DE253AE938F0048
T=$4

[63]
S=$B7F2F145
W=-$4F86C06EBB3BD4587061799DC069D211BDD15907FE141795F0D49BE6979F06159D153C2189A5D2F867B57489003B427720501697CD24BCBFFC4D5607BEF1BD590A3A628EE0C6ABC611DB89DCA5D21ED1851CD4DD1C2C240DDFF5F22443C0165146A3
J=$148E905DCEDDEAEAF07A1F28FF181F8F146D4BA3A05B876D7AFB7736F869AA69B42BA5BFB88E6704CE04C8AE5C27C82E25268305A99DF6407F02437241D8DFD9E020BFCBED77AA0B5C2AC2F0373A79CF62F7751685087F43497DFFCECCFA9F0414171132D4160CFEF9D8560DA6C89BC5F36FD2AD6A93CD70680F463C7AF46E9F7AE71E21F9678430CB52F65E04708A2BF07E83D8200964F56CDE4BCE1861BDBED2DAA85648ABBF50EB30305F1AB62856ED3273E0000E75CC2702D6A72A62FE69317F1879
T=$2

[64]
S=$26EC2A
W=-$1075A8144FC1B9637B41B9297266119BAD8364F18EC37A1BB23658CDD32F53613B5F0DB682CC0E48FF9FA7CD86316DF0E3B858FEAE690F4F14A304231040410B77A4807EF5DC76380F98AF1C83CF2C64AA1521F1372AFA5C93FDA7B978E775EAE
J=$F59BF5B9A9BDE8051353FB24B9B68D0E4AE629F22FCF8345D31C089794ABC0AA55CA7B8DD88CA25F83E3E42A785E65CE23FEEF7AAC40A43CD5A4EF3CBD1C147BF9894874CBA01B545309BDC7A863DC885DF3148942FD6BF516E18B8557CC6BF5FA7B64AC412CA6A8CBF8C20AA83523CA23056966EA76FD874B5F9149295DDA8D22167BC0209B94C7E1FC4B273E3D19B4CDB894E5C2B47477A67A99B7B79BCE09443ACC20EDC2A018F84A973F0CCA15B60143CB8E82C0065001C7CDC8FF15E84
T=0

[65]
S=$87C54
W=-$4750295255C8030CFA8138E1B0363677701F35A0CFDEF02F16E7197CC71F1D3AC014F000DE9077677271282CEE8CC490B5E5105831805CCB86F81052C945E67974FCBACFC7BE06BF5BB73EB6544E48684819128467A35EDE4D6C440EA514E4
J=$1F95DD811F7E825376C3AC77A5E5589464C2BC8745A766BCF25A624B753F0D044F3E458F2F53626102F501DDA26567410BFF97BC615C120E1F355349856361C186646507B9F2E0F89DB5259E3681A329B0E2B647862AEC118745F9FDAB59DBE5F945A0F6B90A71FFCAAFB0EF42A88F9D1138DC1FB2BE73D50BABDD69EF587A434CF650C75380F6261467BC471464C0A3C2EEEC53909627120094979ECCED463BB4020377979568DEE925EF074B0B9A465BCE4295B453605A752AF8DF536
T=$1

[66]
S=$291E5F7314
W=$1B73521214E8F0F218BAB201FA591B42449464EB03EBFD95E77F793EFBF6915FCCF1CB68822B43EFBB4F6B38E337BD8F6E6D0C87E29A9D6CAA6C13A61E2A98C4913EEF3EFDF371DEC1CC433921835CDAA8CD8663DB5A825DF4CF90D4031E
J=$2DDFB8D0DE8E81C3D3FEA68E2A0F6A3AF8F2973FDE25144DCEBFC0423D9B34779AFFCD5299DFF8BA3A4FA455863D41B6CAD5ACF0A358D9CCB0E60706321DD6AE0650CAE00DA560A8599496F94446329F542CB37F2BF273A398A4ACC453C61B7252AEBB07A6D0DEF19D7567B4347615DDBA485612CE098C252B24AB349375CB3CCAED3B9979B3FFC531B972B0F5C4683F0DBE08490774FFE0214636A42D3FE8A32686E8298EFEF0CAB14701F195F64B158DB9B966498334979979F0
T=$3

[67]
S=$9C61C89E
W=$139792CBABB48C441CDC84ECC8FD6EFE0E6BD85A849093D205AC753758B42998589E3AB06759A041B8CED4AEB3A06CAA35E14A12103AFC74F20DCE3706AFA253C51D59AEFDA82A1588697F209FB137D3597E40192E5A1FF448E86E4
J=$1A8B8417C7EF995FA26634B84C9F52C9C86388DD6FB7F3BF77AA1AF2640AB6E873438EF3CD85DC119E2DF9E46717D593FC78FF33DBF6378AFD0899C4413187E7376F92C489B41D53B4BAE48FB7F47B6262F0EAAE02223A8BD54F021617CF1AF7288B722275040B0C327C760BDFF731D02CF0FE2E0C7F50B653B628F99641DC81FCA1806DD52062F5605FEF291421D302233D54C49B9603BD60CDB5C78662E53F8412A29F0013112F7D4725F2CB5802EC4A3FAED0E0FC8
T=$1

[68]
S=$B54D6A
W=$4F069A0E2A1B7FA79AF44B93732CD80BDD59F1616EDD2DC0C75F68A5D11A0C82C895CB320AF8D634DD69A4CE39D1EC8722D335EEA282AFF277BA774B0E84BABA1F677967C138EE0BC0E31CC4BF8E50A164E831F312ABB6E5AC6
J=$37E3D3521EDB3EA94FDEB03EAF355AD42BF8D7D2A6ED20F258BAFA0F6BCA1D5402E530AC27951F5D236F83856967ED93831B7A60FA5479F99C0123FEF458CCE26DBEDAB6DBE3858785792D3A589FCE9A79EF9F6BB9973A2EAB3171B305811FD7AE4A2DF70D61CD30CAA3552BFF0A70E913AF8157EF26052313A1CCEE4F2DEA7064A412CB00A3E47BD04528087C9D49000AC616E6E090C0B2FE8E12FCCBD037BA531D55CAF6B555A3C9C5C9C27D8797E77C154
T=0

[69]
S=$1736FB
W=$2DB1456FBBD719814B2A82437A0E9EEEFD6C7289DA7C9F08C30275857E8F3FEB3418EEF729DD68C73EB3D34E78807C0F8C5482D318839884A218AE1AFEEEEFE7B74C5F95303A02E2C07F56048A4DA0203817218DF0B9D12F
J=-$28C94C6FD46FDA798E7466472AFAC7FE1D87082C4A9210E4527A20D16CE859A1DFB2C1653F1DBD0B5255011E7FF70FE297A830D573A449FD69789F5862EAC7EE58CA499E7784D0E9032853BA1FA42B9C4B22DBBFE7D67A0F8BBAF0032C88FBB87EA348C06B62778960012B95A35711032B258AA072BDE84FB57EF35C1346B1106470E2D19A70A8471183CAB7FFB297D031DD6A29A7B3080C2C6DC7EC236B322F3094D70E2EDD805586B75C7A1BDC017
T=$1

[70]
S=$4464F
W=-$15F6B2B758A4DDEFE3D6014EE621A7878DF14B70AEFC8D4ECF2D9FC64B4F4F90F628CE7BA3F360655A0E1CA9666402FB457244CEA9E01585E34EB7A4DAB0F5D9602DA1CA3D1749E33FEBAAED9C41552D85F63524652911
J=$28216952EFE82331C503EC50A3F98024E4C980EC282868380F4FFA37AABA9B94060990023E18A7F70D0083EDA6AABB93370DA958BE49068C9F7965D6470F48B5B8850C732D250539D09DAD517168AB3D6C279D81A5BBB7B12EC0A9947CF6EAA3B112F56A7C438024234DC9654B75BDF9652139EEFA803BA01B04E88DC9BFD6BCA9CEA98F2DD4D90A24EC5E7789C63DBE48CB1C002A92D85F575C36BA4EC19E103D5115A43965FBC75D48C7EDD4
T=0

[71]
S=$2D9EE55B2F
W=$263A466447BE46DAA0681410212B47C3CF3A829A58A9D47C8B953026A327F609A1FBD65F8DFDE0567271FCB750EEFB3C6AD020BD740B427C87E4294848090039EBF26DA2FDC158D5A95710E3B90296FAA89D12CB955
J=-$470875044A25AADA62E94D18CC978A11A37A60E569DC8C089EDF02A393EE49107E3C91A091FE99AE9E38FD09EF3CD3A8E491188F6723AC03C361D2DA94C5F3F2B3794DD223D515BBC4F92022D402B555D7C39EB56CB41E5FE88A3FF8F6A8EEAE1F5C52CE410B307BA11A7D2B757DE663E9AE8EA4EF4636833E2FE739538D1A65B61D78246DDFEFC407122990347447C58489919C7C12A4CBF9D69E00F4EF6F270B16C5884C5160BE100D6
T=$3

[72]
S=$17AE15
W=$15DB35190249DB5CDB7FD40DEBCA56B6ECF86E42280DE9E9646A9DAC7E9B662043DCE230A8DF25902D8D05C06B0A2F50E6724130DD83A0C44A8A1629D7EEBE2E33B3153FEB975AB15E8F6F8EEB4E2269428D68D
J=-$60DE358FDA26ADAFBD2DE42F0BD6AC108BD73F99D31144698B843735A6A85E01CBFF871245430DFBBD5EAB62E94D7E0A855D6C372FBCCA48955150D17A9658DA36A519FD16EB2EE4703DAC566254B8F060951247209FA6965F228364DDF26CC06AC16E6E2CB22EE0FB612258DD9BF3D11540871595604B0C94260DC1C0B2D71EEDDC9DEF4C74FB8D7E2CAE606E40BA8E5F10305669FBC769CAAD7ADA1CED87D5874C68EB5A0
T=0

[73]
S=$A9F65D0
W=$419F43C985D035CEF71323F903C68DD1D09E8FA1CE26231DABAF28399B6A0F2CED2EB0296F3AAFC92EF81B116F1A4AB8DB42E45BEE9A6E47867868641FAA1B0037CF6661269975DB13105D80AAC9887D395A
J=-$557C18ED3F2A46DDE6F34FF499F25DDC01AFD38848D0E13779FDCACA21FB7F9FF154EF2A6581EA9BDCEBD4A6E231894AF829C1FA0BE8E1C28E02673AC92A03ECA1013802D82B974E915A3BFA9EF7C5FEB96D9BE16B3142F6AE61E73FBA94B268A68D409396AAEFBE182FB9BBE576439826999B551321F085520A8C66A1C52F672695FA64427AF2394FEE445A0B46C1C7D3E0699EB7DD48411CAF510608C1E9F6BC95DE
T=0

[74]
S=$BFA58
W=-$7837310BCA5EA63CAD930FCDFE881E7DC45D7BCF0DC7D199F9982734B60FC82C6C3C70668B55182F88DC744AD110367352B84D5EC2B0B30358FC72C4DF3C77FE3920D470E129D9C46BEEFDFD242F9AA
J=-$4637D9700A903A5C959A247C84B4D5EEA064B3262B5BEB1AEE853ED0F4D8E633CD35BFB9CD7FA303E4D3BBE5021989143D10D26CEFDEFCCDB749119D8CB7A7B82BBE9876AD233CEF1D09A2AD226CA63D570A84CCE8E9A8C684583CA5D916921BDEEE2613F3FD15277E4E16DB0DBE42B8B35DD3918411ED3B192823C8D43659BA7B100F510D5868EE24CA8DCFD34EF218CD13CB156E47B54BDD8C18E85A2CABE2
T=$1

[75]
S=$22D4F933
W=$6481FE3DF56E34DC98F08E369E0105C95D05D6D5E3E2D06DFC9D7234AC04C231303D49D0B7EE13B4350C7FBD4A186E5614EEB902838B721D46CA676EB6856FDFB484FE1F006692EA26341DECB90D75
A=0
B=$10
T=$1

[76]
S=$2ED3A01
W=$14FFF4EDF3E4DE3843911A438E01583E69B832CF0CE9C0B05558E1969C893599D9E177EA8D0F2597E126589E5502F0B00FD5AE5A7D7E6C104425259664642754BB2542F30FD200FF495CE1E1F79
J=$2978357AFFA1B2B43C15222BFC0D7A37DF255BF6B76A2046BECADD68F1CB8C0B06527388DEBB243EB8E40621199D1B3806F5747AD036DF75250182E487B67363B1F7FEEB92998C38CF538D49A5628157EC11DC64BD2413AF9E7AB40C1E1C453A3C352E3D5C42ABFD51545ED5FE42FF76321D100EF79576585C5D5D4A13C54C534F5C6839417943E1C224115D25B8B3A6FA809D393257A89C00B0
T=0

[77]
S=$1198C5A2F6
W=$BAA8E1535EB46CDCD7B849BE4A3CD76BB32DC178C6DC12515EE124DEAF7E026A9FB498FA4F8DA3BDB037DE19F35D0C7CCD982D40A62119E9A0C94F8B729D9EBD2CEE7DECE34B86608394252
J=-$748573FDBDFD37A0C573B5F5AF2543A1F21E1FF35EC2003E478B1F57483E31B42FAA6C34177F39CEB7CCC0E0C7341B00BACE3B7093D9E1AA1C503A511C8B5EE7BC46CFEF77B448160576F6E1301C99AE419EDACA4D2750438B2F166128B3510D753097284CB698F48205300084D83F49585135CD270D30219AE6C1BF34A76B6C6F683C26497038C2F76CB5224189A9205BB9354A662E1
T=0

[78]
S=$F89E8AC
W=-$139CABC06F0C61DA6E638AF6293DC68A62BC62B819135FF534DD12AF60113CF0E0C8A271B8B7F5AAD44E3077C27B1196D01D7D8347DCAE54B8D0BC0C336D588A5770B61EF029476B61A
J=$55D81445EFA9B1A084F5454CE42C62392D1C06547B47AFD52F174136D330DDCBBBE142762C53BF4A478C17356B1AB9C6928ED1AACD74B7655D156C59C56F1D3C4AE8AD6A6B6F6CD9DB5147F352FC876D3ECCBFDFC092BCEE4EDDBCA23E3C1F08A4E21821B37A65A09A0B5DF7DE8ED57259F8903D5FB539261FE64C4461793F823C6D8687ACF473E1AA798C9748213D1A507
T=0

[79]
S=$A358C5
W=$9ABEAB084E9E149CC6E2302D612B8F033B377CBEF41C0E5E9644570817CF2A631D9CCDAF8A3E797F4FC9D239C767F01AD74932CE4E1B1E4906604E4F0446097D1F5F49AA754A4AD
J=-$AA2BBF2EB2ACAD875BF42E6515E87B8EDA287C4FAE9293CFAD8E0A45266B0E2F8B665A2389C3B3CAF080AF8CB0F5501C63241F0B656B315E5E24D83BF37661EA9B258196674BF6EC46F64BD1B1A88613A481B41629C6FB61098E84846483F0F076F9DD02755957E1A2435AE31C11EC884BAA104C1FA0A24D84F497B5880D4EF157D18C45B6DD9E4B44CD0C16117C3
T=$1

[80]
S=$15FBA487
W=-$18332C484FB6330CC5672D25615F5E6F901C0095453F58DD65F3DD49EAA62BE73D11FE3AD4421BF10934EE9CADB1091961B099846E61DA400CE96FA3B909C3D6FD14FB17D03D
J=-$BA7BA1EF8993B481E41F55B9DF8F8F531CC623285031770046D550F45CAEB9018BCA5A320E027CC17954D7EB33CE78EDDA48CC28AB1034BCEC0589CB7373F55AFD97AB68C1E68DB4E31B62FDD7BA901D41D969CB18DF23EB90CFD6017CECA426FC99BAA0B359E144B6E004CBE584EAD015BB497E07B3978F44C598BC72A37B3454444A18BB5196919740640
T=$1

[81]
S=$34902
W=$1F6B20F9A289B862493F6B4930C128B04F0E765DC03CD4DEAFDFC6A146AABD7D0D77DA905909E2C7B6B8DB4724AB22475DCA22E058D7931B612E86C66B0BEB901A5C1B982
J=$E3EE9F39AEBCB3DBCDD69B5384894470D7DF6EB2A69F9145AF386BB21A5FB37A5B773E3FDCA010FB7833A3EA37CC81B7D607F99E0068017DB52A2F171D5959B9E55EADE7E68864E817A44E77C9AFCD5D7572EADBF08EA987134093C4EC7461C9E0EB6D84275B443E09B5A63881420B1440930768A746ED7766A4D7D9CBE507A4028D3CE07FC5B0C3
T=0

[82]
S=$222D15
W=-$1B9E3A80120A2B20623EDC7EC257916F8477CB99DF091618A69985E21587233C6CDD670888A7F16B005E845F03940B14890AFFFF4762D701CA93C845BAED6B9D565CAC1
J=$18EC3F4E6A52542C950FD126C4CD9565315F481D91E5A7795A2EBAD8358AEEB0E0A2223312BA29C51B2A53EA9A056EEBFA9C1C396699DA1B338FA5BDFF4ED7FC1810F08B5ED3A04556AE8DDD85977A69E3161FF49AAC9AF5DADAF9C0F59B9E2D48064C112600643B5C50476ACD821F18F1403D2A8F5942F543BF5A4FDA4F091281F36D517C34
T=0

[83]
S=$1E
Q=$3

[84]
S=$118DD9
W=$227D75E4F6A93496DB048DCF329E6EDF9EFC2AA4283EE89EA44194A74AF735F143A12E729ED40047474B8F75F4744C70EBE9A9F18FA8C58E6E8365C01CF2584F85
A=-$108
B=$69E
T=$1

[85]
S=$10AE444
W=-$10023CFF26210F8822A89058D4DEFE6D3B883465181D0A88156C29D29CB31E55D144802CCC2A5A412CFDF9A8299D6E029A771B331313C342FB7F70F95B114D506
J=$140BC02DA477DB8F2A3276C44EBC366CA2D64B90A495A12A9816B63260371DEA207B3E2BD8892371B7F7C0DEB78BE663C7317218ED622F28AEDCC75FF449BB04CCDB5A53233632120FDB69397EB275DBFFB6EB0F17A9E99FA9D08E9068D37D35C85669E0E550F366AA1AEDD27FD5FD3FAD10FC851233A8C24AB1B80F84D15B1E2
T=0

[86]
S=$143D659AE
W=-$2BD7369371F5FAB2E009FFB9FB186A283BE863A82927FEEE25EAC905BD241B797AA94904B90ADDADE312DF772EA2B813B260AE49762FE7F501B3064DC62126
J=$8F53A3347B2F5CD974CB6F18F048278463110BC93C59BD702210EB95E401A2E3E5286AA522F1079FEE23C91723DE91FCC9F70F3433E5CB11BC3FE0682BE737ED9919BE9B8A08D13DAA2CCEACC2D21267CAD0C50F1FCCCA04C35C5D2CD3B671C9DF450721E568C946DED8180BF4D90F011DC4520BBFE3124359FD3173A0
T=$1

[87]
S=$3CB72
W=$167990D7DC0C9369E64B19909D5901B58A4E451EBB098BAB33D73AEDA6C9B1FE5F75D019169A1BED509B32DD8494B1CE8B6919C8739C4A37E304E45AC8
A=-$DF7B9250DE5972F3C60C5AE3CDCCF708C261F49ED43B51412B3913975F3671CF81718FEC99C4321E899B8C4935CC61AD7F90ADEEE0F54D1EC223F19B0AF9185ADA3A46BCB8A661EE3A6C77CBA05D6502F4654DC25E56BE1FA6C15626B817D287B0FA5A4B508C4E1AF11B40E95781C3C1ACF9689A0CE986165
B=0
T=$2

[88]
S=$3516888
W=-$15472B3563770C19A2C692D257A5D0D5DE8ACF8722F8792168A2D691A7DC0305AF8C86E4BF1F9F4F6CD94230A13DCCD80CA5488BF98B5082CC03A942
J=$322832F82C10C910F5D805031E65F4438EFF4B4761F0B4509344B4794B11642F512FF134E3382FA9D80E3EE403BC4695AA53FC76B30D28805EE0B9811A1605846F9DDE9316AC87CD3AA7139997695F90C6D0DA42D05A99DEDD88E91EC57AFC0381AB574E3F8CE653714A9E8A32F6B8F03337878604D814
T=0

[89]
S=$64A8ECA13EE
W=-$CF25CB3CC9BCC7DDE52424DDD2E203AD4259680E55867AE5AE13D06A9E1D4584685F5BC5EC3EF9F367BAE2DC4E3BD7F06F8444F9D7637C87D328
J=$12D1F598593AC77CAE3F24E232B67C12FBA5183661CEBFEBA1816FC29C9A5A6B1E46094C3E58FB791BB7BAD6A07D858E2D984C97F28A8935CA13F2711CB552139349FA7CD9A9581202855E14EC0E3F349AD1B869F81A0F98E3E1279AB6D33EDD0B37448C4B7A5766446AAC9D1539F6D55DADE866
T=0

[90]
S=$64B9134
W=-$2696ECD1A3AB32103E65C4D26922DA870F5368A4AD61005D7D12CAE9120558D46F7FECF2ADAB7C0051B5335FBE5EC404D55BE2483A5A130
J=$2E6865C79209F96D6997993D661E99F81E3F0025AF39D2E44538059AB6F898C1C498932AEEF67A3F54358E18EA92B52835981FEF1A975EC728CED98B6332B80677FA92FF0F91A8EDC7609AB55A88475ECE070D66EB89354D3D837949A09DEB8D232B890203FFBE626465DD93739B9
T=$1

[91]
S=$60F8DD306C1F910
W=-$1BC69750C69A99CAD51B2DD77256470A7533926471AAD7593EF69F9CC95937274919D523059A7741280F0D6050E0F0BC50D69A8541D8
J=$6077766DF86B812579C8269AC460DA8735A7DFB200EF546414F02A5D23702E3F0196CC6D12EE1804387F0D185FBCCE81F103B7F00AE9669345FD5D65B71071E673E73D39E7336872FE10D4B1CE9D87C15FC11C94254894B92DDB4025F2E22F5FCC8E7373EFDADD6F72B3E9
T=$1

[92]
S=$ED14A4
W=$AF60984DC8CA48BEDA27FE33B7681876C35E78198B762E5CFF179315AB00A74D175AC533BE54BEDB17A73846A0F9F70C47C
J=-$88CBD51B318CDC29DD20BF6073800A0A5866994F5633988806ADFEB5E669969DB45BD08854E3F00656487A05F5519183F0A52F224BCB349BA8B09F9FDAAB8A2A8FCDF7D4831CB15BF0CB5644CA920987EF6FA4241B80DED127C164BB23EF12DB54C8741
T=$2

[93]
S=$1A766FD8E
W=$A9F6A711C6BEB6FC5D1EE1D53C0D01D550F3025607F88265EB163A89192824668C9F0C5A86CE71AEAD95055F0408E3CC6
J=$12B240584B76197FA15E0336B3DB17AF95DD6B1BB5EDCECB2A5528727558BB664CCA95A93D83CFC50C1A3A1067A9014849343E740A4A4D447D07EB5EB6D491D4BCC7F22799EA01BEE54F5B8AE1770892D0BD2F1F21A9C331C1A39DB714D6AEEA4A
T=$1

[94]
S=$2631CA0
W=-$36838570FE08964EB9A15002ED69BA8024C2E563BA15CA2DFAB6A471875C6EE65284A76ABCEB86BD4EA63FDDECDDE
J=-$425B7E6E709668569AC480E62ABF0896F4EA6C95405DB9F282C805527DD1E9BE0F86AC99BE936219C8F7DF04E658198FEAB731D1730E051F0AD7BC0D5F2DA5187C0F35A2D448FE2DD1D63D0B044744BED4B66C7D5028E7C045A01C144
T=$3

[95]
S=$88535C
W=-$6E92D6C3F7916CD81E5BCEFA4ECC682A2751D3ACE7B1BEEE822228DD627427934802539E0936E3C061FD3BA9E0
J=$5527E9C1847D85504B2AE25C213E8ABABED9909F838518A555DFF1F07498B7E5014CF8C31871FBDCD0445AC56132673661674F474633DF62B567A8023E2C83BC826B7640C31691C932B14DA5720C315FB791CA295912EFAD712
T=0

[96]
S=$1B9F88CB
W=-$4E90F4305E59A9B00CA5187C24CB46824F80D378A1BD09608E2AFFFF95D9F84A723E143104387E91443C71D
J=$214D8261B8AF9D3192E12241139095CF1D45F02A189611A051FA2F357DA809094B80F98BC65C37531793EB86E21AFB09EE3FF1525F7D8EBCCB06C0560DD27EC2E626227158DEA5FF3E7475CD6B5A273048547017A2F49
T=0

[97]
S=$268D10
W=-$1C8EE0EDD9C76B842D3E8E887B17F640C4AC2C68DBB7ED00E487271EB391CAF388297BCD0BA4380DC072
J=-$5C4D5DB8293E73363D2FD7D399AC59ABCD29D2F773C58D777BA277B92CDFA4C164BD5D8E8A2762E50505EF4D3E49ABA4D9537B946AFC0FD1AC6D1C919B24217768F17B452F32DF7F2CC85978F656B1D2D85528
T=$1

[98]
S=$5EF36
W=$2C071F6EC60621684B836EC976625B0712A98111634867961C9571097CA366CD907149120A78DC7CE
J=-$F7B1EB23F770951E64695CFAD5E7FBC7EDCF82901F9F2D5BF2A18AC87D871BEBF8A5533936A7E1E0C88ECF623E04CFCEDCA2F384EF8D6D9C4B758B54AFCE4AB55BA4B2DC9A471A039262D2D3062C5324
T=0

[99]
S=$1A5120380
W=$1D961FDFE9106E8271D18BD4FF88B7A101F1A15B5EE03EE50D6B7ADD5BCD5C9B9F9C42EA180AC72
J=-$10634EA255DDD441C05C62300D539973AEB987F79191B8538E29897D9D09001CEF384FDDA08E9B68EF49A9EEDE2D9BE9209DD4CCE56FA9D3B0983F361146FDBB4E17CDB3BC33F817CE8296DCF272
T=0

[100]
S=$39A34
W=-$6C3403FD98A4F2305E22ADF4EF75E3F8E3A18CCAE2EBB912AE9566893EF15E39C0E27B9D32
J=$345653394E1C4045EF2EAC79795473DE71CBEFED5BAA459BE3AAEDF1AA240E908F214A4430A4D3CB562B0309E98D715591141AA019B30FAEC0B825C80F188C149F6261357EFBA62AE023
T=$2

[101]
S=$333D4
W=-$2156151423CA7EB0896810ED73FABD2C3E825E97D24CD22F095CC6CD61144A0992AB37AA
J=-$887DC98329645DA60C3D2FDC4C44212206FE6F61755C0F2EA0DA7457E1849A483C1225CBA0AB7CEB04D15102436D22B4BC3884D2AEB881400DBA560CE993181046FB77864D7EB5B
T=$2

[102]
S=$40449240
W=-$15A654934A60667CF1F3EC23B63D8372C40E6C3CD397F0058886F3B1588E4F6DB5D50E
A=-$1E
B=$38
T=$1

[103]
S=$9CDCDA3FCC
W=$6EC80F729E225CB4D54DDBC1AAD6E8405EA8F13E811E7212D0D03B035DADC0FD70
J=$8D193FE1962A09B3017AAAF9B23EF13714C5920FF3DD49B98CD24A83242D661CC3CA73DDF0ECFE5F9D1D194A8ACFA3DF46EAAC72B76CA31D6D0928684E790B2493F
T=0

[104]
S=$E6D90
W=$63635C524DD7AE5056AED41ABA89F2B04FA216211A5771D5DB0BAA655082E
A=0
B=$11
T=$2

[105]
S=$1B37CC
W=-$2C00C42C7B61F0204F2FA9D8F6BDEB539F38FA6941C91A613488EAD9922
J=-$1F7DC13299730ECC4EE7564B83A9C64B25F2D6E0084D4B3832B0D5BD71CAF74908DC589E4A9F04875C3314F8E9A344D94BACF6B5207BFC73FCB67
T=0

[106]
S=$1504
W=$9E312B7C3481C94C43A3F25F092B38DC40999F14172B076BCC1FB140
J=$19FFB0D8B41A32CD76B9358865B0BAAE9F8AB0BEA0BCD710EDC4970C2D702FD7B1E2B632E1BE5B4A79978DE3A3326DA932F14223D008CA14
T=$4

[107]
S=$3FB44D
W=-$31A7BE1AC96D595A1386192D5F60325A197E24FECF8D6A2F8558FCD
J=-$37C48A108AE6F5F79B964CCBDAEA4E9F5630F9F6975591357439C0376BB9BF993DC0449CA07989F5EF39F2CD15189313332EF94B56E6
T=$2

[108]
S=$3F5542449
W=$5DF3206892296FCF073D88C59760B613F46A72D9C9619FEDAF01
J=$4285A97E559C969840BD8E08A3E0E3A0A7FB15CD94F2A51B57271349F09521658AA49A4B7B873AD2E95AD66A733424C34D1B34A
T=0

[109]
S=$39A0C
W=$1D0902DC8CE25D90F6FA5D7FBBC940DA1B0B8A86AD1D40C2
A=-$D70
B=$12F5A
T=$1

[110]
S=$27BDD
W=-$177A69A2420DFEFBCA986980109FB57934F732C46F55BF
J=-$159847103CE9E56F91DBC50063EEFCA3B5114C015FFF25D4553881F811EAFAC9F15B73FEA2D6DBEE804B3C5D87
T=$3

[111]
S=$6534
B=$2

[112]
S=$A1FB3
W=$11D80744A5EDB80C3A0F3D1D431FB7D95EE7A0309D
J=$1AB87422E769E102DE31FFA2305D912A3A985EC5B806B443C95E5257C127474E9597E23FAB212A0917
T=0

[113]
S=$541AC
W=-$331FF7C9BD87BF4DA8979C00459C64340B71146
A=-$23
B=$62
T=0

[114]
S=$154818
W=$3C4EEB12B068BC5F91FC9D302AB0ECCDE844A
A=-$1E
B=$38
T=0

[115]
S=$3910
B=$2

[116]
S=$167ED1AC
W=$12E78453CD57C53929293DBF4DDFF3942
J=-$5CA0F926D8456365FDB1EAE54E46F1C3752D7DE77670FA3F2EDBF7B8CB0AEF90
T=$2

[117]
S=$585C01B5670
W=$329B861D9EC17FEC5B2DDA0A47B02
A=-$108
B=$69E
T=0

[118]
S=$2FAC
B=$2

[119]
S=$2AC39
W=-$5BAE501CA93105B0904569
A=0
B=$A
T=$4

[120]
S=$5BCFC17
W=-$14075E7D29AB261FF94D
A=0
B=$4
T=$1

[121]
S=$47D7E
B=$2

[122]
S=$20C5D
W=-$743211E6609B5
J=$7EB33CB8B3D517B284493666A82
T=$2

[123]
S=$B52A530219
W=$6F4ED7D9E46B
A=0
B=$3
T=$1

[Signature]
1=$BBC217AC84010381F784C4AC87EEB8D25616F7171CABDEE6
2=$355F57F4A68EAFBD7A63BF39A61B6499DBC235B6022C805C

