[PRIMO - Primality Certificate]
Version=4.3.3 - LX64
WebSite=https://www.ellipsa.eu/
Format=4
ID=B4A2C04BB30EE
Created=Sep-25-2026 10:02:56 PM
TestCount=15
Status=Candidate certified prime

[Comments]
Candidate generated for 13^117 - 2

[Running Times (Wall-Clock)]
1stPhase=0.29s
2ndPhase=0.06s
Total=0.35s

[Running Times (Processes)]
1stPhase=0.46s
2ndPhase=0.10s
Total=0.56s

[Candidate]
File=/home/jrbartlow/Downloads/13^117-2.in
N=$1EF0E41D6CE979B884E6FCAE7ED16A758B1DBB392B7C35B3F41396A5C1C45111CF418B0EC96788F4014030229FDA813764DC8D2D1691B
HexadecimalSize=109
DecimalSize=131
BinarySize=433

[1]
S=$4A1BDA61908C
W=$6391A54510E5B4E7D207E79B7495E08F08E74D680A20A2D9C2A788
A=-$98
B=$2D2
T=0

[2]
S=$1A53A3A
W=-$1066CB8B2311B8709F75D4241A0C01B9A64E1EEEBEF891FC2
J=$2A5894B799946FC2F66B5BA37030362910420C08EC58878A415CA8AC9BC3FFF09F7BBD0B82E69CD22003D1FDD85CE7EE6
T=0

[3]
S=$2576836
Q=$2F

[4]
S=$16880F38484
W=-$2721202EB5FE21BC7427FE254260254951CF4C14898
J=-$BD06D4383615BF25E79E0834DF0553710AB81114285F3BE581FA9D76A2561E66F771AFCF8D83A6497135
T=0

[5]
S=$25CE98C7BA15
W=-$17088781D368739EB3CA2CBD9F828F481BA881
A=-$108
B=$69E
T=$1

[6]
S=$D36
B=$2

[7]
S=$8F269ED5
W=-$22831364C1164A280ED7B8A12FADFD
A=0
B=$F
T=$1

[8]
S=$17CDD62
W=$21FE9C57C98A2CA18E843F6C9C4
J=-$570E83A1B03E3016A477CCC161EDC86EE22D554128B91D81A81B
T=0

[9]
S=$82
B=$2

[10]
S=$14094C
W=-$23C48A58D43C53D078DCC24
J=$45FCCDB0FF5D38E2855CAFF647AF3A84D435B198D55A
T=0

[11]
S=$9670495
W=-$53AD4D66C196058B8CBF
J=$5628B91533EDD5F9F459EB58B59A1EEB50D805D
T=0

[12]
S=$712D0
W=-$2AD4DA0172306A7C6
A=-$23
B=$62
T=0

[13]
S=$2ADD150
W=-$F759DF0DD8E10E
A=-$23
B=$62
T=$3

[14]
S=$31B0
Q=$7

[15]
S=$4E8FF5
W=$138ECF0197
A=0
B=$2
T=$1

[Signature]
1=$3A5347DC6E63DCB0B7F3672961BE71CCEED7C02A1842D633
2=$091E3AECC765F09C2CAAAB9295D24F5C4554F949B9CE4243

