[PRIMO - Primality Certificate]
Version=4.3.3 - LX64
WebSite=https://www.ellipsa.eu/
Format=4
ID=B4A3001E15BF1
Created=Sep-29-2026 08:45:47 AM
TestCount=13
Status=Candidate certified prime

[Comments]
Candidate generated for 21^106 - 2

[Running Times (Wall-Clock)]
1stPhase=0.42s
2ndPhase=0.07s
Total=0.49s

[Running Times (Processes)]
1stPhase=0.64s
2ndPhase=0.10s
Total=0.74s

[Candidate]
File=/home/jrbartlow/prime_search/21^106-2.in
N=$3005D477BCD32A7CEB6C7C3795DD534DA8B8499169BB937493BD6C107EA43E8056E0C35ABA9E39D6D13CB5184C2EBA34F82038116194EBDA8C797
HexadecimalSize=117
DecimalSize=141
BinarySize=466

[1]
S=$62A
B=$2

[2]
S=$6285FF042
W=-$BC3054053CA7F5601398BA904698ECA28525AD85012634E65BE49657E
J=$2414F1294EBD276F9321F3560B7266857371A84BA9FE7C1ADB33314CA2606E42240CF014CC09F708071747188CA46D96B9CEA8C93FD273E022
T=$2

[3]
S=$12A647DD593
W=$8DA69560CE7D46BDB14741F001A8F1F0BABFCA9ECC55FC46CDBB9
J=-$83029B0DB7EB3936AFC8A513022BF88F0E5DC6E542B8AF781D8318D0998060C4D3D35F6973F6B8BA954D0DE549AC8CFBF76E87362
T=0

[4]
S=$68B4F8
W=$8421026974DA2FA512A41E70731854F492613769F4D99CF6
J=-$6A71C203282DF5C01016C683F941B2C26CC5E41980FEB51D6AEF40DFC3EF49041CC56C84109CD18984810AF61E37613
T=0

[5]
S=$23F992
Q=$1C

[6]
S=$174C7D1C1EB
W=$1564D0DB76F8E1339357312776B20BC9921A062D84B
J=-$D4FFA93E221E4619C60E69FE41B6A8C82943F6302A8693FB0F861B88985272E1209EED7AFB88F7CC14B
T=$2

[7]
S=$16E240
B=$2

[8]
S=$4888BDC37C8D9
W=$536B9528563B5F50B0B997F914EF208A8E5
J=$271DAC3012645C59D8BAE3552BF6E1C8F6339D265A4482DBFB597CCB275B321A0DBEE
T=$7

[9]
S=$2B7C0
W=$C2C1CC099B26FACA7BC337AA208C
A=-$23
B=$62
T=$1

[10]
S=$2ADD64
W=-$19919C44CF07B4161CAE41232A2
A=0
B=$10
T=$1

[11]
S=$284E
Q=$A

[12]
S=$7753A2F57CD7E115DB9CC
Q=$2

[13]
S=$164659144A
Q=$2

[Signature]
1=$205B22752B9E1753EA856CA4BD56FA9CA4E328D3C307C4F0
2=$F7C5CCDBF73593A8849196E8FE4D5FA472F041987E06CC5F

