[PRIMO - Primality Certificate]
Version=4.3.3 - LX64
WebSite=https://www.ellipsa.eu/
Format=4
ID=B4A3002629180
Created=Sep-29-2026 11:06:54 AM
TestCount=103
Status=Candidate certified prime

[Comments]
Candidate generated for 13^813 - 2

[Running Times (Wall-Clock)]
1stPhase=22.75s
2ndPhase=3.01s
Total=25.76s

[Running Times (Processes)]
1stPhase=67s
2ndPhase=11.34s
Total=79s

[Candidate]
File=/home/justin-bartlow/prime_search/13^813-2.in
N=$15F86DBFB63F8A2DE409D0CB3F23F7A5A2EAC70E2ECF5C4FE798D876C83C2F62318206C27909E0B8182F4D81EB372AE348F5292ABC89647E4147DC132CF7403732BC4042BC09E671D5AB4C895DE75F62839F3CFFBEEDB5217E94682CAA2725607258594925C5A8C659833BBCCE1A0E18B73309DA8E395586337F2F6721C12F9FA3926D17DB378737BF7FEE602249676BAAC222C28DA7B4479897E5468940C54094DDBD43AFAFDCB3CCF2CA040F773D102EA164C1FAC57697F946E92C831CC6FE42121C2AE6340287F3DA4815CF33DDA60B588F7EAEFC99352551F606A24D5110508D0896AB9EAE16D059C4256E02D54EE5D599EE8B7FCD7914AFCE0B48DD3AEDE611A2917115EFD5E92894B1501FA16BD8DEB8E41537BACB1429A5ADE164579D9640D3B7BF2AAF62B08C7A8DBDA88E4673AE88FFB51A4BF482B270F24C5F1A993CAD7AB683CD859E1C9200A76D67CC3188AA50D99025CED1F682F9DE69E7FC6DBE4F86C388A43B63E3B63E0D2EE6FFC8C9ADD4DB666E1D87B
HexadecimalSize=753
DecimalSize=906
BinarySize=3009

[1]
S=$4A47F8D38949B3
W=-$161AFA919C6A8B959B51B1297B69EC7893D0D6886B617B9D3D963925562E58899A8AF79805154F18FC84C5B1E3D6F2C4F798C31FBCDA419EC58A7C88635954585AC91F1704CF5D6E3531D49E42406A51A0A357A4FACE5DFAB3E989184C365455C60812054AB9874F7E57367CB38C50A71B6BEE28F5B818DF7D882F28AFE6ECD3A768D6BDC72110DBA2C540C99B86217D6449822D37FF9015F820E19D97AE137E480E6CCF895127C2302DE3A5BB6F2005F69E676C97FA32C96F2310B31
J=$8617C51E256C0E326E60D72A2A4A97281C558D351CF68F1B0F0A296F4CC44ED8B26C17BBD7D18A8091AE17DCB41623AEDB12A00163BFD7B4D24853C7E5410864A4BAF027B752E177DC7AB5E5333E8287F32EB8788F6F5E1D0396A5B18B996B611594913CC95A1F0E1A416ECAD14D81AE4FA39C0385F2EA9819D540C2A7A592E606137680D52A18A3F3C826D9E4D1FB8AFBC32C9499F46F550751BA56B834B4B0AC3F2F94E14376D45E3E1144E5FA3318EDF76C3D481D03D6C4B5BE4ADD5CAB31FEDD5629B42476EA2D1C51C64A5E8FBEB037CA07082CCEA8EDBCDA888453CF7A7F8CFFDA087C90374560A135474DB8D96303DF79B8925FDD91DECD82066BD00E8E1A88CD62D43EEF9B31797DA9E17C27A315D9D8F5B62A9390BF2D130D1DAF95EBD063C1F4288DE2BB6861085633829B170DA0F1547336076CBF4EBD246AA20E637B75F004015356643DDEA72C4EB9F7C44B316FA0B0CB69CCAD7A5C3DF15613E3E6A410F0A514200F916FEE44D1304F2A9D1057091AE2AD
T=0

[2]
S=$227DE1A452C
W=$45226481CEA4EFA33E4E55D3DECA2F8B301A3B1E1E961E34CB46E8F264C4ED6B1963FE4304DDAE5415D09B6DAB7EA4F8920B47387B99B177032BA12713BEA1DF9B296E8940BCE39EA12FC3BD7D2588901CDD0AE5E46EB94D106750AD9F80FEA72FAC7605CD1DB4BB8C69D7ED0F6D9A2EA12731ACB65596120EABEBCBE4C7B855E0356208D9456F993874E110F8B1949F403E1AB7B2F6CC259457466C89E7F9304356B90A7B3B3BED08D24B2162E81878A8A8EABC1F53241374
J=-$99F42F5779C01C8D61565D632889DF3047B04F9BBBD0E1153D54D2051BD9312016C1538051D146D0754F2BFAD7782734AFD95629D5BF0AA4F86511F26DA6C4A325ABF2E90E914AF62B22AAC40E10F725BA7E29A79A3FA29CCEB005E3659B92197237101E3DCD98ACF9FAD266166B884ECB8BB61DEDF04680EBB7D92457FE0625171D574702FCC404F92303F791AAB9D6BDC9AA5BFAE8D69CA40FEE8DA87EBD2EEC1A06A658812C20A9D9DE24A3E74B0D6913B6C333874503D1E5AA11DA91FD285740D8BCD4A467594C7D5E649393E9E8A1012631AE16D0DAEFFD47ED5A4D6912C4105E2D68C1CE480611331A2771E2C7B69EE6FBC2E9AAC1B1B45B926DB6DD53216EB2B98F2856177EF9D3AC89DE249C44A8B68579AD3507B021303A734FF9BF93A5B89314BE547373A5B1F28914DCB1D73F04346156695A41BB24160376A1305B62E1856558BB5F8347ADFFFFBE795D7262E07959353CBA6C64195759026FD7C689F1C3AEC6B3113978AD462C2F79D5B0
T=$2

[3]
S=$12729892351
W=-$233DA5B097B6B3165BEBC27482D32AB0157677430396BAF1E69E6861BB8FBDAB5A5AC39F3C040F9C46DE9A8FFEDC587B53FED9D2EB35C4EBEA513424E09CBE6D64A72E97C5A00248D16AFA0EAC2EE028D75BA44D46D44F6DF929DB16D600F098241B70FC2130ED7F3DADB41705CE14B28BBF20F06537476D5783A4CBD74ACB76D15E006EC071B4618AEAD328E26729B434A9E5BBBDB119B22E52513659A460CF77FD5901964275FE8A1B7877C74EA2634F51CF6E86537
A=0
B=$D
T=$4

[4]
S=$512
Q=$B

[5]
S=$307ABC96
W=-$131AFA6ABC2402877406BB29744EAA02A661DB6D01AD04C76114521C1919F6C97045DA4AC449DC68880FC3C5AE539E02268760CD39FF936050C2147F7D72F5E9A545F3A85F88C3D4D2CBFB3E3E8C0C71D6A489818EC7A5FE42BD4D9E99E42B8EB8BF46D7A5D23507B6DB0C325BB877C8588ECAF74C37064C6EF81E021045C70FC417B95EC93EDA514B12E24CDBC657F6CEA714AF8C3DA1116497643034A0F940905D807B33C6D768A45D6A9090BF59AA00BFDCC
J=-$2894FED0433343993BBA2A0AB01D49FFE38F481220F7992A8A6D54404FB8346D5E21A8EB448D39F0FC2651FB14819C13858463774E69AE9314B014C955541E3E9A0D2A8AECEC1D858F141BC9A2BCFD1D0F8C40EE414F8714D978BA60C0982321552188BA495E089B9232F3D71090039429595D60EB976E54284BDFD23E60D58A93C539DB50A7F88F9E539851EA39BDFA2D3C6BEFC2C689F76542D9EA3D8F3833E1FD91C395619AB074784860937D2807AC6D0EFEC8C198A372A0BDE4BF70A6736BBE7E838D83BAF9BD1705F667CEE5CC430F1F5AD2A27F887940B29B7BFB2FF8777F4AFBE2938F42BD2E6F90A39947C5A85DD11A4638D83BCBCA4F5B710AB2DA0A83A05E179391184E9F08FDE7BC3AF80B7728476F962AAE61102F0AA50A1284E2BFD367E7808D48E364536C6066400F551E6D5D82E3D32230A177F949CD32ABDED2491E9B43BAD621EDA96F5F6C83551CE3831B8BFED8636F0416B004E2634A334629D9139
T=$1

[6]
S=$788DAE57
W=-$1924F13DF74C3B417095EA71892345D9EDB14EF50D3FADEF6BF0D5B6D5FE6FF8C8E3CC22970F4F18FA4A01B179E6337889E6C0E921AF3C400F3CE58CF4281C2545F05F2A915C74FF364523A628F16FD0D057B94E52C59BD61E4CFB6151CD526F68C3F6B85C2686A41C27E96F06AC1493B2C92D95044F7D829728CEB0E8445FCE8A4A52BF5D80B14C69112472FE3CA35B93060639E6D2C45124A8FD6F9492715300EF5B4CD6248F1B06DC7CEE665BBDFE685
J=-$52399B14BE2F5057BE17A837282F54A39A7152C58C0193042B2F084B24D103E079C390BA3BD1F54DC3BC00BFE083052777E65FEDBAD3D5ABEA8AFEF258109B7DF4D353EB62C9A5F31ADE874BB68377607233264668A5819047823D09D354816817C9E6854F0B921E12639C34F18786D548F55E4F38ADCD6A0383E3FC31DC9E32CF829C40C4F84B4B5C1F7AC9024BB62FC979267C011923A163393897C73971FFE7842406254FECC266F3122BD236D279A8495A1D80BDF763E20BF9F58AA1F21EB80A7E5D6304AA407732961F19CE2E22D35B7374D645177B76AD9569AA5144F7FD9C3D427EA0B6DE2A3FE9162BC694B142B301FB5BD0D3853005538D7564AFAFD1FD6FB37199CF4454FB6684E25B1D07DDA83AEF646F52AE75A1C13A5581E929707D854A9F0FACA3232FD179BBB6D23032581BA88701695C0A8EAD753867484516C7D987E872B0DFFF262A692B3AA03236CDBF51F7ED10F8B03723745BCBD6A3B56D
T=$1

[7]
S=$2A21269
W=$155B617E51882AF5632FBC0843F27AAD74779469ABD9D18644B7FBDEF9936AFBB93B6D29E2F3DD8A642E5314B8C62C7738DB903192399944722B092999F2507E237DD69675FC943027532ACE71E4687D5DB3E4ED5E34A17549C6B641C89256B98FFB76C07C9D8722E34927F7467F90CC659247D7D56801936339E5EA23476F806B9C03A3CF16AB9EBF461B206DCAB38929F45C74A15EE48D418DFA6577A2556238118F1330C0E5AE2C23151B1FE73F3
J=$1444B6E01D6C7D4EC931F23DB6D963774431BCE6B88F5D782682CF4EEEBCD41B38EAF4E531E0D2389355339BB2C1AB0D9690BDEC1F285AB75672D216C20BDBC129E05B36C7A02536A86B7C757AAA3A48892BCF3ED7CB13CD9FA47203D879C046FD5471ECC04422C66E0AE8900EF2E18AF6C947581C4F01599764AC0C73F393E7FF932C2CA2A76D9168234A1754670E8EA7CD91D8C0A3D2322D22A401AD2EADBA8D7622583C8F946F0E8BB6E35BD9892CAB35CC754E5F9319B3D9836D4689CE2D1E49BF65F1320F544DBE7E0C4831D8B240F04D9671EECF37F2532F73F46C1B096E17F1569DF11AF4DDA16D3064684A5850719E5AD3F41B0E0A9AF6BC8B616E64D03EF00AF6C6E0C4C7A56F26D4A99FDC24C7F944CB438F82A60342E55933ABECEDB5CEB43D5CD8106D63F4A5D49945B4DF508D25A02258087DEA5E2A27D5B58737526ECFCEC7B94E6DCC06F73D9A5EE07159543D31C5C6C254FE3F18A8189
T=$2

[8]
S=$282754B03D0
W=$F736749944F99A1B61951F594A465742977DFE0546FAE11BDB44D57ADDB58840AA1005733FE7AD642FA906C423B1EE61C46BE028C76B167CC6BFE0CEE9105B0C3B4EEB266D834C257288AED3AEEBF984D5E8D89A10768D24466C08D3FD2C4F0E58BB5A369105D28AF1D7FA9D6670563869718FE81BB5D00CACCCFC3A65814A9F2E99E547B5A1316BFA627F11F6D4478BE0C21825FB739E18D4A3EEBC8B87A4D34513E6CB540FB196E1DA951A8A
J=-$68098B3B2ECD5FC8CBBC5D7C7943E7959B662189812382E6B900CA97AC616A6D48F9EBCA3094E79B441EC901E5B894E0B0ABE09FB044251A5F64F0EBD09C1F7C96AB6D364537D7EC4814D124219E3F27A44F15F852D16FAFC09A47CD7E0AA69F3816CB441F127F02A4D9E8D7387CE5814FDDFBD23645180EE5D4F36293072F12CCA652A82D3B9B5D69D95E3994505AC4024A31375C23CF3C08757B5E43946CA22D8540503D05C4A42726DA379B39B6BE4FD637EB69FB8EED0CAFC675F384D9BB85C82B10A74B9DFD83482666ACB6A2C5B8CEF333B386D4E8C07F5B1787FDF51FE9F78C39DB7C727B1BB2DDC4DE583E91C0C5D0A13D6F34DC14F8B7D87ED9FF4816EC2358CBAAAA002C44A68C507A60A183CE39008C4E976B61814641C8A52219E574B14996A8DEB7C2CB08F83B27493E7F5597AC9E6B9097AB75B6162310F6677D6D60A45EC6ABC537EA363AFBBBD19A9027844C992C41A90CA153
T=$2

[9]
S=$1F3D7C
W=-$11DABCDE6C990E353E4178334D093472614BC58E632CCBC0E556B8478E3A2109B374379FF0338CBA139082CCC06E39EC24738D916F1D884886112DD64E9858727F514EF74AF61B8AB368DEB3FB3A6A759AC0E762969F13BE53751BE2D8F0E73AF04D7A1DA42E54C455666E5C239C87A666978B0EE5EDE7418A08FF56B60E64B96B798A41C0FA8A742EE0BB9593413384BA0210DA29F3289146523514B483C6D6E64F3919DAF74DCFEA45C1A
J=$112C113AA1D267C451081DB2DCF959FCE7C653F0F2E406DB42E845C7C9DCB106E6BA316400883C3EA34867BFD76995AA0E80AF450002D50A640CAE1F5A277613A5DA0A7BCA9287132CFB07C7EEDEAFA39251260ABADE6131A91A492AC4DAB5CF1E17AFB312421152B529477B012495BEC5FD9C8C32054FC10B1CEF5CEAA71196A05CC76F4489A96B0C9920DC720418AEC254A5082DB750D8C7EBC212FC5E0E222004CE9CD60504229070FFB04DECB964958C9D5E0BBFDD627C3200FFC1512E0C0213D2CC722FB5B5F69D4939A8F31389F278F59C015585C3D1BDACA8883F30C4C97FEA7D084AEC0386F317DB6CFD38FD70CAFC0218DE452D71E0808A272AE05F60EA5BBA831A14ADC7A7C1F3E9E09906855683C4912EA14CF1699B1045B5527324DBD8E1F7BCDB7201ED592729AB7B6E090E27EC5492A1BDBBCF39441E213AB979FBC71103F63F194F20873E92B34E7A80588BF4DA43
T=$2

[10]
S=$CF8B4DE
W=$40207925DC6337E013C3F574A6A066DEE91A31594ABBEFC2F55454AE39C282768599306010A28F169B34A186339A25187623FD7FC679AAC75B2EA1036145A8E4B1746733C16067187C4DB5FAEC91FCF09E8B1F02422ECF7334F64DFC8DC0F55E31AAF02520462910D9AFBAF49CE811FCBE81FA8AE24D1C0B1A07C2ECF1BD5685E65C00D7329011E4A33FD34DA9C3A1CFB2CCD5355268C9230819BE7C16167287A61F279A35940ABE18FE
J=-$26F3FA1436EDDCD3BD22E80FA77485119F48F14CD504571A8D3177FFE3C825DE3448EB8A247A7A8400D36D78752B0EA658E796E9D99957FA05C66677579C832B1C51E0443D0DB174DFE1D07BCD8F62022E04F864343493107CF0C509BFF57E825E5342D88A0B6EC63DCEE64FD75EE1CA70976D0C4E0106FDC413CC83DEA970A32A1960D048974027194EC8925A35C6A3DD30F6109BFD19AFA04D26DA81C68C35844C823AAC08A35FDEC5BAC9A50499F763A73A22B23CD7CE9E2740FE707640EB1581C0E469C8D9F3C39A11EF7D1AFDF155B2FDCD0C1A3EC1C0E47F0FDF7F9E7EEB5ADFD8B0B7860C34C11803E939291D1A2F80825E6D9292CB333874226A633DA189A8F531C85CBEB052E650E839D912F3B970A3B3B0A6665F204941868C928233993CF95913D8165EF524A0087642EAE28C6BA5AA2D91BD355750C6B8F4E56718B72360C71E096E605B745AA4B263F9CB6EDF9
T=$1

[11]
S=$37B4825757E
W=$FE6AD6CAFD7FDB09C347570DD1869B3D262E8BF175A6093313146A8A4B0A82EE87AB14A9712725CC4071F8F8A26EC8A0DC1B99661FE8A1DB7ACA78D3AFDF44070ADDFCAE623220CA0551CDE4FAF927B498C9B8D3A0ACFF7674CC970D929D41C6FACFEE1FD613FA4E72F9DA060ABEB2741779679D48E9FD5F2BBCBEBCD1C9EA7D62D4793E31524BD6704BE1525E7CF04BB572C1B75555B4735D18E09F1C551C5C16912EBE20C658C2
J=-$1C651E186C11E331403D9EDA55579ABB0949D79F1386EF0DD35C1A4C020080BE67362E8D2DE95F4BE894953DA8F83FD276081A80BE6A75239602215C9F7338C0663B6A3ED4B151698E41B06171D79096E52E10BDCBA6641C2F46D0AD18C1C0F33CE080DA8EC6242C9CADE7FC28339BFAAB6F68FA8E47FA31380BA521726644C33E6E3FCD2AF6BE481914D555A4D59BFDF7F289AD275F5C33D150262E57D56198B60E0D3198FEB4D32D53CC7D94AB87846A916587210E140A970F74FA1C04AEE458AD1D560F50859AABCC39DE5D39F864258345CA83E88C8EDC216F0032DC80A7C10A277A9342BBC1497B9E339FCF1837F8BF6225C3358F30361F15C0AE2B47A6FD42FEA679050F6B036211F3F36F89E3E75D917C0EBB60F4F8D3D7908A561BC27C996754945CD2D79B9EE9EDF31B2B8A19C665D1220F3D63774E2BF8050AD5AD1DFAD24FEE821DD158AA12D068CB731D
T=$3

[12]
S=$43F6035
W=-$43E3E2E35B29BA8A1837E151D3F55C5B884FDCBEAC187A7A8A419A30756E6B8318EBAF15587CAB764984C0C94514F0FDA8E673254ED19CC177246FD15C3F55A6C93138A944126B561BCB67EA36F03C1819FE8F1819733A3CB62DD58B16F2ADEBBC1FF9F2BB50C57745ED2F4CB3407535C73D20F1A78917D5977E1190444B823FEB93E2AF88A6E9A7B4DFC190B6A6CBE2C4F2BF71741B276680EC16214A3017D78E22DFB748D
J=-$5342A9494B001A70183A1CB4B3A246B44957ACD8F81227F2C4C30D779B1AB44E201327F036776B6AC835AC5EF357D41F2C2BED2A67D48D8CCF2CFDD7AEB26A0267921AEEE0EB4641348106FB8DCFD76FE2DBACA31A08D2B7257F7F7EF6B57E567F406F9F192755B789F9A06FE546FADA12C17F5988B5F8B9B6A7A7B6E88AD14CE709147ADD4B4ABECACA76E1A2DB5339EEFF4FF40A0465287E83E5CC1995A9E924D50BA57577913520C8A0742C34474F8D388F3FFA1C8CAD6876BC54941DAFB10DCFD4F1E0D5E09B651C27BD9251371676EF4B1A3AEF8E4EDB235C46FFC97F482D724F0FF5EEED008940F84852CBCCE736A09DBB74DCD9A66C4AC25743E631B9ECD4A08DCB5716CEF3BCBBDEEAEB03453A0254F799EEA34662F4BCCFDB365520C5AD39D8526517215EBDB5089BBED0DECE2B6AB9B1DBEA3FA396C06AA87EF5448B46FA248D9F4A027F2A6
T=$1

[13]
S=$9A40BF30BC2
W=-$4275E4C875333EA7B062F6685D407F1DC7686AF8CF3FCEF35DFCDF3B1C0DD04B0049DC47F550C423901EE9FCB5A36207EADEADB3BDAF14F4326459D56A7D45A4B029BEC67E8F9893F11C8AC1FD3E06F7FC91B13A27A003D5CA82CDA539C80B827197E9D0E7410FBE5276FB06BFE5835BE3E603434CEB2633CD70C0DDB8D913AE1405EED5DC4AF362B5423E5C53B5F6DB310C36A2D24BB180D6674979F29C5E1329FE6B9E
J=$40B2426CA3E8EE06ED3B6D72FF075482042D4E87CA240D2D643BDA2660AE2FDD02DBC80CD300FB713106A4C84D5C189F261FAA1CCDD90B98E12D788E43453BE43047ED74FFD4705739665261C6ED2319C53EFB0C02D2337A169A1A6BF083EE9BF3F7B55D0FDE36CF9F4AF3E7A2FCBB493EF37B33D2CED2A2D6E8257E7AA40ABD2AE7C23DFC50B342649EFBEC7D69078379636B256EF16C98D66D8A5E1EE14283651CF5508BB555CA564BEF5F165F9F65FEFA70FB9744628FFCCEDF23608DBF2DE01BF9AD2271CF18DFF7CD830D6316BF9ACC495833591392475C93CFFFE0D621518184D610C436611EFF334D030B73CD22671E730A8DC688BCF3846A4EEF0EC4D554459EA54BA987B89D6AA4071DFD40EA4ADA5310D41B0FAF6FE3842328F796B564201A1CDE3C1515808F29F89AE3443AFDD945871D07AA6273DE8B2530DE2B8BCA7B1103D12F
T=$3

[14]
S=$71BCFF8FE3C79619479
W=-$A20687A2F5604F07BB4DAAC92C34648D33134F4EC761A4EE457B0F56BF02991E702F1F33490E8845ACFE996543E385DA44912562D0B3F90BFC3B3F898068F6EAFAEE0003DD66241EF86D5F60338FF7F40A1499EF41D4410AF93F11880CFE7C9E8BEDFE769FA0B5D07783DF636E227A01350BDC12D41F45CA3B4A2A6E91365EE1C858C843E834100A0AC88C2A8247F83575A1426AB6837A40FC81FDF73C4DA1A12D
J=-$110C053D9D26DB3C1A368FD982BD2F16AA1D12CE50EF0F6BEE153223ADC987C35D9E460E816EF540E592D4AC741818A66848E7C166376E655FACD7D40037610A5DBC650A4DB34DF44A4CDFCF26A57562E5FD9ECD29654BD8A75171F4944C0E90173946018C62F57EDDA7240AEAA0B9304598E8703195462CDBA07FEF203D38DA384A689483C5F37B6436571EF84ECA25FC948B08534E105B84AF169C9816C59F6ED7E1DFE862F01924EC3103800798D2355C93EF507E5C82EB260C8FF22CFA21BE39A00F91137AA8F11FB838F87519E7238E4C26B6870777C174B73A788A6D19890825F76EED512C362537575470EFFD5366D9B9767C1EA861812E7F84D5E15B7618B1D6E41234C0C098C609B28F8C9F38C3B76768DD82A4F855BFE58DD626657B64175CBE8AA71B06D0F371621AC0E6B00D33F8F18EC692E3288075BBCE5EE49279
T=$5

[15]
S=$E69AA4D4
W=-$1735BC40822D059C0D77B1930D911E6702CEDC911CDEA1BD056700FA4898344B14E0EEF6D13A75FBCE38BAB5C2B1BBED808AE5A7AC262FCABAFC840DACE1750295C1C3DA1C477435D7E8D36FC247ABEEDE25C801FD407F45A2128CC25F3FA444BFA895BC41361C9836AAED0F1E2D4FFAD95D2192BB6DAAB3C9062518CD5AB731197E9C1D66616A22AF4B0EE08ED4C03C775536C8C5D3A9B6E1545EB62
A=$9
B=0
T=$1

[16]
S=$C9018855
W=$AA1C701F0D1FDBBBDB479530C034768C996ADC7DE01148EF02F6746A59E795E2FAC466F387A0CECE72865641A7C25F85BF54AC6CF026E27C3904B4F660CD149C2F12CB01D921D24EFA876AA8F5B18B0F54EF2B05261F3F57E0C5CF193CEE60CCB121F21F34D9A7F90BE5ADE3ABA9B7F375463E05F958FFEDC4DB72B77F0E51567CED92F3071A57CCDE69E1107387F7198228997153B208CFD1195
J=-$7C28F07957D7F09CCB7D5326DF9AE89589F69D59223E241C351E06B95E57E23151D89963219FAF2D69A91D2FFC340AD9C27E9D0A06D39AE65C6100D5588FB7978D9283043DFEFEFBC2DA07FB44B8B25FE6185983D754C92CCF49A39895FB8C47ED36F0E836A8E97DDEEEAA7DFE8EE8907202C2E138EBF8ECB71CC11890D2719D68DE15A79FDC964073EBF1F67266EA38260E775A41D0EEEC8728F4E7E5BE58D3CAC11F0D7175DD28136271DA28A3A25EA9BB21265D8627FF8618B89DC5345104B18010AE807FDAEF71FFE50E8BB14F308A7CC33B8F2B850784557179473C8E6FA31AC6AABBDD7EA14AD6A82ADC47E5C45E08C85F8D49BDB32A904AB67057ADA916A23050CDEF2A30F834D492A983B53328571AEFAFBC4046D3938FFDCA42584F9F2960D6DB1B4B274B9934688494B4FC42530A441
T=0

[17]
S=$CC292959C1
W=$8A6A785D7B5D8D24995786A12B8CC743C453B00B36E88887967155C111433A1BA82AF6CD7C3C19B91D682D0E7F5348029EA668F982BBE311234D5853202B3F3DDD48E16AC6E4908318F236B3E52F74CC15BCD9C54465C53DEF2FB6FCF32EAAC75DA356576498B5FC6D299F8B6E30C50A57B637850316CFEA61951F91A9128EC121412AB636BC5E85780BD7791D2706B047EF3D92FFDAB9B1B
A=0
B=$F
T=$1

[18]
S=$3EF4DE
W=-$D9503088CE645033090DDDD460BDA87B64927879AF9033F58F1D8D45DAE692683EC2B51531364443110AC8FE2BD7470CBDED68A3BCEC97E566F6C5B9115FA8803B0FBC5F8C06C71920929C8D76A28D0AACEFAB0B5E29832D9F1E8C6D0C1B079778333FFD0D6F50628EDB95FC7F746E50F4925F26BDA6DA901F69AAED4A9D6BF0C3DF80C8222AE5EA0B790D97259789540AA07F0CABBA
J=-$3BEF4E5FC3431A8A89B3E22D2C494C82585AB1FF32EE53CB461D223816A0CCA108841C8FCB912073117B55DF524F379009F67CB4E6F35A07A050716CDBB817F686D8CD01766C319D7C0EB445716A88FDB9914F01B313C24F37D182DDD6CD218D3CDC39199D31BBE7E924447CE11CE0710AF124A6D36167403C5B1CBBF4509E825996805E6592BAC32702C2DBBFFE748C139F2F303B7FA47E18583A8E5BF934B04A129A552D7949DC0CC9D5CCCA48716B29CA4080C3480BFED3075140E96FBC3F2B667EA6A597FF92ACE27C2B802ADDF9653ABC37D1F594A7F97853B3727F050AA53A04803496317F79C2E3475B62D529F5962C07967CF25EEC336D93D5C0A9FB8506FE1F71DA0A5A971A09A597C6414EBAB0CC824016EB443A13323DC95894057CD2837A3EE85C47AAEAA5E
T=$1

[19]
S=$18FBAC5
W=$1AA908F8A27B343C1F3D1C1BC0FC1878259F66DA51232F9C9CC6C4FD9E46EDDB6B872351D8DAE92A83808F2C4F1FC19D8CFEDE4C61FB369DDC53D23724D30B1C1481D1295FDCB9A7A0BBA23CE67BCE5707F59CF925030ADB806E8F5115B87AE7EA8E8D5E3544C207B1163BDAD45B3152BF843D4645015F1FC676C08C1BDF10BC68170AB912953EE7A3ABC812926EDE857317F87125
J=$3A9960D188158B883721CB1D16B11B15A3D9BBEEC8E95F6B6E23BC49D934D83FB135ADD4ADFEAC89C5E328B973D4057D541025AE4E9F14E1E6C783FE62131BFC5B68A64648C0846A462392593A75562D7AE14B2454108B4416F3AB1777C7D084D9962D36DA0ACEB7B5A296DA81E33274EAC9442C080D093455AC53A6190ABF1949DCF59A40FC47D00987368CF5285BD123C12F1651C04CA339EFEE49E754BFBB76D1A9A844F351B11DF3A67ADA531566B411DC5E45AE6F8E513796833552FB8A5A9A82658061FCEFBDBFA312B16D99FAEDE234C07E03AA47DBD48D2E3C539C522CFFA57A9A621C6279792EE365CD4B527EB852CB5A45E3FDE624C420A7474FBD5F2FDBCCD841FBD8CE678AA1B5D9B54DC8E10209095CE892CDFF9660B228954506A0F2D6822BBD6158
T=$1

[20]
S=$4CE17CA0CA86
W=$7FCF28D4EDB43C45D352318E97BD6F85F01C7F6803E9BE06134EFF6C4A71978E35070CFF13B93A5C4411C1C66329BEF7578AAB6E80A9C1982E8AAD2374C595629039C1FFC194E75A19EA543E7F2EE4350B9EBCDD5B12997D2F863221FE56160B81BCABC880A6C7011AE593E3AF460BC96D634157547549FB4EE492FD4A89C7C636EF8EC8F41D293994125AF45DBBF576E3E1B0
J=-$BCEA0A1F416C3A0569468E62C4C076923832A2B126659DF375F5FF347394F7ACA8ED70F076328B343FEF77A50068848BC16081365C4BF435327EFB0F5CDED12F25CDE0A4C8107809A5E408013F55824EF0EB6DDCB7B3F5CD4B18AF809B91E2A6DAA2C331B320A521656D87FB18C32CFEA7D325E8EEBC19D1F7580606D0F02700FB8C6183FB300A86FB6476D828F1F5250B7F4D7420D393B5EFA6131464E348803A02D94F666151B953300728B1D9F830147FDA7DCAD5D25158A1064E3EA94AD4756C8FA3DB0614FE36EAA49F2FBB032BD2E39D8537B3B5D2364AA493A3890130BC7F14005B06F3D5828813C081BF0BABB67A1BE9057BCCE8F76BDF60B76F09E62EE2B06D2C96F68DD53C72F7B2421E0EFACB7E24CC1167FD7BFD44DA4C3AEFD8075095976B0
T=0

[21]
S=$444D9A7A0
W=-$2238B1808880EC357308DCD8DAEA9EA8538572E5800F9C7EB4E98E1FFFB66C4DAFB6564899DE5A86915230810DE7DB0DB35E9B070F66B4901BDD6EAD5A7BE739E1EBE31EE9A54034516A210CE3A97EB1992BD299A82CABE9DCB877939947DD27E12418767D59ABBFC92A567653C091799DF9A691E2E2B1291C6646D122CAA3155607DF837E75A64150BDFEC8E9F1567EE
J=$62A0A575323C9F4740FD4B451E0A4E82442C8B122F4A107E855DC1B3207591C454E02C3B2329EC914BE98B210A08EE1676F13D644BF22AEAD52A17D75FE6FB6A92EFEE51DE129E3E4AB04D588054995EC37D925C8058F955D46363E871A9805D3794A30D027726F5A6E3516C77E3B66E7D8F7EEFA37FFB4233DDF2C47F22E5DEED69211B49776D2D18691D00E2D49D74CF7669C6241A37E4A6A83655709168E2F5B8D36FF412232ADD59AE47304EB27C2A1CF9CFC4D7F92A9A3214E73FB5DAD86DD23AB28AAA6BFF009F0477A06E6E1FC6F344287ADCE397FD63697EBAC83BA8E53C364C763080AEAFFAC51CF4FC8C0D0C41425DA7D197FEA668D3EEF378DE6F8CA328B65FDA339E96FAD8A029389DCA68FE9D075C764763B2C65F1869EC7259
T=0

[22]
S=$32F671C50
W=$9FE3806B4CAAE0CEFDD58ECF2F2FCAE8E63AE9F3DBE0437E59443EFC0AF5D517D83A02D053DC7A59080FC3C3874C463BDA4871193D9FF38E6416CBB98009A1FE47F892A7DA1E39BF2B0E6CCBEFE116341BC352BD8177B5E0CB8E8E9EC37EE485E0B7B63A97F0101F87F0FF6C027FD757CB535BFBE972C2E37C3C2CFA79AC62E30E4BB21E478DEC0C8084872387DC
J=-$20683ADF73A5755DA8927C6B4C4467D18F169AA87586451FFF4FAF2AE48AFBA9F258BFF4D9F843218EA43B4039820B94327DBEB0E0EF77C3DAA746AA5A140FA66A1B28972C7B7B15181E37E92D2F84BDA9D5CB407D70D48FC58B282704178C5C666FAC419DC14397D9746A3951E02CE42B5D74FB176BD985D880DA0876E0FBFA02D7B55BB83FE4F6BB0F749587E87EBC76432105E892ABB7D61222802C6B6C9B75A788EA1444053A051CA2F0026C16A36725377C2A83F0BA4AC2CF0C8E564CFBD70EB444FCD1A53EC1C8E5C9748395D1561BA9DCCFE80DD2E473FDE29E0E99F31852DDCAF2971CCA96D13A92FB6BCC406B9685FA4684F2D234B19772BA969780FB1574639C9ADFF451EB52D604CCA8C33D2655F3828669A90436777D
T=0

[23]
S=$1C5685511
W=-$A4F816BA3701DF53A28E9E161F55703F80F4DC6EDE5D5D534188074B413CAF3641CA2A8C47F1CF623553198E92F8050D0AF9740BEE92C8B8B0E230C1A0C6CC6B010E8CCF0BAB28D34B46466F71252BE596432425F0BD82A494D3A948EE468BFC82696C1C85A2B29940B402BB5A37D04A5BBD84AF5228435CFA8D9EF0522899ED73D740FD777A043EEC0573F3
J=$D1E77AAB14ACBED8C0AF62C900B0472554251D25A910C92A806D23B1AC21B73D006B8437BA2885E89F7DE6B106AD2352F162E189E12AD5DEB9DB45F888ED44917B7C36BB670D87FA93299FE3CF4AC4A7694FF3D9F3FA8FF41D9F8EC99C8E9CB774DC8B830AA206A3880BA16392B73739713313E44062A4632F978C8990B71F0775567441355E24DD04A449A20D3A6D01DC454151F3C8FD73E8B5317B34FA0EAB5FF1AD719E77132DDFA28BD196C2BC7AE2110AAEACD4E2C71EA97C9B068D9747FE92F870EA88AEF6BE7FE9C5D03EF0BE5F1003AEA077E8DBD9839FF5B046ECC2661058EA5A1A631EFAD9D1972B21C159365C0D5439958DB45D953AFCAC431CF5DFE7919B8471073645BC617DAC711F82E373AF9E4DD30EB
T=$1

[24]
S=$774
W=-$46CCB1D10BA74ABE728EB221F899530B123AD5341FA75B1CB1377030B58141E251E604831573556A6117576767C6DB4B7C4023BE8953B8F0E4E400EF86CACC14BF95B5DB779D23EA62FD2226E09BEE377A20444A7089AB3EA5EC6AC163813B23288A83B3EC4DFEEBB255DD50F112633C4DDAC72207F3232D316E4713ED1A8EB37981247D5318D7AEED70
J=$7D75CADE122942B75C5816C4B3602C4A69C451B6AA1139FDC69A6E2EE45E86E0BDF2F54A9F6BF0686B7FD563FBDFFFB024D5C14C7ECB2BEC804F200A9B33B90B3CE3F9CE3A0122183B140DDBE44CCBF96600C2AC5EEAE368E2DC811E817BE67F3DACCD3C8779687AB90B618938F58514D1F1101633FC04A10537AB636BDDBDBF7802F1631ABCDC42260AC0876929DABFB42AA6A36E5A5AEB8388CBE637159A6741B40A666CB18F4D857484BF1CE7D2BDB4C9F5994238A15A329CE305E2A11781593ABF9F935104EFEF358F8FFC1B2421B8E7CEBB848F3D17E767744FA990A09D83FDC6F5D4FF4C2E28105EC7958B5DB70C7C430A07CC62AF10869977EF91B88FD119390FC0FC09F913A19A30AF89ED5DE036E80
T=0

[25]
S=$CB33C7B0CD2A805D
W=-$108D87A7ADB2855339D7293EF655F58C93A6310965F35BC5EBBD63285E516BC4EC215C77085B74902C81CE0E287158279B300D1D6BD05E0215601499F216EDD311A8911FEA018196657908FF355ABAB7325DDD51A7061412024F5B6A0FA43BE8A3ED9156D1ACF83F1A9AA75F54D956AB607A1C99B19F2CDF176829E8209B71715B50379D094E4BBD1FB
J=-$B4EF2992999692B75852B55D1E2AAFA6B8DB1A6766EBEA40DCD3DF473AC29635791F56C5737CAD6955267D219FB51B292F8DE00E748E1ADA1579FC35FECD3538B8BA9C7DE6BD48DEB94A40830E1D296BB15816EEFFA97CC9A5DFB9B1E1C46F7DBD3BB820892DDCE585E575BD68E99715789A476885A466304F829931ADC8F98FFF2F97FB3925D70411AB0C5CF76D6AE4F32B6EEC084A7AD92AF49DE48F595EF11257D474F6249CA80B4BFC0DD2DC570F9B3B3866609838717FBE5093145EAC432D6634519959388AAADB9CD06F310E7EC5B42106CCEA15433BE16FCED581DA1F6766B580E1925AFEA53F5D306EBCE63DAF029B7E38FC1F9C0E7F98C7EF6B023FA98CA5BC3568E02769406FA0FD0A40FA546D
T=0

[26]
S=$D21F3BD1F61D
W=$359B3A73EBDC5D42578468F3BAE7825B80FBCF458E940D27AA4088D46C42DC2DA989392D143B4F921C227032A5E30D6B585F4B77CFC454E2A50BD1CD8DC4ABE9546FC5D29D698DD66A99A40A68E6AA137085DCA264BD3411F0F89DA55E82EFCFB24BE0C60A8F3F2F4A6CAD8A81553382EBC09728990DE7477F52FF9378ED769F5C7B63DA661
J=-$6A0EABCD14C87C3240054B6ADF9FD538611689B71DED3644AE204F6213E9114BBCD2B4FB18F7AACFDB17F9565D696DA0B312CAC00A689EB58DFA3C8AA09D637CDB1D6A4F4A488227AA73D0CA3B2F3FB7542A870E8D14964EB138C41DA9CE9A96B78A329DA0122E5C09CF948B9BE89C7BE0DD19D73C595BFA94B4021977C2A38FFD028D2E4E687A37B0AA610397F519D00C49BCE951F4E029EED41B579C8C3BCFA077E783E52B05D45B4F008F8CE88F60BE54AED28D11AC43E042D3AD0C814B6D4F9A81B5EDB7CCA4F7C823E9A656E7DC2600593AE2668AD67EA6FF518EBC6D470EBCB33F01093B2E8E7C00BBC7C5396F16B955C9707BA8429A982B340D354FA0E666BB2F6B624E3CB5EC
T=0

[27]
S=$119C94
W=$1FDA5445B19AA8A7B33700F62ABFC90FDBC5017936FC7F8E26DE342C2B85FEB7DF7BEACD4E2E8E8B7A75DC1F054A6B22C12CE7384748EB1F00AB5F597B137C0F8D800F6B2ED81D10EA4A6B0A9D218A5F645AE2AF840AF924EE3FDA42B6AF0A0E3C0E0814FAFAC796A06B7C8A2F9E32407EB82EF12B726157BE4986AF297082B4CBA9C
J=-$13189FC51D52368ABCECC414CECD5EE65B12E23DE31FD922E2E04AEE1D5ADA63188F2CE9F36428030A64E3CEEB6ECDB1CA459E09161FCFD56F06C6D78CDEC41D504E988B0B911C16481FC6CBA34FB792B930245150D2C17B74834A757B6D4165B42C7D35E42F85448681C66C07A30C2AF765FB29C3A8369C8690B1DBEAFE3C27A680FC25C863558243BD1F2BB7D9DC8FA83985A14924F7FD33FA5833541CCBF6226456FD6DC03972493C18526C9651ADDDF637F8445A57E63C15556991271F592188AE205D690B1DA0564F2FF451ED9B644190060E947846965F8008DB97CE4BD09F48A68BE43BDFD43AC26E025D0C9B51C991A7B4E41306D7444A37A9AD7E1010C8859EF
T=$1

[28]
S=$8D3FFF
W=-$DF7D304A6D861F48C4C48006C38BCB4E60A1CB996E526C9C2CC5FF4193A37FFF023ED8E6796E8B0DA6315C5D6C5BE3F2E134FDB19A1F8AA88FD4E49EF95D92FD3F114E9A437B668CC40E6D91F716C14C3A2F3562F033892A2AF81A54431AEF55F9928EBC9AB1D04109E80C6B82F55FAA35821348D342E1BFC428FFE64DB8913A57
A=-$98
B=$2D2
T=0

[29]
S=$5EECBA1C821
W=-$12C1F3A01D198324CEBE678C0A34698D7412D73F880A997AC2741E62CC3FBB16996678F7A2A45BE5A42A718541AF52E8EAE7E615C844F246F61F19CF1347706E9F110CC5B698B34CABDB79C34F82220335D08510D7B767B3C3B0E86BD1229FC7082688CFFBA384E5A02422A47DD6CC7386C999C3DDB17E4BF50A0F2E78B2F4A5
J=$7015F00A78730F359F8BAB5F1283D64FB601E684B54362A625A5C0D3544B596D54DC2334CB08EC9925EA77FBC38D2750613AA2439F2E8085C5DF8855DBF2F77FB76C9DDA3BEA4845B488CC682978ACAB44B4DCC1304DA37725F9498F3E89F0F819033EA25E8C908E28D47CD31ED8040085C89FAF20E5847E1173F1BF41F7BE3A8C6EAE58AAC37C553FCAA22FE90DB370C3AB422C44ED46586AE91DE881EDB759E5499A038FAF37A21505721DACE8A390AF7D1937210873C26CB2855D14FAB61D37EF90033A513546C4C6C2ABF054A31DE2A15CDC9BEF3A633738492957052BD8A1451C66973566CDD36FB87EC96E802089E608E623001D0EA52F02B8BD902
T=0

[30]
S=$B7FD8FB6
W=-$70108CD2895E8DA66D8B6D21CFCB2096CC1C95FBFB5BC33BD55D1EC8932A9C1BC858C9B13AEF4F181DEA7E97298438618CEBA4B047EBD535564F91AA80F0D654BB8038B64119BAF1CA9465989972D35C16DFC9A8F13ED25AFD9F0798344F2B3AA15BDB400345CA95B91AB0F2F4A683F05F6A09698486E0CA01565ED14A
J=-$4A6E8FA41F97ABC547EA21C5B550077B0F6738FD5E4FF7A9109B64FD09BFC5732654E7C41956F813B8E90BF86391394A2059C6AA4E377D869635DAE726BDB5538B3A4E1FAB136D86C5AFD83EF4EF0B28F5EAC5F6BB2068FF96C0A43E9F15829561A203B875DDCBBFDD1CEAC98AE901A50EBDF3B367E7DA33801110B1CBC1766D51DACC8366BE38284294D7EFC5C2F1F52AB416B9F8FA3B35267EE2C9AB64D3FE47418453E89900FC769962F311C019FB3B25762214BAE241AD565CC41E19607BBBF8DE8470501977D993135D52EFA7080612CBA6C8D82DEBD5DFB841D0B10486B6CCC672D3EAF8E35C794F6C0E2B80627D671AFB4E424621AD2
T=0

[31]
S=$17182
W=$50DE1256BB7C563996760B2EAA9DFAF870190B1038B03760D4B3DB9102A18F7D1A15023D3B19B4D2A18DC5235B2F542C02EF17DAC4FAC0B62F724A5B6DF7B700FC0A6A69D139599044E800420CCE711A92CDEF94CAC020B7D307E6FF6B452C96EECDC6273DAF06D52770161204185A537C3B92225385FCB1A1DE30
J=$4CC3994601EDA4119552B48EF6D8F1493CF401879B2C3F76311EB51EBC9C69270301B3F7C61DF95CE088E2B59D3EE268F0E115E36C69CD3756090410D6F4BF232C4EA137B6DA1A86A2550CAA0CEB9778EC3A4DFBB6478DC8F040CD61ADE09652EEA59C734BCCFC8960818EB46C1E272A116186D4387B77BBA8B9AE6D398C3F6098952D267A768F4BC820B3B82C6F9CFB761D00F26FF638360918D3BC97FF914F34C6A8E3A239F5F5170FB882A8B2D3B452ED6E01932B9D28DB6A6B70A7E214B20C6EA83A8450BD149F2CD0BC6CBE7BE017D444FC1036B9903F72B6C807283D15E56147E161E2A15F3931014CF932CB94CE259E5544F
T=$3

[32]
S=$26E2B181
W=$55F5F8C4D0E81578548BDF601134D3A373A5D17A9EC40E57B6BA519030DD9D4DD15BAF37FFA476CD3DCF06B4288078B24DB4EE0B633BB1D69A830266E8BAD81DC99770065D030B9EF599B77133F5AA5883BED3FF6C5116B9D67429C74671F3DAC53D42F259A565C1AAF93C015D5CEC335EE111D5FB18AC11AC73
J=-$46DC48F2F23DAC3FA586D7CA2D37097EF58FF30258CC2DA8C7EE6290D93ADE51AB29F0EEBEB96F8F65E85DEE62016C994349AED64C0D61CA6E96A769EC2F691BC75165FB6B257C24232D99C102028B1B2BE9C3882FBA556F35A62AF6C03B540E43E66A10E5C06787D01B9D110E8DCFF780FA3054A413248550DE6FC00BFC20F3FCAB6A5D8B9D836DE1CB856066E64A0756ED9385E088B503DDF5BCA4265FFBA972E8EA5010783E80F94BD68848D83AF1A550DEA8CBB3A85F1CA3088C2EB1BB28B16DA6620E794C4A9311CFCBF40432A4C1F48DF6B63777A21493F181D47EAB1998714CA6F65B3433A2D5FD38C455AB9A8677B67
T=$2

[33]
S=$39EF76
W=$98AB555225E0186681835BEBC551BED9713AC78D318749014C057350EDBE475092A83CBC4754F8C9AA09FCD984570F26767B7AFE4D1FEDAAE7B0381E17F2F3758F092EF9FFE6681D1CE905E85F93D3824927DDDC68285CDD58DC7C273198F7EF1438D0B4979DCF94273BD1106D474C3DE8F4839E4CA05B40
J=-$809E6D30DF6D84C27FFDE3EE6452EBA4505E95D9BF58DEDB88A03A9CE6D7AC4A8A36352AFAEC0BF66089CA4E6894826C9A95E071735891C07D28662A5D8F019C528AFEBD2FA53C3F3CD6F16DC3DFC9D788AA51BBB149F6833286248983CCE0BBA553A488E8C63DF863E8957C33C0243C25AF12A1A047F4515D935265B42FA4332616B4A94D4FD91FDEA2A6FBC570CE7A57C6C3343B73ECC609DA6E378B03E00A2AA3600F7253C7208A9BB2F3DA228B378D38C3984389170208CCD57B6EE6FEB9F23EF418B5DAECB7B09E1C37148B4C63E97187B817231307F1771875F010F221DBFAF84C9DFBAD7E841C8FDEC4935AD
T=0

[34]
S=$7E482D
W=-$26DD116C4F4903DEEAE0629C6D88E54DBF9B1AF8A5B5CC25804403A3FBBAB5BAAD5190D19FD92B543EE534ADA62B8A6588BBDBC4E04996DEF6980912404FE8564B503645FABF1D5217842F1D639B6C6566EC3C5953133900CD4FAA4C9F3F4570AA6EE8AC9B6D4BF2BF5532AF81B9FE2601FA4D61133B2D
J=$397F09AE199A84F03B13711FB6FA4ECDBAC750B5304AF31FE8FDC2D6446FAC62FCC17D63F2CF0114AC88C672F333802529D56B082FBA4C5129BF4043EFD44452C7F7C646E48EFAF0F1D27D1566DDAF851F0718D9A44E83C71100E5FD31822BA316A067C5081D6454EC070AD6F1692EC38B3E7CAE0907327699BE4B48AEFA662A4D891998E123E57AEAA16A9AD8B3C641F97F0C0641B927AEE334C29134EB82FB2314B986F7C6F360557E417842FEA53A4E6EA16BAD09EF0CC99943F53AD2B41F0B70ECBC53B46FEBE3F563DB02DA6541A22C7512325B400FA1FBE1C826F0B370E17C5CD66666BDC8244D0C039D
T=$2

[35]
S=$4541E5E
W=-$118268FA417A1D3A534ADAEBE164E557C4D9EB1D2E4923A7BF5753C514CF803DB42E651103D4602F9DE011AA2A11BA3F52FF0AB6903AD5E1537004F61949AD85B4F619BAB9E067F1545B76429E144C085684CAF67A9CA759700F7E5452F312831C4892197407ECFA24D1DB8A44C4F5FF3FF98B8579C
J=-$10CE3D3FF6DE8B0AD13B5FB2B47E741FF4F3A0DB8277E1F710FE67B5ABEBB209CF7B06D7A1D5D1425CE45D54FF324BE501DEEE40D0D14219683C0AE71DD1CD8DF00217184784D834A326C4BDD41803B74F7F765295183BD24A3C68763E62E20758BAFE928741226DA9CCBC46239184008AF0CB288F17200C242FE57876712A0D0B898224410058819886B30DE6D7AA59C165F1212392789F257A541934BA1C62460A39AD7129FF98C82AB1A35B36D8644BD6572E719866DE3916E9EE43D05814AC6BD43093C355F1264761AE0750B0E775B1CA71B43A5B5F9754654ED7DB5D0D84A4C61CAF37080F1E650
T=$1

[36]
S=$EA368F
W=-$1611EB776570CF51AB256AB7C87625EBC517CF8AC09A55552AE2D26F9329BD1AF55CB1D82A524C92C5ECAE97CDC7F727232B5E0338A25B4E60C18136EF3EAA5C467D6644B324E259D7BF31C210D1916623DFCC50B4D98850CC1DC90F6B78A15D85F141680240136A8F32D8754C0E7B3B4FE53019
J=-$565DE82CBA4AB03C98A6D528966BBF4C92555B34DB25D22D3290DBA4EFD3F034666F15C5A250D0A24549FDC9022C3AA5B0BD854977C8589D552CC43E0F7720CC1BB14433E42B42F56886292838A8FF322F1ECFCB1AC578C4D7B21B27370A5C14AFEB98534124426A6BB8EB51ACFC47D29C4EF1786EB8EC8C45D4A36EB1247221E2F1AB5A97BEDFAF71943045A271E6AB865C22AF7143E9CBFFF00E50B0F5C2FC1D87D035A5B324E1562CE600CD133E4FE95E6AA6FF79FA24FB526AE0E17E7978702E9E8AAA1773386D2BA175E9957F107543060A08C325F60C15145D1FAAF8DDE5DADB8E7B77E1
T=$1

[37]
S=$7FB80CD63A69369A6F
W=-$40490C3843D955B6424CCDD9350257B46D454616F97A1A04BF8C1B13EF5FDAA1B9BABB185AEBAE60FCA6092101EC543DB819C5AE14025D21E8CA340AA55E055D9AF680970726891D53C55EBA7006E877E82553D8348464B98F44A74DC462CA93EA0262620E17D26CF9F68F4C13D820DDD653
J=$2A143E33D6427E69E146B58DD318E8A5A45051F539216BCF00FA98F522DBAA0E368727B774B9A95B009421FBDEA4E84B060C8CF529DB02322316B8FB97C5F6CD1538145694751F441D2BB84D3DF8973E6A9A75760DB6551BD209F5870FCB99D9AC6CFE209CD13FE6F3D0ED057998B8A46A8354A6CB0EC0014CE89EA12958794200B00208929A1ACFD4FC01EFDF2D75D5933E39E5B78EB83ADEB8640F364D5299970ED412B681AD2E385E45B402562CD5A6D7AB9E17AD80F6B5C92C9E3B8621B5599851DE8023CA0843662D02CDC48E4AFAD835775F424CA75D13B444A277A965BE5E0AE6
T=0

[38]
S=$7ECE42A
W=$1FF60D58EEEA5D3A8FDA0AB69A46EFCDA4AA44C111F5A144DD567F565408313E1C159CB9B0487EBF62AE65114615FD507CC1A68DEDBC70DBACC5403B5797B641C070AF17E5F4FE80B63CA2C6DC8968D56625E606691980E4195BF6DDFE627B6FE041FFDA49A2B3A8095E7E065A0C
J=-$36A3EF021CCBEEF80B79B14D3317EF1793DA2C493723DBFD8FFCEEEE8D7904746373F1584BF6A76231FCF8ADCE2595A4039F5ECC29D7558C47A24C709F112254BB54834437A5FAEE56EA652F66DC9052E594F6EC46FB275E0895EB7D6C1D9146B10084B13BD9C7E02BA45F5DC11515A36710CCB0CEDC765E0D9C380A6085C1DCCF5BD9C9CA3663963AFB05461E0D6A28DD817C4B698BBE5AC111650DA4D6B6B75A32D9D86C34E0D12D3E50AA0FDB4979343855198F92C02C8F000DB20AF36721553EA791975AD63043D09AF2467ED6F34439CA2A50B87EFB6141FF
T=$1

[39]
S=$14AAEAA4
W=$3FCA357C0E494A4CD2F628C2F783C2254B71DFAC221968D5714EFC71A5EAE0A91E1B2CFC6BDE65CE0FC9D4B831080FB41FCCB5CFF6A26FAD91511E0A00C2D93CEE7DDA1411BCA567A52752A7110F4E012A4F9631FA7A5BE375276AB51D42C7EF23589AE96730D77C205E29C8
J=$676405884977A93FE6A3C7F692049773D970A3DDE5BCE6B16FB3E7E9F16EDAA351DE81CE7836299393C8BB17963A8A7BFC6912B51496644420FC1371048461E92D45C395702CE6329BE913588AB4EE30129023F4982CD65C19057725E8E8F324DBBF4E727A48975A8549DBCA32E8E6987DE2D13868958180850E10B3C27D683FDE404AB25F0CB4CFB7DED7BEFB765DD70495A6BA6F14A23AFAA891FC61B6262ED7C24EE3FBC86C7129B28E54105F547167F89C116E8551BEB37B1B0E16FCDDA62F743D62B0FB0A515B0DB2A1EE69EF3F184B3E750362DD0
T=0

[40]
S=$BE23026B5F
W=$6DE5182C922BE585029E9DF91FA62633148B6BD9E7348B0FF26B3AF41F99907F75BAC1283194D57DD7A9EC2E5C5E8471B2A77C9C3A25DCB92498C77E9235FE8D4AF0BAB52B4B23C323AF3C9EC61D8667D3FD00D81D7AF944E75E1D01CB0DA3962EB6144877E3D6E82C6B
J=$11320C46771DEEB980889676A6F893B43487D34F2F8CBEE003B61D23BD2AA0F02F10CC89D7DB2AD143BFAFF4A3804B9C56D0ECB370DC2261DEDCD1C357E45A652429B3EDF394514B6D6CEEB7471BC9DCBE3BABB50E30734B9A224344C85F67DF772324937CED96ADECE847E8FEEB424AFC63154809A05E006767E9DD8BB8C8ABB34760D5C4045E83CC5543DB31D59EB094BC0BCF1E21A8A6E955A9BC9341C0545C3E23387EE6B0C0A8795A6527C075CE53C1A95D52E969C37D8700D02ECA8574FCCB38E02B37DE85179B995329FBEEBFB9DDBC498
T=$3

[41]
S=$D4D8EA4
B=$2

[42]
S=$8BA302E0
W=-$F99A4C2803DDE71271E314DCA631FF7F90995EE6EAB413606B2BBD9A1256E1E301467E57444F86AE6339BC45D4A420A7A574134D3A73E27B4A1B0F53D074BE8BA2CEA7C830ED25F55A7EA84BCE90D35F71DBCE818B983AC1D788A12E423F136F0E1D753DC196
J=$5313D2076571E5B8072D8B22DC2DA51905C1CB9D365B5AB78F31AF566668611217901AC639D24166BAA5FEA6B3455F52C4132B113B06ECF6C0779FBCA7B6442FEC70F89130FE6BE68A42F95565512523F137519A0FD41C70AF0E08D46007DEF1BF5802E96F7B69ADC2BC08EB1EE989A172D07959FF09494414DA88DBB6DD36A3FE758FAA55384AD130219EF0339910EF3F6373819F99675CB9546AAF115660917D29BF2F31E2D30A5C4BC745243027F80EF82F43A2564E7212A9A471B29C60F1369B886EE20E003967465CF
T=0

[43]
S=$E3715F47DAAC4C
W=-$EDA254A4FB56F923731DD49CAC83D5EEB970E48A34447765E4438C0EEFDCC5EE21926FE4286B313E34F69DB22AA9DEC9A7582E7D2C4CE19836419C97E27D5AC642D01329465018A9F2D0D391712A63A59F60742BD6CCBB6D5B5FD3CC31DFA79176E33DE0
J=$20C9B2C21CA5E814C26699617ACC4AB87D975EF85D0F0E877A4BAAD251D6338128A6F272D0D9EAC6E7F22278059F4710D1E51B6BA54F7B527A03D8F86E3D0A5BA32588D614207D959B4F7BEABF255F6A56D8E5CB0CFAA1D3E222143A6D36CB22E1256BB42D7DCF84A2E4A80805B7639C6E8FA212563E42D26C28D8BA51C42F266F68BDFFAC976AD0795333F69A050808DEFEB4BBF9766718EC7EB74AD7FD24D31554723440CB665104C7FCB0440F76DE00870A09EE9D1EF90252424B2639BCCD7357A5D18F18BB18
T=0

[44]
S=$4C404
W=$16F01B00C93CBA8512086B8FA640C05AA834FCB766417916F0886218C9CD9AEB9A671049A49BA404DB7735ADE44B44AA7D0A06495B2DCD2969A56F1AC9A6F7F6F1408577FFA93724234B918FEA0DDF5ECCCBEE24F1CD2EE28B41CD0CA24A6B827A
J=-$11B3F8696B7CFD7B8B4B588E86738AC969CD22ADE7F46D68F90FCBB545796B608991149C457A2B08129A057CC09ADC25E9947CAB7F0A04040CB215E1D99595BBAD14100448381D9C5789F5E258BFC5963D240E2C17903FDE7AEB074C53FC61319589212B875AB85375C45137F9DCAAAF40A0D2D7AC6F2A8A302F341EDE09A401470878755954A228C1FAF071E93FB9AAF0430950D83592FCAAB1CC586CCF9ABE4656A894B76DF7EC0C96BD475A1A138AA74B706EF212DF731F2072C594D396A530
T=0

[45]
S=$568D5276
W=-$AF01409D0A4A7F1806E8CBC1FB5326CEB7773647EEF9D80B563424840EA477B6ED5E0A709A9021B237A28C8AADFC896D342D220C27833A215A13044F3A554019F07115F9365541D83A0FDECCB275A93EC040156AA3D5BD3A9832CAC9D84B7E0
J=-$5836D19EFD6ECA1D8921ABBD12642F7C48076A44CEC711A6B815A3BB9887010CE34BD91A5D997F6742B91F90ADF8E4B7F916EF57B25B605A4320CC0A216DFF4191FAE53030F2589A896606AA223DADBB99A7CC7A3DD61CB509D7B67ECB9F703F5F1636CA4300B00D9CF74629F5CF70202341EEEF6CF460C2D3FE4F0E69F33606C97393251F769D7B3A714A0AD83E300A45F40454440DA2F6E8BA59E1CE710BE2E1B6A9EE8C05161D1D3D4C918395D313AAE5FFCA68123D5C5C036DA6AC890
T=$1

[46]
S=$E1A5720B
W=-$7B12233908DC8C0A8133B88ADA85CA2CBD2BC09881F9992FFCC92C52920F8A5F0CCCD1DE6DB00E3E852136178158C7552F48A97A6A55196DF048B9A92E9D5F823F0E70AF3DEFCC02AD272ADFC249DBDCB58C40BA8655A05BC25071CCFD1
A=-$98
B=$2D2
T=$2

[47]
S=$50ECCFA
W=$A399A2A1F8B763D42E90BCDBA6923301960927345D91AC1E38DE304FCCB6E41926968CFCFDFC4AE598C5C48705A832235CF1269DABDA7C0AB2CFDC7CF330EADEE0D4EC9EC7FD421C066F3768014DBD1F80AB5C82D41CE29BAA504F6
J=-$1AB8E4A4C6648F480747C474C190AC178058177E3A8C38B07544028C62C7B9CC205C93295A7E35C3DCE9B650B5683B1692F5435133EA80678B5713D91B76401F09907FC5A1F3DE42551C242A1BCB5DE286FECA91A1B4EB28E7F81009145121D079E71F287AC61C83F9E25D0EDCBF3A6DDEE71B113DDCE336A2B33D1A3A74E2D457911F1CF6F78DB79AB2FD871C5A4B5AB01A4D8394C887B8BA643BBDF6ECC80E1A91CCDAD22EDFDD758B1B413965C19DFA7F4DCFF42A23
T=0

[48]
S=$28FF1051C84D0
W=$3AEE56BE091E33F0FAF30A44CBB2E7FBADBE9EFE5E6D277D115ED837DC5A5EA9849EF3E4FBA8197C034B042382D195D04BD54F2CEA0630F192B336BC67F937C607F47C82817FDB1D6F4A78F5D4739CF8D1423FB47B754A078EEA
J=$38C0051C778D96DF645AD49089D0BE2AF6F4899AB040F9CA3AB095036058C9609BC0ED6CBBA7D5E253FC3BF725671A04A53F3539F6D998369F095543C652193E5EBDAE5AEE4EBD6D0489CCC8D2C3EDCF1598AB5B544029E1DF2C2102F5C38B58A39BC5043C38B0D5D6EE7798AEF01FE7C8ECB625B54DFFB21C6FC9F952EA52FD08B1DE84DB267ED2D03F44AE4A9C7FB8F9D2CE97769046C6DD3E5E4FC516AACCDD809ADB98CE98523370B715F0EC013D199F9B3
T=0

[49]
S=$2453
W=$4C7512616BD4DBC1C3D50659A2F337BC7B9A52EEAB8999B61F696A4480BDDB8DA3C80864750BD3F10781DB4FDB398477C618A9285C0C5B303D96327E7CB0448F5AAAC063B4C65352D118D160C32C7DD1A61215B484A9BF
J=$2C74D6C71BF022C62257BDDC9F75E9A584C4A6E76E444CA3BCBCD9DC3AE7FABFFE5F90BFF045C076F14CABA5ADF44BE87BF0B9D42C471D04F652E4646D5793712C0BBC954097C50B3305557015AF247C3E3830BE68F751F0ED5551BCD7F6DBBB4F18BAB902DA5B5AEF4F097B212266237452AE415C022AB31C6A5198C97794F4513A1DBEB1FE776A496BBF4FEB246F6221C4B523E624ADC82902203796783BB21DC91097C1CCE9A75675124317
T=$1

[50]
S=$2819316068
W=-$99F64B5B28186AD264FC68E028549E7795E053FD4700482EE2258104599CB823E418C4C7F819BA889527873658077BC2E1255415E279014E6A8D995CDF7C36E00BE4DDCA8E0F3437E70FD524684AF9DE45F42B7FDAE2
J=$10EAE29FF0E9776811685C6B23314AFA25B04E4521D188FD8E648E9EA718EF3164C6F9C553A4DA4B56CB7A2AF40DE997F68AF38FEE175DB94B9D7ADEEDA0D5A8E4426A3986DCECC2C2D0199858BA0AD7AD54309447867E1C843D203BFEB411822A845F0577F80B01682F590D059F1F98EB5E1A83BE8AA7E80B96E6EAE8BCEC6C9907C584A5F3C94BB7C05021402E1FD26C93CBF17D911E596E501B3CC3640E978E586468332821C8A231B269
T=0

[51]
S=$1A345DF
W=-$24D7B4FE4131D261F55FCE5B6C228C67A35E6BF0E6E09CA951D340F384F7EEF7F22C6431AEFC384EFE93D3F43B6A76B6D0B68790A9C2C65DF3AEA3715A369D0A33847B9AAAB4D066541AD57B5A0C7534F567207D
J=-$6D9C1961F8E29D20E2C4EF4F5BD8C7A5DA9D7C8B72BD7318B94C613790B5FA3F2DB64947BEDC9A41141EAB70B52E408CAE73A2F0D88C699A6C53003FF32301A2CC74E8CF44EA02CB6EB27E928AA0F8363ECE85711945E7FCFD73DD3D3778B94F1A45936CBDB42CAD39432035A23E715CA92E41C9F06BE8863841579F45D226F58610DF2F93A7EADB254A06FF65D2672E7DBBD63A23BBBA8DCCD4F3F10E0F10FA3B20467BB99D30
T=$1

[52]
S=$18460CF30
W=$1A73971949438BCE47B865D105F75089B97AFB35BA45D6F60C5808B4DB4D9E4D313AA2DAF81C67AA2D67FA3E3FD38D41862530F00D3AFDE55BA186E8089D99235C31008BE846914714CE65F1E2896750C389E
J=$4AC9D08A82FEA89673971A3CE8624A8C8340A8A543CCAF50ADD29F63DDCB238E13D6EB378E090F58FE724454C35DF92418DDCC4C772FAEAF1F61BA61A4883E0EA1290183DC2D43BEE2FC6A9F79BBA464A57872D7DEB000B5A3B65880F6CDCE1D9BFA78EA47C77BD95EE25C95C94513DAAAB40D7AA0835DC593B16BBA564063E51D4220751680A7BB5548E161DC95780823B2BD7F6FE7ADE4D77B4804A4352EE28A4CC9C2
T=$3

[53]
S=$B4D46
W=-$CDC7FE87E79AD3F0EE402788EF434A241D17F45713AA5FF5FA562A82C1F2B178B8A361EC8D8ADB924F7A3A4986E36120D70A0B1D05E25F05EA016BB2280C15CB425B5A7819CC78DBE0476115732BEAAE
J=$3555390E38D4EC59C1AC7988ADF7BB9A6AB337FD83D07C580C23750488D78A72104677492BB72ECDC37CE90C2AD3ED4A0CF90E7E75BDCD80E4E79CD1A02D4339B96DAA56D5B02ECDD21FAF28849CB2BEC8DEBC3D96473288F863C625D8167EAFF1D20070EB7938D1F3FF85EDCDCB4661097FF5A8F178B58F4C69BFC46B0C1D0F6F9791A6D42FBA71BB09FBD01C933545E1F98A388284F9020611FD6F6F1BE20F
T=0

[54]
S=$2D9F02
W=$70714788CAEE4BDE046E06F2C46BA796929B45C92E097A91F8F106CBE0EC26C3A15F3E87AA98305EDE612938300EC24FFA14AEC3D565B1ED77C218201BCAE5395712AF5250A400E4F37AD2459E01F0
J=$4591060F1316A9B6C30BAFC4A87C427430B0F014A5E4549E41C797CA838245F9C6A35FE7898C6A36870EBF0608A45F68AC38F7F15D5B056D1F8A803E9096A36A9D424BB55087F7DCAE85E3CC78B8B8439F131107D8A262C401C5C24DAE86FDAA3629CE0BC057C4456F0F5E5F7E7BBF63D4D9990271546C1C434661B2D4A84DC4F27C9B0DF10BF8BB6370E20AE5F5C1BB17D2CD4D7672DD517170FE3B838
T=0

[55]
S=$30591
W=$D5D826514788C82CF8B51D3868E64FF73AE3C7CAECD9E78366675776AFDD93D5F7626B621821BC588856643924DC6E02D482E0AAF3D9A93A9EFD1C63B215F1172E9BFDC324DE8630D5F0CC83B71
J=$16F20954866162F8BC42E22EB58D69C05C894C8B3F00501F4EBA46FE9615ACF44700ECEDCB110A27E781CF042EE9BDEA8CB7D52181B57CC85A4CFCB4DCE7B15E362085932933C8D5F71FF9C7BFBCB44FE28A0B15BF2297F7CF5CD5433F37C385DD5A6B85C06689E5FBCA886EEA3A3549B356FA77D3ADDE0ABCB98CA37F21F9BA9A785A40388FD8F025885CF35935A29F21D6B7C54214FF1FC5CA0B
T=$2

[56]
S=$5B0FE
W=$4770DAF4D7B0D4E31D020B636178E30EDF51C4D9F702298B97E7654AD8B8AF7ED5DD906DE11D27FD17EDFDFCA7EC38A5A31975EEF6FCF602CC3232AB0B73502B2B451335F9B167AE271149670
J=$2EF3A79C2D922680FD314EA3C6CD2590CA67B2C46BCAD05FD01DF457EF019AA8938768A600BC11E3BD9765EF2C1DFDFB5AAA7298F3B981B393724190050F3F97B6DEEDA6B0BE65091BCF1E3C844DF2340640611B5010DCBA43EB75DF853CB37A5433C91D8D1FB1EF2B4B0407D7BFA371C923A0063D479493CCE92157FB4B0639A5392601C9794B998CB2FDC4A9B72C89D376E222CE89A7796
T=0

[57]
S=$5481C
W=$2CDFB502BE954B29F9F641ABAF28BFE3A03BA4A629E38C0524D89087C8BC40AC174403F75984324AC7D475AD66DA32B40FAEDBF0A7B3535AC8F15C6DDD720BC17FC6ACA34854E64230A60CE
J=$FD23085FA960DC293AE08880F712CB92E2DE0BE1A2D394AA3F6D308E8636378678618F2C7F0D73B75EEE9BF799F383BE4A2C81AB1D7ACC5719CC9AADC25065168E0F1C5A4D82FFC5396829080249803B7EF9709C0722056E42BD5186DA91740CDA9FD57067A4CC80C0319335719A1B1F76E50A50D9EB3B2C050600EF78DD9A261F5038048B05E5FA023272F153102140C8D18CF5BF60
T=0

[58]
S=$28D3088ED15
W=$1B83DE8B5FB6F5987427DFF74E8D455BEFA44F6A0668F9F3A6FABCD06515539A788C1931F0B4A0E9AED5A6E3783D80FC0DFFF2DF454766FA124FC50AB1C2767C776276653B28363B301B3
A=-$108
B=$69E
T=0

[59]
S=$31CF54
W=-$1079467496E90C8DF0D7E98CAD2E9160A69F1F02FE77C50C1C87FFD086F6D1A2BDAE8BEA1672B2C7304FA2CDCFEFEBE62B05490284CAFFED1EA336D479260885E2B4AE39D8AECB4A
J=-$13D4F7186081A5DEA14EAC59821C6F0F353A399D6AB1EC5EEDF1CBF19829979DFD50368DF043807770BC5287101CABC370CE76B9F2C6C5435BDA1D9664D014D17E8AFD88C52A5E4D9943DBDFCFC88FEA47B9EBDA6F368D8A4E62664197F6FC411B7D0CAE1F3AE879F1E486F1ABFF51683336F752C599C1921CFDF420024176AC1896CA54FD4C91E352B26BC0C16891
T=$1

[60]
S=$2
B=$2

[61]
S=$128DEFE9EA
B=$2

[62]
S=$28C2275D
W=$3BBAB2785008E66197DFE63881401671DA1C21A490965849B7004617876D2C0BCA1B53B6CA4F3D97BBB5AFBE20AA0E778B0996FE387AFE9A50FBF33665F754BFEB0F44E9
A=-$D70
B=$12F5A
T=$2

[63]
S=$686
W=$FA1F3DF0110745BED07DB130462C522C3C263C63332F149FE4118E4151B24EFCE2BA506B0CD50B1DBB04CA318EFCAFBC6C899C3C06E8401D2ACDB3AEFB2B49498256
J=-$1AFA8EE1A7B993D5D08D9A4026D4645D99B9FA47D0727F50C1EA497EDE93AA8E9DB034EC86E2D1306483CA2BFE2C642EF0C1BC0EEC4F93CC606EAB6948B019A97920EA043B5C657CC3308BBF8DE9B1D6BDA976229EC0D59E4A32B26B446C5ACEE45CD4852FA3B79DA043B47176DC2A877E897E69E37873175737DA5B024F5451A6E7970B
T=0

[64]
S=$CD0AA379
W=-$1D2213352C4E83B4DD1A62EA548980EEC3586B3E8F78D0518DDC432D85C2323C81738E301C5F3FD5FE59AA66EE910B344D9B35587895675105909415A8AFB4B297B
A=-$D70
B=$12F5A
T=0

[65]
S=$16A38E2BA19B
W=-$E95FAF7FAA9421F13CA05785794021F3E459C75F19C07B9A2FB965A7964A30C1CD191FCFF0D630C587C9D119ADD37E5D9D8BFF087F8D830002AE6E64B42931
J=$407A0CF469DADE8F6ADD0A8E404065496C203C5DC326EB3502E94C042908F0EB92A292A5FD67889CE125F2F1D25F448577384B59474FE781C0204AC747C9328D3567184CA1ED04A2C63EBA8A03E9363A7DD4054CAAA96C76679508E751AB1F31682EDC29FC0E03BDDEAA7321B4DE6921FD10E6F7D46746FA4CFD867AA2DD8
T=0

[66]
S=$172EC4
W=$83694BD43427F48AD4691FC4F2C96E60EC7CB0D13F224930E5826804F5FCD0D5A92DDD8858D2BF23F55338EC858A6057548CFC73DA9272D82B561CD6A
A=-$84B750
B=$24C7B73A2
T=$4

[67]
S=$24BCCB
W=$47F346A837C96FCFC22B57ACA61997ED57AAAA82E263468ACAD94D32F19D55EC50D44D316FCF328C37B0D3D79C982FD3182DA3BB347CBEA3B31F889
J=$227C6BF6B3D8DF36EE4E2B7B9079AE19033C819860AC2E1AB419B472B322969059D5FD49F32C5A089F5AAA601B977515651D5E9A2FCF375A52AD774D76BDE0C1C9884CC542E3EAFF2DA03399187EA5B7069CD58CF624614483D2BB74BAB434765BF39C72D000BA540E9FA87DA804012A7519EC3A5DB2C
T=$1

[68]
S=$8EFEBF09090
W=-$A187991ECC9DABD31BE2D64F631A283F1AB1C98D1A411FDC083794A8B4B5D0F10D80C38BA4DC432FDE345493D0A7F4D86E740B0D2E9C452F4BEA
J=-$2C1B2F6261116FF407199DF891CB1D83935E83E8C70981D10A00FBF4A45592A0CAE9F9825433202CE601664B428A42CD8C881229DB5ECB710D7BA463113CA378C58BE36350FC3FAAC69981A3C15D4E57D8200BA539842A8B499F5FBB5248B8698D3A1F92364ABC654531D09EF1D75F8580B4174
T=$1

[69]
S=$230341493B4
W=-$3446B8C52188792075135D5F581EB87D383394068043F081E6AA6842491AB98D2A742F2272D414FDCB16BE10DDC5E618F75BA51140F6D92
J=$AC81E4DA3FF724F8CEE2AECFD54365258C296E4DFC139938B80B36D6FBCA92D97851FA5D5F1E8C83DE587B37C2B07D19D60E3AB459119B8F90E4AA2DDF8E510B6EA504F7360B542138C9851B9980F759282B699498569248B0EB3CABB81434034491E7DBAA763F77EAA9FB4CF5F0
T=$1

[70]
S=$A8E840
W=-$2F83FA74C6B02E110CBAA21C2E86E6C87ED2E9C3F49A459AA3761AB3279045FC62F95AF343E70DEBEB22794DA6404347AA506FEB62
J=-$2AD850FD73570198B6B39E17C3D9EE25200A3E8808240D1B64D6626B2B1AE9FC1AD0F1BED5EF33524B52F41B2A887A7DDD6F6820AC4B3A1D71055D7E7AFF43B5046D69355D865FA82B45842F3A28B2752206BA67AF1AE85918957D6A02C9B2DF4E9BA93F24A7D5C925
T=0

[71]
S=$9A67EB67A
W=$C250EA1EC50A6E50140529BF2FECB520A1DACA21ADADF8E919C90760FC5D6EB72DC9115E4E9991FC87C18F7EB31055CBCE5F20
A=$3
B=0
T=$1

[72]
S=$58EDA
W=$5BED5BB43DA8AC1C6DBF4F504ADBFB3CDA06F159AB721B1C2A823E0971BD0EFD1C026DF6F1FD6A938D2A35A7629C3D3B68
J=-$C80939B77E64A7FD88FDA68632B0B4F825BFDDC3EE41D7653B05EC1D1A927288236BB9B18EF1F697441B7DDFCD021053D373B7D88E405FA2F4C9BC0130505C83CCF2CA4860E1E465860FFE8DA716289A74334090CB6724505DE5D8D51D845339460
T=0

[73]
S=$D77E44
W=$7ACEB666B9428B48C5C4092EC82AC3061FA631ED64D01BA172E09F518E31FE63A4205F25C270ADD7A3BCF47411209324
J=-$701F268EE1EBA316F9B4453AEF255B80CFA39ABEE4CFBDEAFEDDB1BEC8AA8993028BFFAAD1C6AD6E25DFAB1A447E43FE237E144E92FE643A38D7560B2798C97BC773BA90761D159FD157C1E5EB91CE73E8D90659CE984FAA57A1ED76C947E9F
T=0

[74]
S=$10845C
W=$4C31C426342FBE23A200AA544A6706AA70E463ACE2A2D5B9BC7EC5B885505B53B94F9569DE706A46EB90ED3BEFAB4
J=$254DF69B5DB04A06D8EE94B670179EDAEBBEB33FAC0E617EF5B494081E63FBE35E7885F7D5E18D6F541296C087EBACA5750BE7ADBDA7B9158A6B6858A733726BFF2C9708B826752703EA0EEC9EC139AD9BDD1ED9FBCD04BFBA8A0C1E6
T=$3

[75]
S=$6241070
W=$17D0C16CFE5DEB1768B055101F008BD4A0480B76AD37B874B7AB7581EEB8302262FD18D1D9CABD49454DE7578A2
J=-$5B26E0FC39F6D1B20E3BA42D97A0A3BF1940AA519479ACEEC954CFCE16470D1E7611094BAF7E7B18892B5C06457C806C6DD1255123A7C310303404B88FCBB913CB50913CAEDC7372F9B0ADFCC4E88442C36129C1D26C7A98BDB1
T=0

[76]
S=$5B41BA250
W=$16DF5A7C8017322639419DBE7E1160EAAA3B3F9201C771C18A05A5FCA8FA2C00006C3D77C988D6A60DF92D4
A=-$23
B=$62
T=$1

[77]
S=$CC45A4
W=$5ABECE17CB37D6AD78A93E4A1EECA167758C12ECEBA92D450E6070998CB3592ACE3F337BB25B679B0F6
A=-$1E
B=$38
T=$5

[78]
S=$94E366
W=-$62DCA90F51E3E9D6EDBAD204460397E4D73E556173EB59EC17A41B6B3054382A49BBA73D38EC1AF2
A=-$1E
B=$38
T=0

[79]
S=$1AE9D8
W=-$3D6367EF787ACCB0D018F0FD8E7C93A1865021010FABD794AE585DE202ED1D9DA3D82189491D6
J=-$3E7456AD2D37C658FBDEE74B75F56083FBA3E71B1D37EF56106999F902CC134630D9A1CE36E7CC1DADC94CA365C8B2271F1DCC7A346D132A02405F0FB0D8DA5598924B9FDDC5F2822B33564AE
T=$2

[80]
S=$262E18
B=$2

[81]
S=$4CD10738
W=-$43CE5BB29E10A5B8ACC5A7A85FD56E04769D6B13DF944D9F5128A6D2B44399CD785584FC
J=-$1BB605C4869DFD80ACDCF6DD399A426AB69E09F9ADC0123619B127625684E0BCC3852F4725429CB1CE4E3A55835FE3A43BF31CE3F4EBE5034BC4446BADAA94C2C3A2B2E9F668092
T=$1

[82]
S=$D4C260D
W=$7C8FB6F0078312859E4EE97DB3FB8751319A3648A35075B2AF61F0A108E71580A1C3
J=-$1610F7B08520F3591D49788CDC349BC3E88BE5960B595F7F89ECA14B7FD39AB8DAFA3E009DCEC494F7F6129B402584A0A17E119C69F3ED190EE3879F2D35D94444BEE2E
T=0

[83]
S=$B3524
W=$1684BDCA4F7F959DE7B82225288564FFF201E62C742416329B04DD3801E97438E
A=$2
B=0
T=$4

[84]
S=$7CF0F0
W=-$F31B88742AC3A7C923BDC0698C66E052117C02AD91A6E6A6B537C58A71CAA
J=$CEE1E7C6FB3E669B53B0BF269F9EC0219DFD42A4C030B692AC6DAA3F9D27C9206F8656160CCE88318154A0D8E767183FEBBB0B4D11739BB51564AEFAB25
T=0

[85]
S=$292CB94
W=$6EB503908B223F470AA7D200CB854FE716D35593FBB4773E93764D179DE
J=-$271013243636CC2A451A6920C5C83D1BB2EFBF398550050306B53EFFED33063B337D9FA9D752AB2F6A0E119C356265D3B8895E0B0C0FEDFD9C79C
T=$1

[86]
S=$31BF0
W=-$84A74BC1894716DDBB701908252D8B4DEEA3772E84277ED8AE9849D6
J=-$6A8D689EBECF95278AB47BDA884D509AE1133CDAD94AB29B6B011767A02620EDC1BE402E86952340E2EF8DDA238CDD07A4B10777F0A6279
T=0

[87]
S=$248C8AAA
W=$4D193D746ABCDCFE179BA21BE39BE0D72873BE3FA9D45E0BFF457E
J=-$395E9A09ADC60DC0CBBC6B757D85398EC6593BFBE557C66A71AAFCBF23470F324F328FE0DBC66FCDEA537154845118E53FF5AF1A91
T=$1

[88]
S=$29A6897
W=-$C6EE131F25980A80DDFB0BED89172E32B45DD57BFC95EFAFF9
J=-$91C7B9D4B27E3F6BD9F388A5E36711E4C0CDA7FDFE000C76F42A9944D94D05EB62910A1457B2255A1DF862BBC985D3E9C0E
T=$1

[89]
S=$1FA5C2
Q=$3

[90]
S=$6964E8
W=$119A9F4240BE27B5650419DD43A5C2C43D1C79378C454
J=-$3830ECCF0DEE3876DA60B0E0376F4ED4E8DA5B6498438B40086395B9700DAE39F33E9861720224AB6B34FC74
T=0

[91]
S=$88D038
W=-$265816D895A924DE1D66B36FBFD332D631FA83B72
J=-$4E19BBD207031B192431C51E639715ABBE8B8A4FD509B3689CF777F07178FA7E6164DEB8426BBC4789
T=0

[92]
S=$67BF10
W=-$24254C44CA91F855BA70C1A06E73C4D527663BE
A=$1
B=0
T=$3

[93]
S=$3DE6F6D50
W=-$8397D12EE732EA04BE94DF1EC351D3F84B6
J=-$43DCE73AF0DCD936144C4609A5314FDB17A604E9A3E3B84A9CD6A28A1C188215BA138D
T=$2

[94]
S=$5E11D
W=-$263DD1705112A28162984E04A7F35137
A=0
B=$2
T=$1

[95]
S=$85F81
W=$BE39FAD34EEB5826066E9C7B281BF
A=0
B=$7
T=$1

[96]
S=$27AF4
W=$5B72E96CCFA78587274B1B35EB0
J=-$18BBA5163B502B328B96C7C1CCBE1584670E6A1AC3A4A98B956B6
T=$5

[97]
S=$2F67A920
W=$34CDFC3B534026B629D6E6A18
A=-$23
B=$62
T=$3

[98]
S=$11CC2
W=$1007A5E38437AFC8239A8
J=$7C6F4784B15B2E2782AA5843D1D54BEA8E5C548FA
T=0

[99]
S=$6
B=$2

[100]
S=$DE80198C
W=-$350362C5D37B5B87642
J=-$CF481E7F4209FD97693512DEDD93A17C40D0
T=0

[101]
S=$705FC
Q=$5

[102]
S=$9E413D1
W=-$11282091517E7
A=0
B=$10
T=$3

[103]
S=$22D60
Q=$3

[Signature]
1=$1946401EB5F6AB627BFE6FB544DBF974390D540D9D53EFD4
2=$2FBFF9AB1D902D5A8EB4A30155FDE66A062D3882E417061E

