[PRIMO - Primality Certificate]
Version=4.3.3 - LX64
WebSite=https://www.ellipsa.eu/
Format=4
ID=B4A2F03459C6C
Created=Sep-28-2026 03:14:53 PM
TestCount=18
Status=Candidate certified prime

[Comments]
Candidate generated for 17^106 - 2

[Running Times (Wall-Clock)]
1stPhase=0.46s
2ndPhase=0.30s
Total=0.76s

[Running Times (Processes)]
1stPhase=0.67s
2ndPhase=0.38s
Total=1.05s

[Candidate]
File=/home/justin-bartlow/prime_search/17^106-2.in
N=$269D3F02782C2E05B5B8E63B60B4E81662BC82BC886517C65CE95C5FC2B572691D648ECD281A486868F0830E38F3F10DA065252F9439F
HexadecimalSize=109
DecimalSize=131
BinarySize=434

[1]
S=$59E
W=$15BB9C5F15F596E7D63107D8C25243E54D3D484275C640F042DDDBA
J=-$324FED85A1098B72022BA55354D9555B087CB0AECF05D975535383FE6F451D3C0
T=$2

[2]
S=$12C
B=$2

[3]
S=$18A6AAE4758
W=-$12EB8BDD294D3D8F2C698E65AB67B7BEB9EE6F4AA6E50E1A75DB2
J=$21ED46CE1D2161C83AB3C8803401F7FD7E534CADF156DE70B823995E352446465B5D422D40AC5FF0D6E2D95C52BFFD2D96E74703
T=$1

[4]
S=$11FACCA
W=$D03506837899A9F54FEED1B453B5A9C370EC6907D3766EE
J=$1BE6AAEC9F4C1E18CF16CD47865F001ADE44DF811620F7BE97FFCF0951F35BC4AEF33855F6313EF053609DE64B92C6
T=$1

[5]
S=$259E7F905C
W=-$6950884906B9322C49F96C0D393F6B3FB9829C52A288
J=$1E4454CB0A13636786B388F5B8FCB6A4F4D739A8D5A2C75F96669A186B5542B47A74762DD9D54F5D7107328
T=$2

[6]
S=$8A4AA922C
W=$2669FCB9920EFE09F616AF792346AC40D7B28CE0
J=$4A610ECFAA8DDD9C1EBE3792C231D5FCEF566910A5C949F51AD8E9FA9531F9F9BA1758DD315649
T=$5

[7]
S=$54C
B=$2

[8]
S=$13359
W=$53DE7EFD95D85F1D13945631C75777F583
A=-$108
B=$69E
T=0

[9]
S=$80A472
W=-$4FF9DFD4F2751BFFD2BB2BF22C7A0A16
J=-$29DC68FDCD62130E74F49105322C2F28AE6BD3BB15EBD66D2F4D4B64B310818
T=0

[10]
S=$2D1E8D
W=$654C9B7CE58EB821FAF65F32075D5
A=0
B=$10
T=$1

[11]
S=$151B0
B=$2

[12]
S=$2C96A
W=$F601AF5A66604058E0DAC84
J=-$14B504ED883C874E4E6E934B44D95B7AC628C25F26DA7CA5
T=$1

[13]
S=$24E0
B=$2

[14]
S=$181255
W=-$11412D4DF4171395DCCB7
A=-$D70
B=$12F5A
T=0

[15]
S=$C28
Q=$3

[16]
S=$20D6A
W=$3D4A7E989D7B2702
J=$52E69D264A832DCDF65EB612DEEC0DF
T=$5

[17]
S=$5D6DC46FD
W=-$F65158C8733ED9
A=0
B=$1A
T=$1

[18]
S=$15336
B=$2

[Signature]
1=$72A39070406BCDED12AE07C6F264B30226D64923707B7F0E
2=$91B0A29FA40ADB92EAE108E651A88C5D68A684541166245C

