[PRIMO - Primality Certificate]
Version=4.3.3 - LX64
WebSite=https://www.ellipsa.eu/
Format=4
ID=B4A0B0315963F
Created=Aug-23-2026 02:22:28 PM
TestCount=82
Status=Candidate certified prime

[Comments]
Candidate generated for 7^859 - 2

[Running Times (Wall-Clock)]
1stPhase=8.99s
2ndPhase=1.57s
Total=10.56s

[Running Times (Processes)]
1stPhase=24.12s
2ndPhase=6.08s
Total=30.20s

[Candidate]
File=/home/justin-bartlow/prime_search/859.in
N=$B746C91342679EE761EF2604EEA80939E5D457CD115E416DAED42212791DC062812C028B78DC450BB1DD547FD1873937C3D7F81999BCE33CE6E21AF3F84A681490E25DD2853F83C9D64E8858FFDF9FD0D03B96ADD288033BE7E0231B726FCCC2DE3D84E429FFD7908EC6ACC9684CF0021896214E6E286D914E3674A897B9AB69BEB973FC29E0DE55F682231189721100C531DBF2BBBFA0052713485462799B801267FEB9FCB6EAE60184256A890C26BE45F6D0FE17D9D235225831B156333803EC5726621D258E8FD8422389FB18F87899EE61773832B9674CC1BEAE6D5B885E12DFDE752BC13F656698510721FC723E4FD0D85EE6A02F5763AB31204E52608EA003CD125963DAD2BAC3C562A4594590ACEFA1C7933F2BA2FA27F95643AC4FAE1AEC36205D880180AD1AE877515
HexadecimalSize=603
DecimalSize=726
BinarySize=2412

[1]
S=$A1B8C8
W=-$1417A7DA4030613DD0EEDE3B97D50E0A9E9537D5942C5BBB6E818397A0E6EDDBC3269CE98D3360BEFC2D9295838930DD31CBB5FF3516E31C6023B460CA3180967654F29EE6489C4FFA106235BF86A2B6B55BC38DADF302E5151963DBA7D7030F5D57BADF064E60B9BDB6E7B89D16B6536512654C33680E0F26F9053A6BA3543ECA54AB3D5FCE2AF891F767580A096FD3A78501BC33AC92
A=-$1
B=0
T=$2

[2]
S=$24BDE3AAE3E
W=-$70EF0247216BAD7A80BBD58E82ED8EB4A77BF85F48533B6FCCFD52EB39604DAA2518AD3E92D55885490CFE07CBD87226CCA46025BD05D63FFC1A6E990D2587472D4BD10E025FF78C7875823BA494CABC5B74162523849DE6992BA02D95A0E54BC19E3F095DD64D15E92DAF98E2732171268EAE6A9DE4B032409632601A7F38C22EAFCDB9D79FECA7D793A6A56079A3A21333F0038BC
J=-$1482662362499D3EC3559E108476127C7BBB316D918F7CA9BA42DF8597968AF290FEEA366C34E93D3E0D9622C8061657ACD0E6F99142014C6E499E0655D0497F7BD2A98D02993A01781D31788E832E4EBBDEEF5F2880DF0F5D7A2FB35CDDB794EE8D56BC27F46951F64D031FB7A6806807862F61E6E3951E99B2B19A80F5D478D343AE4E2C830DAFB1A7BA8D5B5E3F9CF6882F622C25707B33780673C41E55D5C49C93EA3A0169C341DA1B169948D12CA7BEFD1166BD4729E5B5907D1984B7A0B76A180572B085F296EBC26D61971E30EFC85A637C2F1A128D043500013231DB4659958EEEEC9F15E1CFC4D8ACCF114029B3F75C84CE1A494050E56DF31B1C931FAC6973EA9EBCE96D33A339C1396CBABA8FB7C7D49261A947CD7D63AD03049413AE3161C3CE9C56DF55D
T=0

[3]
S=$10320833C
W=-$457AD48DCD704D5B66266907076026660A83058FE64F27BCC211226E585587C919D6474B2F0B452DA5B1CD848400EE3F4A1C50C2BAFFE0EB83EE9B55E34AE36332389656D0F037744F6A0E83F3A47302361E76319A3A570E34691CAF4955EB92ED30BCC40B3658F45D838A790F5A84D0D49EC3D47F32B70E42816ADF7DB24FDB9C2D61A44AFF87063F6211DFC931BF33782018
J=-$26A997550CF1ABA4A63270D6745FA65F9384AF88298C1FD067A484C28388B070C0F0BAF0B5BD72481219FB0C7E86C2914C9F640BFE8B10D9F6B929B66EE4D38979A0EB069CCC7C79289EDC19BDC9903B6B099D023417C86866BEC56955F9FE55890010B77957FABCB44F7B02BC536A6C6ADC4578B103790352898F8F91D34B5621462BE03D04F17218D70FD547284E718C20A60E81B0935462305F89D9C4A51C192B56C28326F093258AB9E44EAE76B69AEA0FA0B6F63C0A7DFD00812BD0AFB3782AE017DA8CF59CCB722077A786162CD43A766FABD49EB77CD191D4BC34E34843FDB3C5EC0F01F1F451D49B4AA3B0EE6537C2692082FB356E49A6C8960F210647928472A8A9A338D7BA5D9883EEC2E599FBB9401558E124036AB8AE54A3C09CB2D89E47A4B
T=$1

[4]
S=$78411ABC80
W=-$59601C13DD8B1AFEC22608094E84AA923479944EC2028EEF51A1433A072A54DC8D798008554A9695B8AA7932C6601AB9FCF26D73F750C145462E5821822AA80E1E53300CC8C75B3709E70ED9A3BFF99F9AC47650028BC7F8A91EFB53170EB4E4D7DB254B5FBEEC2315CA5D66F28B2361C90855AD42C6B92DE8AE0A829C2F28449BC2FEF9FFA7668BEEC632C5D46CF94BC6
J=$3836ADE97A833C957BD8FC1C955C3BAA613DEA15DAC67992E8765DE926464AF5A824BC3223355D3FD54168C702AA9EF38EA6B977E6F4A8B6EDD3714D5C5D0B754AFEBE781267CB543C4C2A3184F9E7EBEC556B3D51025AC4D7F5B698819AAC8DA773D60B7DBA79C54399F2AC8E3F987D6310924FAECBF9DFACE678022C8C44C35ED5F67607E0FA38ABB9F025572F3C964AC7CFC7CBA3E13451CBA1CB5A95774A9C655AC4747E84786F85D3D4BAD97A924A064C5428F131DF166B0D50DCABE7200F367C9094BE45F5EB3E9FA17EB511AFCCAFE6D670297EEE8D3849CB053880690012CC16C18AE0E2208A17949371C8D0807DFF7C63A956D1A825446113F26A0E655EBEB2263D4EDAC5642B6AEB4E47028FCBE9E8656810FCB4FC15CC21B5952D232
T=$2

[5]
S=$B23DC
W=-$37933EA2604A202BF896520BADE0B9BBE5FD21A1E493405F6F0ABD46CAE23CB1DF1EF37E381C97CF7B1A95894582A16B0C90F187A667C5E14BCF80F0DBE70C98D616BE64684EA9346E7D846FF0D1000D8C1506CB0C0C0A074DF53DB6C91A621E0CB4E40C4692AB8993FE33F41CEC7CCD597989A6649B41AA388B63397B38945A39E6BC7FB69911754AB0F3C24755E
J=$23E3165C230A8D85CEA2E6F986FAE8733808DF55C3447D1EF901B641086675424A79B3817231E8E3A6563E123B5BE80E4DB91B844633240544F2C89394D2CB2F26FA31098EA0A0F70C17B26906B60C2CC27A970120B07D487F74EB12678EA7A9EE4C23ADECC976F79D823EDBF77325B6DDF2ECA29EF345EC08DCF7A5B59F0D8878F9A91743ECFC00677019971CC67D897C81681F673EE301E351ABA7CCC7D6B930231F3E77E92FD844006C60E6B98276A5E0A3BA297BD8B9DB8D698EF3B0648C0D14717DE7DA016BC6614539333AB0539465D3C0DEB4115BC2FCA890A6F659B2803E2D9301B65068D80E2450E27FFB8DE13E6E1744168398FFDA3F0067042275428A7B64A3335F2A0B1CFC4CE706E4398ACF5A864819245E90A9E796E
T=0

[6]
S=$4A8FA8CD
W=$1C9CC3AEF94A3C40EFC3A0D57AB605302C3ED63742B253C231514FDD312FA0CFD8EF23CB9796ED8FF5DD96CF0DBF4DACDDABD84C455D538902D2DECC764E9D99DDBB45FCFA16C1C0F74985DA5F772472A7AF4CF4EE8BD9F7983B3763D78DA9076E0CE693F97859215792C9203F1EF7D966B0CC4EF49123D2F2BEB6F3B46CB43EA69D746905E8B52584905EB1433
A=-$98
B=$2D2
T=$2

[7]
S=$FDFE738
W=$42D9FAD9A5D65A843E66B8F53A489CD6ADEAACF8462B8E9FFFFC22884104C9F642DE575B2E602E06DFC977764E0BEB2F93C3566628DE1B4940A99C2C819C1F5C3643A710369D27D534D3A00214469FA7855EDD602C6084400037AFB0AB49D93D4713EEFFE165788F0A02F50677E7697D46E80E4486FFC23F52BF4B9B5289E19B9BF0BF3DBD7385DF2B6C292
J=-$A5172A915AE0F482D2742A9C2EBD2A7317AC7107C935C12BB8C1387F9D056F767BA5A4C3732CDA962628BF260C14DDDE564A80F214A25173A10A74FC7F35C99A2ACE9D306230E110A65DCE39A5C97768451F2124DA8B8B7FF1F5FBBFE0BB4BBDC6D50ECCBD93560FBB09EF402868B1E1443B05D024B05C494186B4C17461436898FDCDE0D2D55140F561177565008B29A4A0452D2022BBC987CA6A12679A10DCD981A452FE3AF019EE44AC47441B19F633B2DEA5420EEE71C6653F2D44B6BC6E798AE2E80AA669740C03481EF4CE758694AA27A287A69C0FC4BB39BBED589E222705D8EA394BDE71C9868D460531207BBAF16356DA66F244EF3F30F4EF37F512E17F97B5F52501FD6B5A058875BB40E6DB99031B5489
T=0

[8]
S=$106F13
W=-$122983A90A8E14AB476EDC1D9151313BB9CF187ED027E093D08FE505B358107DDB6E87E2918D861E15BA2DCE022FA2AFC215A7CB7C414FF9D741C9E3B3BFDD5AC0250CF5AB94C8AF6B2133D06CED9149D6BDF2958E4441C5BE88440DA518E18F3D68FC450D626809E97B8BE54A6C903503AED36634C481D304F8EDE393CA90C78141B08EC136AA9402B5
J=-$10F1D0436C4E9A30DF7B902C8C295DC55097C3C90A6E496DFA899EA7CFFEFB4980483AC158A9A20D26A48B218B70675F188F259014B0BCAD34D4E9979CB18A1FFCDF84BE60B3AA2FC80581EB6768A366109BD9EE64A7DFD07832987A880503659F2B425E27B203956CA70E9FD23A2AB18214977E2D46F063FF4F02A6E20E79EF8956DA4F19D4F0B063E6EC5D42C2FE6F8DAEDD049E7E48E2796E801BECEE560F86FDD6FE2AB62306CE2CE00B6671A0636D1F40B51CC9B8E33822BC0C7992CF1C64EF1FC8743BD35FB6BF6EE92DE946AF28B84292FDA1DC36740D6D8B775231FC3CDE73F019B1C5138C3AD7D7EB132EE836A33262069D69D0B311812BF252304F25B841EA1F759710E7917DA7A4ACC38342DDFC
T=0

[9]
S=$319DD3
W=$259FC36EA3094F0FB1A0CFDD2E67C4ED996A4CE369D6C82D9A8DB5216114B5F4B3D91DF1B68CCF8FD5CC1D047337A5D344AE812E22521D3DF6B5A491E605D21F199C775A370BA67B12D5A452928E6BB37B018520DE6C0C4B3B48CEE8099B8999A103CFA1C23E849D2BA57B272FFFDC375613B656C277F4E1E4C07ACC8CA7611EDBE880CC8F1EE2E19
J=$2242ECEA5F2396AB8280E960475EB3815E28ED00822D8874FDF900463385C045719FD5DFD42435ED1C26F8FB4927B798AF301C502F560142AC3C0AF32244F6A16E006F5B070658C619AFDF4CE2C3758E449BC11D23BF9D0A9A3C890690D0087B5968F1448C42E2D541686120174FCCDD68C1DCACF573F975173FA33B10F52C988DBB35F8EDE2E775DFBA5DCC9B016F8D5570FB9BD326BA006923614A113962ADC551DE69CF6824151CBDA961B71D6F372CA4EA2ECDFE6DA6563E9CA7FF633BFC6AFADEF90EC61CC6E8F73589B3B9191F94B6EE75A4C9106B840A041DDE881E91ABE7201B0427AE527E5B50C75F3BEA007BF0B2282D6520DAD4D5F7AD8D590503C03475ED31CA3180910CBAAF83FE4BA21
T=0

[10]
S=$D9AFD5
W=-$8AEE60AF2D561B0C503D55E4ADB478E1DA3996E8FFAA35FBC019DBAF26C59186D79BFE674AE8F846601C2CC845244DB2E76D2C5C794059FADB61579BCFE34DE4FB25916FFC11B4FD7B942E492D90BE01B260E00252430112239DD34F1F07857289E8F08799667365EA47FE6032461DC2108423788792B27AAADD5923CD7B200771F874D3E2ED67
J=$13AF6D5CD3EF2A83218241FD03F37B46A6216BD373E1E44954C59C407A92E7C3283B1B85AAA505FB8EFA8B76AD0A8900AEA51F05FEF4F93690985A35B75E4EE2B4421BF859C69650F75229E3CE2A02745B3020603E46563D70CC75299D0F219475A642697CE6EF0E3719A4FB2E3DD2F30D21EFCD2A7B5994E3808A9A282F192F001175F6EEB47E5F137B4D5F3FACBF761C2D1D3A4319C4A246550494D98889CABB0CFAB840278C6227331A984DB2124F6EA617D3689E99CD47090534C188FB9EDBFE60BE9C03FEC2EDF1760FAD9BDF61C8BA95C835B6A414839DAAD62787D71EBA45112F0B104F1C7286F78EE2B0672F9AD4DBC942D35DF2739CA9D106A8220AF5095C68E8A73A6218250ECD0F9
T=0

[11]
S=$113D8A04
W=$7E72154380B80CE223E47C92B15A5106E5F8A756A03D5579F68C1AB018E7D78D9D61E0D09B3616E084CB35B372E0F47B28CEA432190825DAF8122DC7434E51EC6E341289EE4D6FCC2DE90E8B9843FAC33B9E02C04EFBA623CC9C25179C67194BE2E82A1FECC03329E9FBB73087FE59F7C8129542F420B104C72B1B43C0E7AF008234352E98A
J=-$4F3E6DE8551BA54FB4362C2F1E25FE039103959713885ED7578643F46F378CF1F20A9381A6B983C2BA7973A9F53FBD6F93C54A1F6377AF86D4E98FBA60A2C8405424D21A740E878388D21DC5C026622EB6059265A37A6B5A22B6CB7DB32AD464E964ED388695CBDAA6B01CB36370D3587459B19E415BFEC486E37A67539F2122A2986B55D15AEE2D09C55CAC2003D19EC0762FC5AD8C5BF7FD9808E4D90573372FA645A8C3AE3485A705D7DA14812A1DDB1D89DEE5CF83A95065C86A523EEA53A36DC529ECD74C067862B0CEC93231709CD0A48C8A1465B88D14EBDDF99BE54D28F68B652C7316520B4540C35CCEAF722FFFF1BD891BD718E4AF77CB7B04C829DCEBDECC8A91E73D73C7E
T=0

[12]
S=$548E982781
W=-$189245A06299897CA7BFA25907F7129C8AC49F9E90D76BA15D4C21A8290CF5CFEB4058EC22BDCB8CB1FEDB4A577655A4B745E9826A0B29B84B964A613FE0097D44C3EB04CABC2313E2C0700F389D298395DF201EB03B805EE15E339EDF1ED612E6878509D08C3180204F5876F815688ED515F612505833E302D714B53BB4430F850E4AD7
J=$38123DD4D8A08EE26508A081ECB68DFF4E5A79CE0D2B2E6DAB30101E701FEDA609C3B862D0D37CAECDF9C8CDF6C75B523279B8ED42928ABE391751F1D49497752B86B802CA6C1629FE531A7A461C04439EE591985FE6F4B0160FD2E2D725F65AF30453E17AB204F2946F9927463E90906EB752E66592816E934A3CB10C7C004AF30D256B8E24CAF05F8C40DB6D9058F063793884316F8D5CA9F40CA20B636E2DCD53843220C31D9DD6F1A77081E147866564ACC8034AD6E1CE13A6C5A8D1F8A9366C98E1C3AFC9D24AC3DA93930E27BF4307EB2492A43877F4AA622F97135D6C7171CCA57413CA9A5BEC3BFB9FC75B700AF65AE0C285F0627A5D7F6B2E22BE634A503269BD1EC5
T=0

[13]
S=$E3A5ED0419
W=-$322B34E7BA7B063D18BF3ADDE8510DB2321E06EDCA1F1B37DA1E405758A24EDF301F09CD8DE23AB420D9084D43B3126B80D4EF89B50ECDE36A402A97876CEAA2F09E5BCF81231E78604D955FBAB53C77A4D30BD82AC9E051954B4947F2615E82C351751C940EFA4EA49497F17EFC377C8CD94D3772422B7F946310B6568F1267209
J=$D973AD74C5C16A47C01B1990EE01230E0EA5A71451345323BEDF2B7C69056EC9CA75B72E68D3F4882EECD8F7A89BEBE940298811808509B8E2CF61E36957CAC18F03AB7D8CB322243703BCE0BE12BF348A0188D92ECB5AEE96B33C094E4D7EF25295036E32FBCE4CE07060253F078FAE2A9A99577B987332EC73BEC72BC229FBE6FD7A81523837CBD23A3901B498ABBCBF93CC6718013CA4715D2A5E76B353DB258F328DA48E3A8427FEB014A2D4BF061D94A38206C26BBDFE59B3E904BBD9A0C095CF92CEE9BFB218F4A8B92E0F2BA4F96BCAA1F26E198C291777DFF6B638E4D3E7AC1A9395AC8D2B8984354D2B1BC1277F388EFA8CA17FA9AE568C3A2043D1BA0F
T=$1

[14]
S=$D65285D94B7410
W=$152233BC68BF5BE4F2F9427EDDE6CCA754EA39C81440D90FAD88E4DA84B1CF55F6DE2C0EE2E72E7BA740CA27F43C448066D755259952CF67A675D61151970F08AF5E951A19DC16ACCA96E10BE02DD9A2B89BF6FC46D7AD578C888E8AD9C6B2BF1668CD5BF66787D780DA2511279EF73615D28877314DADEE7212BACFFA3F7A
J=$1BC4FA6EEA1CB548CB9DA7AD7E079E1B1F6FED4B08C8A32A2AC60FEDBD9BA212C024D54367003985F01E57D48200292027110A2DFDD71EA473E281809CBDDD11A1C267C913CB9F7B18B79E0634E6EAA35DDD756B1D8B10D62066E4FFB63EC7A775017148079B0E0DA0E8CD2ECCBB9C41616A035B5D27EDACB8F029D59CF0C2481E5407298BD86B6BAA3B4FFC065E870B7D26FAE77A92EE959EAD17BF6F6C080DD91D4C9B22B4F5E61AB6116CF244D66E4EC7E8C7BEBE69EFE7C9775A1F82C47E9EA046F394DB06493350052A8FB8FBB2CD8C10250ADE9E1E393194CB98BBD5E22C91D044DAA20CD8E0E3BE4C84B17E743E8B1015F4D87D8ED67D275F1A2
T=$1

[15]
S=$B7B934
W=$27F7211C5F395BCAFE5549D67A1386A9C1EA0A870B3D830413B247D359C7E6D43C3D9F926705B21C155F8DC347F06D63CA0EB3806587D619C3493672BAAF46868C14FAC06B589528537F99216F4FAC1F8B4244D22F84C153E57E19EB4EE022E1609CFCA65848AE4FEA1B4023EB3184160F055EB08D6724AF9AE8B6E
J=-$18467DCDF9F51FBAFAEB66D1B9940090661A5E3DC686BB0D0F273357FD731A599678808F3286FE1353079C818E7F5D4268632FC3B5D5F45DF18E219B07522E6EACF5AB9E01A9DF490C7B7251ABF29DAC15F0AF03CE06ECA8089C982630C3040CAED987CF89E8950CE878D834623ACBF0AFBC979A86447384824CE7F3F439DADD8C118A50AB53CF91668E793D01581489B43711B7291CE0EF68FE0CF293D1B8B295E1CA94F456CB2FCD526BC9C6939555C17B99649AE797C76028AD4CC7AE8C066E39D9067E800D4CEDE6E8D86FF49720856D9B31727E80B9A8550AF104F48E3C83D556F36FD2311C7F3F3C0BC3AEB1B491DCC8DAFCE89
T=$E

[16]
S=$606405B0
W=$3F94292258839E5D414B7C004575CDBB5FFD38F0B081F0E5E076636F364DCBD43B9FDA919C3D040DAB9938920DCE201CE4FF2EA86C7C2E004FED93A195C04F8DA6A8D3FB9D0659B1498DD4CED8FC7711118514840D35C330C556D179531B672C8C400415F967DC1DE269CF6693ABF772B083AE9E64374DA967CE
J=$4293BC32C392BB78DFD8D65A24FBB082857B2A74104131A74EC9D8B958356340CA27411CE7D1653E7EC16262818F853B7C4F71CDD2E9ED3E76FF7E5F84A60015D4B3784A4A2AADCD3526BD670E0D1DDF180EC34D1C32CF78C32021C86E70820FACE4D65861D5058DDC525354B8BEBA3D4A695D2464369DA6C018ECDF2F86A2FE5BEF0CB3AAC22095CF3B097850EF386FE6FBCF892DCD436F5E3A56F6B1331D48E96C92AB52A79927490A5D091BCAF2AD9CBFC1789DB5E2B75100FFC8DCD8FAD236C3910055602D3FF0E9E789580F3AC01D7F439B7CEFA7A0B0838EB0FFE33E9BC56171ED052EDE4FE0F44D611EF1A09636E1A11
T=0

[17]
S=$BF22
W=$578E93237EE106023A13675504FCB68379CFD6FCDFDA77267B7000E8EEEFF1DB4B722CC11921110E8CA0F09FACAB92EFB3EBE24AE2C5B47E441736D1446536FA5C09D8B76B0E419CA6F0A36997DE6FD1FCBE55133780A45C0CE78839428025EE688A82FFD7A162AEC07037BF1D5886DCFD536BE03FA92B56
J=-$B693D6AAFFC6D5C480E877DB5CA54267D209D585993C914ED96A30E2D801F36DA0B0F052B5B6E6A460A2B49FCB5C08B46B5058E0DAB72877C92E870A8BCC0B064CA5C18139F0EDF21EFF1B50A58D0E3FF30714E4A03AC4057BE5F65AB2A16262356D7B80333C054F9AC836B682EC619AB7D488A7CD32A3671263EB27F1EC239EF3AD47BFDE6110E83D3E3523C01C4884BC5C6F05FA1197A8C1B5AD17B7C986F488D8C69BF91C61CB93B1F5231D6355D41A92FCEEC4597FC07590994464E5B4FEED70FBDB9C542FDA19C5097AAE3FF72436BD6EC6307FD1DCA48BDF40E9044BDF2F3D669476EA3DB4BA407D0B5227CD
T=$1

[18]
S=$9FD7B8F96980
Q=$3

[19]
S=$165420C
W=-$5C8227FF16537893FAAC4FA4E256C8FBE56B2C85A3AEF30F16E2D250A3C289506F78ADAAE3A854CF7891FF0940A9B807B95E18C19AF60B2BADCA4AB11D5B93F2EB94B4A1FC6AA97B4D920C7C13956165B252E6E3A7BE70A73C48A13A24987B7F3E1949C9F20F03B1FD061F52CC21A35E763A455C
J=$1976B33A75B4D6D225F8CD13F09F328D3DA127C3D8FD34D0FB9B8160AE00ED94186F323074FD4F8F151122B63161435C9CFBB3AF63625B74C9CFF681121252823FEE4A6CC43B26B7C747E665A956C9E867AABB765E9374E8C29B3C87FB6A486AAD0BA6569AED9D2D3B3702E081F884C03051ED4CB8F9D2456BCA67F1FB8D56DD6CF98666A587606FBC99DCB909570876F5B6F188304604813B28FF7DB424956625DDF83118F527D9447C594E2859E18FFA92857604AF367EB11D96F94E63ECC2D5D54D7E5186EB4ABA93B3A9EACA888C9D3291A2F07FBB96AB05CADF5FB63A50A8C41C75B1E0CB0
T=$1

[20]
S=$28788EB0C
W=-$5C945F777A8D87AE1CEB775096F46FBBF68489F44BFE4A837779C524B1040EB4FB1889124FB233697B20D189E358E7D04040CA75BA7799419B9392974827C5D672F68B47F1D8CB7848E73AF6BC424C0ABFF9E2EAD1F01A94913EF665CF606A89599B0DF6D5699071ADA8A91ACC792F8BE0606
J=$D39E3B3BD06B78B39E5004F7D1D78F2A6B48DE2A332E52C19AA673544139FD8A6DA5DD3BA09B96F34FCABFAF48EAE1C2DCF3301A359387302FD740F5D80E68B5F7807EB41DE7E15D126F9CF34BBD0C0787F7A0D0A03B077BD2086B2BEDA0EB53D2282CD2A5EB18D63615AFADA8AFF1D97B9EB8F6DF0EC7A34B11207D50841E6BC3DF4B13B58F2A1DBB216D192EDCD55E5546E7BD5F406FF39827CC24A07C44882213F0E59B769AE328CB3D17B0C0E70CAD1EFBD6E3704A06D3826591EA007A60E22D597F96D82BD26635F2EE292F800159D3D4AAEA136640414DC4DC0484E3AEF0608ED4
T=0

[21]
S=$335F50B56299B
W=-$6556890ED9B6B55AB112E2653C598069309D9C0B9788607DD8CF05B349D2BBD981A9522C7BA738F013FAC42A66BE775AAB2E261AEEEE5E7080E44539D5B3462F653B549BEFA51EEC4AA25D800403C190CE584E749A57F83E469F11423CE2C9E92831037D521A00CFCF2DFC6325741EA9F
J=$5B4113A14D4EB0D6453FCF6A488768F404EB704994A3408FC2D01D32651FDD4BB9B038195C5B451467A416F2827DA923302D834DCFC1871AEF21B0583CA70FC9D51E83027C2E27239773AFC02A8CD20E74A74D0694B7FB8DAC9E9D0BA8F8BDD2E852A330BAAC658B93CD6CCC5BE8BC5C2DB72B814F16FF8A9496098AB4C8A15DE6BAF1BB101977B7AE8D65AB36F588F60D0AB416DBE1C041AB89DC098145256090A620850108B9D4B3482A6D2D0BAE67E725085E39BCE60F75A44F61CD22C9E025AE205605702420994C06517AF5D2F1B3750B5B9C9193FC9BB8F9E00FC54AA15
T=0

[22]
S=$4C165BA8
W=$37764779F32A4A4051EDE9B78066138C9E56BCD62E1152473D420432F9BEFDC215A80FCEB3720AD33FBB5A24DF7C72ED232478E92D221864C1EE4EF737E2E403FF0376DC7EF53539C601D0146F9E03694C77AFE7CFE1DBC9D07750F864FD7A26ECA1CC9DB5D08AA37638B2577DE
J=$4C1FA678A57987269EC263CE7DBB55052F743D151FF5BD40ACCA4E90C667F3380B072E0DD9A9EDCBA86BF5CDD321D38098F9085DD608B8D69CE93762A6D9D7C1A02311A8D8E218A49DAFBA86DF7D09D13567E54ED1B6EED8102A5419C3628CD587B144728023F4A5AFC6EC3055082697295EBCB5838972C95D382DE32D66D4057AB82A609BDD9144C7FA296808F54E0AC466DE1ADF98AE61DAAD800A45DFEBF1A11467870C8A288638E76EDE8672CC7F12283C2E656BBAB0E1E7982B346C1D5BB462799DB618007DDC645496981B883AA56CC914FC8FB4357B07
T=0

[23]
S=$302F3
W=$776754157FF9C6DAD3E611D0563A79F7F47A02C12B591C75EAF9877F031DE59BDD97ED35F8A602B5951858AB13F77DD99F94730BDB6DD96CDCB7024C3B1E9A551FFB494F9EE6249F5E18ED06D52E03D3C366711AF1AFBCF81FA5E90DDB3453E228F04939CCDD3FCEE460E75
J=$145B5AB05AD17032248E15A13C2B8B8E933F21A8E64385647B48821DD395CE95A1C4BBEF6AB8641F7426C24EBFEE33A2160135FD16378C5460E61DCB92131904596903E55721889E98664E78390AB20F41B9D0EC6EC4AE8649F9A37EEF74AD2105F401288225EEC06330A98A58A63726F9C9DB52C022EB3809C713F37F914CA41E7C4001668065DEB259F3210F98D8157425D5F124E8C0CD2DAC663F17C3E09FD1D74EB5FD779BB785C31690E5408C70703A3924961AD846A05F1723FEC772A99BE6C0E7D4F18B0D55F7D1CA50ED3428FE1832097E7C1
T=0

[24]
S=$1B85BE0
W=-$39FCE30480C0C60D040B8824C063BC1EA623630E7CDAB7BD3C1554C27F5016623F3F5F1452ACEC9817C6CEBEB3A1F6520D4352D622464C9B6F848B454D1BD79602DAE2F17B824265F72F940246B56583AD681E59A8EA573E2E6704CC0EEC8F04866E36261D5E3F3B6DBCA
J=-$50A0EF316D2299D798E4BBEAF1BE8BFE55D519CB1C6BC381F0FFB6159922C753ACDFEAE0F16D88F9AAE1F70B1C17AC43766646548147B1C5DA5BA35682DE6F39058B003EFD058AE688ECC735EA22895A6B05716CD8D664C481D2371114FFCD1F64F07BB7FB6F56F5A59711CBB0DE8968BF5C94AC449FEE9E04F85A1D43966A25B4194F681F93898F35CF923BE11043BF5CBA650287BA359C0C00A6ECF584BFE3BBA5FB64A7960551776A166968D2BEF35168EBAF64099541DE3DDB65CD19DF81C5F30AF7B6A42B8AC6E323CD10D5E1EBAAAC597E
T=0

[25]
S=$28288B43
W=-$380492745B1AF6713EBEF467CA7AF1673A47039DCB4642CE23BD364CC9246562602D514EE0E7F50E6DDE1146D3683BEDD2C3ED1B6A1B1D89D4762C1989D23B2CB2095CC1238FBCB53C3A1C4BC925CC7E2B4D2A6090DD7348D5C7C1BFF95D27CE1382DC564A1F2C1F5D
J=-$52594CFC8E3EFE87F012FA2316049D1CDE7D29BD0E753E19A2E5DE8FA5A48C357C716F18541913EDF4B73EAF183B8D96EE2DB2C0DC25993EE7411B73848581C81F973B09FDA8EAFF9C956CB8753B457B61FC0AAAFB82614DD89C8B5828AE8E22C830C07139C3ECE90850EAED82742A8C7FBEF246362AE1C0361A38666BC59A15A415890C57E241ACCD632BBAEB8274034C9F1149D67A9042DD594A4D72DE9CB5C60DA340327DF7B0CE41933ACB9DC3F19BF2986C3992D49D174DF45B7ADC0633BCFF942A3E8F907B1DC43BBC10C26FF15D
T=0

[26]
S=$A49AC
W=$4F57D615F602F24F771FBF981C8B48789793C5F2BBF4F3359B8D8D4CA35BD00DA8D2746B2D3D7DEE525CA07543302A84E20144D9BDDB8AB168C22235BE10D6C734A462F3AEB3E239BA7C29B2E77F6FBEDF3F580A96093BBC0C6D88AA6076B1B3A6CA192617B198
J=-$69F175A3DCA22487CABF560DC564E20E75735DE01D89DAC1D47DC6FD5B7A7555C3F903A507CBF4752040EA65B2292C0DDD9AA878754BB8B399D4BADDC544D9B6655DD0364BF24FC05BE4D69E019A8003587D320D9A56D0AD5227DC5265DD86F1F42D020BDA2FBD2C67451888EAE37796C8DCBA0EB156294515A5BA185E461E1AB7F3D8DBF720E8769565253CFEE1336438FB77FE2E8CCD56C2E7E08F999634A62991EC497FD4EDAD4D1E3AC794457261B543F230532EDC27B39E0D607191295C876708982EC3302210CD8E8A057
T=0

[27]
S=$5CF27A
W=-$254854F9B46C144094210DD7B339FA41AE0D51A84F6F27956CCC0592198E67C715D7D217F0FC019E5CB5B3485E8495FA16DC5701A377D47487E97AFABF941E278ED6014DBF48B27D897DEFD022A1F1E58546AD350FB269B3C4A1FABF13259076142FB881920C
J=-$6115BA36180A744B8B5D40CCEFE401AD820A0EEDA0564C55A059536E9B8BB8D1C0C4AE7E40B515028B0F17D8A9FA3291E16B6E8384211CE001855957F4782533E5CCD47F3ABF33DE81767A70D9B20BF100111B5648997CCAD726020EAF2A3759FA71ED103B1DA137A4DE4FA1004BF35177C6F8016BB447375BD65D2EDF0D02B6A43053A30D3F01203332A7AB4865E237321F867602384F8659006499145DE0517490FC062249D360E022BFA6FAF6F171BEE523AFEF952E6EE1677753B4137481E76996C1F46417FCC96A4C
T=0

[28]
S=$24FAFD6328D
W=$3D4AC9022F969A00296EC4F7D9BB7C572C81F045C34B65861F12A83BF1A973FF527D53FCF3286096C556D87E023492DBEA61B7AD44B6964010391FCACF76158301A3DFEDC496740B5B57F94430ABA83E140B502797D05834196F21F4545404835B5F75393
J=$1300E4986E6E0C9256341FAE426C4C9481F9FDB010F86F04B8D0DC192AC0DD2092C5ED45B35E7F4CD20A17D46130BA9153D657D2311FAE7CFC58F7F21CE4C5E81747DDEF3AC34DAC6E11621BD1542D7BD9F673DF22BFFAC52099CC91E3CD8F4261B4DE140954EEDC5637289E931D55C615014F4AC60F80A46190230BFCCC1F33A33BDBE4039E012B3BC35D5B93652E018B3B430DF4F2161BBD0D7E6D092C4C904791578F8544A6B21CF83C07CD28E16C60E610D3E2D293C68A003F28878D7DC35E8F8BD51322A3701
T=0

[29]
S=$2D07EB4
W=-$914E34BB6B09005C98747767B1E4705CA7AD4176BEFCB7BFF3230AC21017940E5141E9D45C9B48CACDC95552302B257D46C23CFC43DA323BDCB269CF217EBB07EBEA28CB914F0102CEF9D51AD5816FB73F5A2CBD0D1071E25BED8845B753D5ECE7A
J=-$F1B87504602FFBCAB35870CF28888FE49F041251D38ADCD45DA7541E589F55BE8D65613C2747799B9BA196D3AC22127B213FBD9E86AC2FACA8411CBA7EE15C40DE4BDBEED9959236000DED751E4F49136BA06DE3CB149E6C41AC3B1EF80FDAD1A6D080CB2B748D23CD3D13FCDF2D8BF1152D5F595F53A1A7D0A1DEB92AB24BCC2644671E7E3001AF56D53CB7FE20F2B3C7B87B51FCC3C0A1FC1EC3C40E2ECAF74C238983B2D0866A7B268061838096A114DA7F4D04317B01F1853F1A881D9296D570C1
T=0

[30]
S=$88A2AFADC
W=$176BC866B0F5DD477220BA388A5657D556430E7ADBAF3DFC2C735EC8033BF07D288564C651F278820205DD6F5BE742DCB7F5FBD2342FF4879CC89793AE458C9964B507619302146C00C28E78081B3B4CC8480A0C3371262741DE36E98C8E312E
J=$23E99C5172821FC3C15D9D14B9917CC2AEB39282692626D7B2C74A2ED194D27A4340F4C4DC65F83F9EFDE714AB0B8D9ACB562E52F1BEFE5F47D2CCB4EBB37B6C7F83D66AB9125D9E4AE6BE5312E75542259734239A0477636E9C851201BFEBAB250493320F84E7C5A5C350B6D712B24FF382AC5D8CF4DFAAFF16DFEC222D515F13C9293334B99512B37A57C045C6A4D1854382370A31BD1F01477921F22804CC25FC224CAFDE063B600139CBDD5200182A6BA8D223583402A97CA6F6E603CA9B
T=$3

[31]
S=$1DD967
W=$6486289FE3E15015A20CDD15AE25B2C3F31A86167E214F06EB1C397AEB48F32D04F87340DC4E9AE9102AFCFD9A6CB032D5FF3AA877E4954DB2467F56E496249DB50E88B7CAB6246290B1237C8C8AF8C7C22A26C89B8A6C50E93E94BE41FD
A=0
B=$6
T=$7

[32]
S=$4291D0C
W=-$1171E468106905C1CDFA393431FCDBC08781CDA59968A92D221D3760D739A5B3DFBB916B1AF5E68FF0A722742BAB74A27F3ABD2BCC89CF984F0E7CA15AEA3362B8225C02B66BDDE2163814CE17EC1FD20512346376D23B1E2ED50E8706
A=-$84B750
B=$24C7B73A2
T=$3

[33]
S=$A4C1F
W=$C7C91DC0FC59FB2C727C1136114C37A384D752BB32161496D1DD9695193EAAF66F8BB51EB0D7225E4E3EBB3B95083F62BBCD0D2C0F8411483217B500915B0BB45BB2CA458B9B89EA38E29D3C12D5512207112BC02FFC77B1C8865B
J=$7C8C379020ED3D28BD2FADA9ADF77C7A3782178BAA668EE61F68D9D22C603AB1F527E9404DAE3B2FEE1456BC8907501490F231B5B94249225BBECCBFFA97CE085F8529E3CE4CCE616C13C66B2C1FF694528CDA67938C01B47EA9CD55ECE511871E3A0988479F473AF3A503395B61C7CFA988C08CB510FB203E6B9985F8C3202673DFCB95CBF9191709ABBCF57E978D8F44A50D82FA06AF3D694D5C9029A85989012A9199F59B8AE48C3DBAC1803DFB171A3304CA4B
T=$1

[34]
S=$37FFFE579
W=-$3D185C9D6BD24951B70E8054D2B12125422166F99FFB69E49F4D5E86804EE592443822FF5E09991750346764395E74F0F26A4275B5A652ECCF0A4A642ABC7D962FF71301EA8AA564D6500040C0A393B7B82F4817561A2FB4A73D
J=-$14A2478947DA76699177258448BD1FCD418C4D056B54A26D41F21AC63B35A044C2117CF741768A87E0B0BEFF99E76DB0D1565CC3F42BE6E9AAC58D6C880C179F3781A74347FFA85CB5F8C9A5343D79CFFA9D8F7D6CBBFACCFD0C230C23AAA50B1AA943986841A5C0E20E3EE16AF5616B433FBFBF037D5E55BAF593BECCAD666AEBA806854F19AAE067360BDDE091218381D61B2E2C160C944885CDECE2A2936A6E61EF453EB057E064BF9BA9B6EBF23069324F
T=0

[35]
S=$3AFE024324
W=-$1857F0111E5225543DABD2DD8DB0A068F4990AFEF1D111523C7C7825F10F5689A7F9DB7ED84E37570AAD2EE4A8FF5A6A92D17CDCF8B002DBF7E78E94BC8837DC8EB3294DAFC60BF477302336C172612F29FCAF441B407988
J=-$1E2D42FACAD1D93211BB8CD330BCEAEDFB6082F1CF0CC88168DCB0C7FAD94477C6A952A1393061AB82871295AAAD160CD6D795900BF29BF64ECC322BE14C9BD05EE1B94B5F3DAD5A979E47C761594BF16D1B137498F0440C5327D7E19AD9E1FFEE5350571E5948BE026BEA9F7DC32FF0EA30FDC0B004CBFF4A2E542D448AD471E7B073014B51936076BA6731C71E3ACB1B19D2E9666E309154B42F5919EF1BEFB0FF94BC99693DE7CA704456FDE8AD
T=0

[36]
S=$7AB4C64638
W=$2E68FD56C9132D4C4CCD714C9DA523B285EDFE663F39CABE45FB9F8D48B2FBE9C12A600F3E8438A8827E5A3AFE9EA57E96B98A674D167294F40FB7CE5A917CB75596E59BE5BC584974475576F316DD5CFBC43002E5E
J=-$1A3B0822ED9A4888CD7659905FCB81EF7CFDE9A9E6EF9597000F5531C32C4972732C4A5CEB1108D26D15EAE324D0950E368B3622185F6D73C6463F5DB719A67DC30DEF08BE8C377535C646E728CA565C889C5174889F8237D7213379B091A427DE764ACE66178DD4D7005BC5C389C2E8B95D8EF72821908A4EE213DE8861F3A19874CF4CDD1DC7E89D33FAC755033087B8B939EF4F8DFD05D58F0387E98492F5EED9566A4B754C636FD22
T=$1

[37]
S=$545790A3276234
W=-$DD0A238AE8971D9A6A19F1E8F02922BCF8CD7939D5A5EE6E5D8697A42368229C204D2954722BAEAB852E1A5C7BF6110DC8CB63E580EC096B20E20185A0869EA17BB74C492FBF76DDFBDBDB1212A819020B1DE
A=$1
B=0
T=$2

[38]
S=$1A7F3224B
W=-$556A26CF76AB98988504D2AFB8EE39D445468A2B32BC47E2CBFC7AADBE62CD494E4946518F8E5863026777DB73D5D2102382FD62B732EDABB5D23FB5F4B0F39AB7EB709F40E1E433A341C3317CBABB1
J=$102BAE63B025EF6913C699290ED97FEFB61763443B5BD23CBF25E40F220F4680BFF21BC2738D6C139971769FCC70B3D3C64C7069A335004D5E5C9B7A2774215F233AA9CF63FF27814B108EB637A9B53EED1D8F454569D2767C13788A040AC5F54FE6C518A9E993221FAF8E5DF69ABA0EE7F6DC0BC61DC60E7346FE27974ED3C350C2396CA90349588DE53DD4D4AA9E03CFCB8CFDB56A30E6EDA07BD57153E3
T=0

[39]
S=$2A24352A
W=$8CEDBEA9EB3EBD24A631948A08B08EAB3686C8EBF2A497065A4AD21427871AEE44C630293688C93D3E17302C77D642D25DBEE7B957BB5E5948A379A8557FFB38E2C629AC8782B8CB95860974690
J=-$4FA2FFAA2F5062AD131CC97F1E7E9B240DB5318BA196C95623476556C2CA99700325A08BC8E723E57D87543AADD2282683BF8AA744FBDC3B189C1BD8ED19E257E2EE04872C17B3D665327FD69A77E12ED519102D48FCD936BF9A53223374F27A239C2A1348DECFC1058391F6E41195C3CACADA7C24CC81C28184DBE7595513D65870AC3EBE164F47980755D494318215788EE5E5B0CED719EF44E
T=0

[40]
S=$3F7D2
W=$178820969998F0A8399CD74D2D0B5B6B35CE155188918FEC5B2D2E0DFEAE7366D058A57D75F0D0B5997AA8014874E44077259CDE3603982CF84C20818160F007979AEF56BFF33D3EBDE918DE
J=$3277CD87C145D29421C922086E1D690FC072AB8C04CF5A9A4B121DF6524F95E008C9B86ED57CC3B293AEDBDA6C7EB4D508915F7092C4DF5D85A5D02B02E661F1B5C9E620F9E835B42E3B31B1027E0456017FE9CC316475578823F54247B110A3D03E5298F2493B0788B087DC679C9762DE751CD638CB1B2B94B9D0F7BA70A95E2A67CB2C1777FEB1B7C38FCF9207DDAE81EA143A971591
T=$2

[41]
S=$1DA7456A27E
W=$BDF4830B00DF033FB1F553666BE19F68AB8936D94A0783F540EA785F0920AD99DDC194E7BF48C5C6337D6C6EA1D9C37D51191AC45B5E65809A4AF627EA3006D30DDC5271C6D20F8CF4CCC
J=-$61FDCC86223C06732BE3ADA39CAB1E333BC5A19FF06AC37E2525109A432B47476EB98B910327B192A8310938531FB781DF4C5F37C89E03B78335AF33D2AD0D94B462E0DFC65BBDCD3F3287AB9850C318A7B7DDBC61B063CF637925D0636BFE7BFF4E021F0CD182964651092BEC5921DC67135F04BF476058F7243A917A5FD01C9CF0873096B8FBDB3CBF1B218EDF592F489DCD5B7
T=$3

[42]
S=$40C618019FE891
W=$8CF811BE3E9D3AAD0D1A859C788018775F4AD3322EFCAF8B5C96840BC75ACC83165D69F3DA43FB16B54D3477AF54A05EE916C29E93655EC3E65CE0FBE9BDB3C64EA69B360E94A069
A=-$D70
B=$12F5A
T=$2

[43]
S=$5485AC6C4B4
W=-$BC572058EF53B4CF22FA098B24D37F048E4F782E05F9D99EE3D4A715BF34B98BC11FC5544BAB711FDEE6E8D5B7FAE24E797DBA4CBCCF036D617F33F8160C570F94601648C
A=-$84B750
B=$24C7B73A2
T=$1

[44]
S=$4FC0A9
W=-$628559E09863819C55718D7FC3D513B3C0067287F0205CCA7CBF006304330A744D3F092571E329EB781D3F01D8CA04EC9D6CD8EEE6FE04485A7A819781A0D7240D51
J=-$C3B143CF3F17D7C0186A1A9E909E205A4BA40A1F15594880573BE763AC9E2CEDAFA69D3157106CE65FE4A262EDF48DB4E0379C1BDFA48A996266B728A99768179D919673BFB2568AB25892370E94A62F1C5ECB595057338FF925C5710614DAF681C07BA66947BAE74135DB492F3C460A45ECB41A1BEAA0A36255F2A70D8CECA34DB488
T=$1

[45]
S=$2AFDA5F5
W=-$DE954C509FECA5F0FB0A25886E500CB04121E392469A2F800125BE8171E897AE3E77C965F32DCA8ECB750178DE8B475BBFC8231FD41C451BDF65F533ED66CD37D
A=-$108
B=$69E
T=0

[46]
S=$42302C26B9
W=$1A6D7698B34452F4B94D3E585ECCBF83B13B783A2E35763347192CD4F71D6F259F199264A407D661F12E0A65E2F970D2B87C14A258C65819927061E286F401
J=$6FFEAE2554500DAD9882BDA06E5F9A8E4F4922184AAEDCD01C9A2ED364B8F565A125ABD037392B5E966A601B7176D654570884D7E981C0485765ED48874A55101E56F3651690C9B7197579F7183555194A2DC3DDF4483E676AF7ED85D5A74ED6D95831408F203672C25553852233147F177316BE61F0B4CCB38B9FD
T=$1

[47]
S=$57C344E2C
W=$86F66C4C7D156ED90C24FEC7A59BBF45C1E4D28341D4A893986FA97CF645EF9B1EBDA54A393E0FC8E187329B0B1C67CE5E4F5821CDCF59217E8AD666
A=-$108
B=$69E
T=0

[48]
S=$FD510
W=$1A81BD8321EFD02FB7EA0D504AC81B3DB87F6D2971722B8CC7F3652439DB1156675989446C5DB47B639FB3A920AE30600759A20205C322B61C528
J=-$2933B3F1FFB51A7E5422EA727225253ACEDBEF3554344965716F652B3B52631ADA48934CEB77E8C97F85B155E921922B36E5676F239EF10802F7F86D415CECF4AACE922A0219EF0BF791B3BD07E296234194A9140AB1B1606AA1481795D7FDAE201D9B8E4E6AC2F43D9D0F3CCC3FE20FD35B8E18
T=0

[49]
S=$3B34B45B6
W=-$2AC2DF3A2E1CF1ED2D4B9645AE31DE30B243A88A1D3C1451FC6E666DA81F010B9499A672599736391D81266A8B6583F8846C6619024FD1CB90
J=-$31DA42C4B29F87158F9F27E3525D3B1502604D00ED5ED6E425F51FF4C2AF546C8B31E72FEBCBF5BB614E1D21CD95460482CFD1344F4CB3BA651929C7C8ABDAA0CD2A3E88CE82B2EBCCA1F5EEAEC11655BFD8ADCEF8BA5B81E39479B17025A4CA47F56C30DFE8F8998B05AFC4D8FF303E1B6
T=0

[50]
S=$6E86F36C
W=-$51D194AED3D0F1887DA0B1C6F6FBF075BB0972576549C2195AF4CB3D7DEF3FDD741335993906C8C50CE95F35FA081F3C5057C0911DFF4
J=-$18DF95750974270D681420E921BFD3450EB18C4542F1EC801DE393E3E7BDA5EFAFB326C5D538B453E13D3BDC09A972899571DAC4320F7533A6D84E5FAA0BA0304B0A73D3C79B3F48D29D68648B19DA84E801A361D6D9A535B2C883FD7A4B5DF690CA15A231497E089D9C553A3E6
T=0

[51]
S=$23C78
W=$4BCA550364125476B9C13684C5D450D94ADF720D35D2F78569AD191D88A00C117145CEDE8BD402B7206A0C72B7ACFA60223BED0BF6
J=-$3E3AB0A703FA9DC2681F03E79B95C8F9184DA0EC5391826735112BAC6602B670892D7F41AF548A36B715DD0F9607AB4853E18A3F650C23EF3ED7DAE16ED9DDC2692D44F3B42C57563F66D4A39DA4521751CB6A4D8BDA57D05E815BB1D97D352E4EF3C0B33806B23173C
T=0

[52]
S=$3B0EF4
W=-$3B9DDE8BB772667E28A30C320EA53DCD501FF00EBFF6AC983942300EF6242429DAFCC23F412FCCC5D92B38390EDA7AABB2AD4A92
J=-$DBE1D16635D94AC44FD71E1505BC63B079F4A71AA66083FC4CC63A611649B5F374668390FFA0A3A893CD561A7A0BBBEDFBA8F980761A3BACF179E497060C38D2C7C466FAA974C600A2E338B2EE0AB175FBCB8D1984F96C76BF98D741DC5B70D46406DD878F39DC
T=0

[53]
S=$3EC1C
W=-$41DBD0B2D7B8CB8CBE8B2B32DCF951145F204A68E39BEEB3C89AC690CC111FD2F209F16ABFFDEF020CEFB778B2ADCBB253402
J=$6F7066D3D55600F1FF20A7C768F3A1E609A768B27A274567ECA2E620295E2321AD1ACA2B24D7F3135EC921A031BA92841B8424F2927C74DE365086BC262F8ECA50FA4E90D4D88DEFEB83CA08DF47BB8AEF3282942FE8A93A909F7E1913F211F52D91D749E
T=$1

[54]
S=$5DB8A0
W=$EDE0ADF5FF7A2AB3278FCE071C3625DDFDE331DE62F993F92728FA483388377F5E0B7119A641539FB75E6B9F2DD3B6C20C
J=$A178AFB4338F29A8E863AF615B9286584752E5591803B051B955010A6E1E2C653BC1673E67130C39A57D66D87E24B469A144F6F4851F047693F90FB3188796A7E7BD8CABE6AD117B47F9BCED3FF62A9BE9CEB5F78D17F514391594187B58BB4D75F4
T=0

[55]
S=$27FE223F
W=-$4CBA9D114797389A2E54D029FC0B4DC247751EE64CC9D1E0B9813A1C459C126F8331B10A4591F1C7E8A3F5752483CB73
J=$2F45D6050E323B8A42118FA40738642AF27682B4D15C7CD7338F14E7DFA7D48019E399DE710A5A68C5363BC1805D70E89FB6FFA60B841803B069730415BD16F376D785676D4FCC268AEBDCAC2014EEF5647A8F6B6F8D85383C2F8E3A212490B
T=$1

[56]
S=$67D9A4
W=$7A3A219C668B19607BA0BD4FA365F0AEA47C38D38251A1F3F2B24681B2226D8CDC5770C5896FC696BC76518190CA
J=-$7DADFB8B6732138E13F641C6A6F2628A55DC16DD524005254D3C42B1E6CB34CA988546FAC42EBB5E7C0E56682AEF4DAA726CFCB6D19644EEF86CC048AA0BCF316555FA3B5857073C94DC895F2A0828FB2C4FA7A16F25B05AA3CB29B
T=0

[57]
S=$A5C5895
W=$39962A822DC259260FA220C898CB9C7C89B675782DF4B635344A0DFC8FE6C468CB0CACBCE8A5AA125C6D64B51
J=-$CFCBA3C5DC2E0594D820E9D773343D747DD4A53707A0BE509D6EA4E0C85E63DF9C41AA15767AEE27A2870D88A780FB0D4638FA83950C3B82CDD4DBB249C2BBBE47924536A20F360AB186641E5495B8DA0C88B451B8DA293CF
T=0

[58]
S=$4AFE6E0E
Q=$E

[59]
S=$5185E5A
W=$1C034E01DDEA55F7251889D036E47E5C2338A3D4532F8B5F9091DCD4EB48075240CC18A4D6840D5256
J=-$10C38D999B8894D55BCEB8B1A5BBE9BBFAB6835C21552C3502D740800391D12CC099D76B42F98464932E6C646E3F09C25CD646406DF00A0AB07C523C1A7FA0FD2D1D1E2CE398BDC5CF76B72A9631890AC093
T=0

[60]
S=$3F995F30
W=-$6748BDD7536688B4C6BA46DABCBD7A0F54E16E2DFEFB102C23E82E864A0C862ABDC9582DAF2C030
J=$4FE103BA922AF16293C168FB2757777FC8815480ED1ED88C42587BF2991E37A995DB45226273BB94DE6EC39D191357D325A15D74A2F58080FE5EA6A2846ED2B04D57F77628DB63D0B97530011E3B6
T=0

[61]
S=$652
Q=$6

[62]
S=$1FF54
W=$3A2B55950F6B1827463B291C0D3ACB4353DF8BF07568743E75FC6DD61A46E7A053D9017BEC
A=-$98
B=$2D2
T=0

[63]
S=$1590458A98
W=-$261A719FB432C611CE67DFF4EA179A9C1436EC205119F4661170EE60F1394D679340B334
J=$F5B899A768A26078238128B38D74CD2C31FA3C1764D6EFB740EC3744B4544C866A44DD363D99228BE7ED410134E31F1634DE154FD0C373FFBEBCF7E78621B6B55DAB3B5F3D933B
T=$1

[64]
S=$5EEB736
W=$4579ACBD15A694EF6CE32041F0E0EE520CC7160820F3FCDE10C643A9164A4337A3A
J=$120FF4AFFB1A18850E6F691A772C534F1956391DFA9047A32BC9E74A4E045CF89B0B1943DD6C529D122F04486CBABC41528FA1270956B1648EA6F6007A8BC4C31B1B76
T=0

[65]
S=$248925C
W=$128E34C3A4DA8ADDC70EFD55263E25A2616B1725B85F3FBBB4AF2B3409071F84
J=-$24BE7094C5C09FF8868CF1CBFF3D65586E79AC7190E3EC569B0BC7549556BCE843165EEBEC90B46D8D20B05DC7E140916936592760E25FDEC2C50C1A28AD559
T=0

[66]
S=$26A5C
W=$21AE6BDE7EEAEBE4E4604FAB5BBE18806D188381ABF82E37ADC97C1EB772E
J=-$AE56E05D2A82341BA6C921C31219EFBFEEDAD6DA8250CD846AB11D364916E6F657C857DF58BF6040055F7B481F9E8A67223C05EBF58FDCA76A33A3E0
T=0

[67]
S=$1FCBD4
W=$172A2E8F2F4D15389F9FC3062B0B6BAB0DAD7CADF932C6C5204FDDE42BC
J=-$6F188C82BC355FA6AD4C861BEE6AC5D81BA210755FE7CA0E877394D9BC4F7B2DB578EDF92EC376A0E9EF6B0855C226D3233E15D6B1051B236FF1
T=0

[68]
S=$4E6012F5D9
W=$4866F847359F9C22C48AEE0474192506833EF4852C90281CAF562B29
J=-$3FCF3D7C45B29A69E639D7724DBADCC4B058D210BEFD679365C6588C27DA08DD5798560DAB60FBF411C07E7A7B2673550E3A5808977E508
T=$1

[69]
S=$7225A22
W=-$1CF5790068FC974E0826A8BBDD7D5A10AF04053960ABCE07208
J=-$F37154C73D27B0D192E34AF716C7EE7AF8F8CB253358FBB5EC4546CB7E459995BFB653DA5900FB3334834CD7B5657E147CFF
T=$2

[70]
S=$38BB57
W=$1A5FB127D924B4DB685596A61771EF50070EDB8F84ECC3DB
J=-$24DE1D5A49AB5BB5B939D24B260FF25357B3F5F4097CE3C9D5F6F93E99C0F3755F4FA77F0B90B7BA95174ED6CAF8E3F
T=0

[71]
S=$62DCB6DB27C94
W=$81109FD58B5FD0DC3CADAE4907D11D79051B0676FCB6C
J=-$9C38197E78F96F2CD10BFE83E4BCA89ACAEA7C4C4D569E1794CFF4986C0526D450F84A49720D1F8960CC5DFF2
T=$1

[72]
S=$1B0303000
B=$2

[73]
S=$49B06A
W=-$25BAA492F27807A80B4FBD10B3098BD71D2
J=-$C64AC8C824E8538F27C9684AE2012F32E2C94143300309E4DD5F7739CB833DB86F1F
T=$5

[74]
S=$1BBA217
W=$D86B433E7883B398BC800E2A1ECB58B
J=-$22D1F3219049A34603DBD926367E5483E4E9F11180582980B2880663126FD6D
T=$1

[75]
S=$22
B=$2

[76]
S=$10A94
W=$B1A937E5E68DDABDDE4D15370310
J=-$E53FAA6DE92A4F20661F1DC4A2EEFF4740648816652E403E470F8D1
T=$1

[77]
S=$146872701C
W=-$8F988D744A7D64C65207BD6138
A=0
B=$10
T=$2

[78]
S=$E2C
Q=$5

[79]
S=$278BD248
W=$3459FD5969E766D3116E
A=-$1
B=0
T=$2

[80]
S=$333142
Q=$E

[81]
S=$284B84
B=$2

[82]
S=$4E8E68D5C
W=$8E2BBF6B2A2
A=0
B=$3
T=$1

[Signature]
1=$824C8C1918F7139021C5E09F7CCF1AEE09CE8855C9714CFF
2=$26B366203A4EC4AEE17BB9515CE6F657B7DEE803DC39573B

