[PRIMO - Primality Certificate]
Version=4.3.3 - LX64
WebSite=https://www.ellipsa.eu/
Format=4
ID=B4A0B0315963F
Created=Aug-23-2026 02:22:26 PM
TestCount=28
Status=Candidate certified prime

[Comments]
Candidate generated for 7^238 - 2

[Running Times (Wall-Clock)]
1stPhase=0.73s
2ndPhase=0.06s
Total=0.79s

[Running Times (Processes)]
1stPhase=1.12s
2ndPhase=0.10s
Total=1.22s

[Candidate]
File=/home/justin-bartlow/prime_search/238.in
N=$11C2482F016B5582741C82C4309851EB97DDC0ADE4364F73B60AC0DB26041F6C81670159A20151623FE95B607C77851B7CE0149AF971340E3A5FE533FCAA850D41E5B1169C31633E2093620474D824BE97DB7B4F
HexadecimalSize=168
DecimalSize=202
BinarySize=669

[1]
S=$7CF
W=-$18730109418D9DF5CDF93A5F0FBAC3D3926F074B9D1B05925921C278D2EB996483AD63ECEFDDF197EC03
J=-$2D4A96CE2BF2398DEF071C967A989B77E1951542699B1246F3E7CCFE49CE8DF00D97D2F2FB24BE2F7A065D7D2EA9D2B20695A2B150A8D40899F485D21D9A70A1326E90EDAFEDA687276F1678F48374DEC49A78
T=0

[2]
S=$13B0D
W=$1CC4119657767644FFC3DB416BA774F06C8133057BEF6D39876785E1DA165C5BE79DA727B0F851441DB
J=$511EE21441E749FFA5473EED709B211717509A447687B122273B5347059BE944C71F9E3F0F1093138906236048E9ADEFF0E1DDEE9430F01ED51656D243717D611A1C548ECEFAB8A37F5C0A2572377B3DD7A5
T=$1

[3]
S=$2897FFA4
W=-$1DA932E083D48D4E6CF13E24BEC971A426F8B1415A2BF866A91938A8BCA593C6F23A554CF03310E7C
J=$11CEBD682548157548693EC9CF2A413C2741804C206B0BD3AB14ACB05E8E326F665D726AAFE9350940EDD67EF8B41367DEA2971FDC7A24D14B34E7AEE2E68087ED1B749B49C5ECA9FD88C11786DE767B
T=0

[4]
S=$31298B86
W=-$6A746D66D2D5BA00A66532AE24E3E1178425292CA6C64D9B89DC365A3A99ADAB7761B74F7601E
J=-$2C3A37D13D27FA5693D5E636FE6F366269346D99878CB157FF19A9BFE004CFF82C203506EF4462A25F84CD552C5036F470E62E6D61002E359058F2DEF91A80F0C46B2AD536F4A7317B54AACF8
T=$1

[5]
S=$A9671
W=$92DF98DACBF04C0EE35986CCB290C52DBF3BCEE2030CF39FB8A407769BE8489C36FB1779
J=$309368798D4C04443879CC2E1AF5C1974F19BFF9C49E6613CD0D38DEAEB93EC06EC3B4A9FBDD3A3BCF507CAFD44CC79A281684CD9CE350833BCB4F4F88B33C5BF5BB1310E57861907
T=0

[6]
S=$31C5AFBE283
W=$437C31482B25FCD3AB16F6A8A211D4F259567A498D12DC905973A5FBD98000440DC53C5
J=-$2A2A14AC8EB916F6F37F6457D8F5524C5D3D2A665B9C5F7409537EB51767DA2FDD6B62584CEC390C7A8BBCD1CA5807217C3C2F286CE1B2690061610028A3FE605B19566F8CA6
T=$2

[7]
S=$1AC134
W=-$A28C176B0558AB036ECFB3C5F0C0407B479671B54F2BEB603731947F1566984DE
J=-$CB6D3FA4B56F3C623D3EA0DBC300FFEFDCAD47A0A10733F9F684BACD8A15A2D684D57081AECE0B063027F062E756B509CD31176F1D593683B31F0FF4582D238012
T=0

[8]
S=$E07CF
W=-$74CC97BD16C644C0A40CDD180FDA73506897F565E9C9B74B68BF74455DA317D
J=$73ED0BD0F5626F829977D0ADD4918FB6C481CF7A2EBD6AA040ACD12145F1F0C9B750D291BC5D7574226627A479FD62B73CCE54FF947E890134AD064F83E09
T=$3

[9]
S=$25AF0
W=$1B4D39D2840157C71DA8E8BE7EC375D0091F56514BE13873AF09F76F1A9B0
A=-$23
B=$62
T=0

[10]
S=$9DC38
W=$10CB2B7D943DE2FF3C43BB51428D972D6FAD47125233F382BE98253890E
J=-$3DBE6456BFA724F4612325C6F651B2206B8B8A55D872FD8551537ACA4CE8599BF94595D3680BC6C261ECA4D04CAA5D351FEC234C3A610DA455DF
T=0

[11]
S=$1F56A0
W=-$38F2F2DE8F97E27A955FB186829C24B75328895BCCD2A4692F1440F6
A=$1
B=0
T=$2

[12]
S=$FE660
W=-$15281CE961835B79E1C50A8289C99779E9DE4ED66B0483AB4E583E
J=$15EB8827D35089505EE47B7DA50A03FDE625C7A471FA722DC468FDA044046994675B2D83AEE159CAF0BAF9E9452903BA761F5C08B6
T=$2

[13]
S=$386F171
W=-$4AEDEF0BE1DB32C2976B3A4DC4B81ECA1A403D75227D2D8DE99
J=$29ABD42DF0B3350043A7FE8D2C83323CBB4C80071D34D5477DDF1B2D43E59FC2520FF3C0B8B42A133265048E7BEC86D1A4115
T=0

[14]
S=$29EE5385E4
W=-$2AEB3AC0DBDD7E8BFBEE15B5EDA3F598809A254F315DB452
A=-$1E
B=$38
T=0

[15]
S=$15E
Q=$1A

[16]
S=$58E
B=$2

[17]
S=$5D91B21
W=-$145AAB261209C5DF81EBC6DBB7A74EE883C1D84F1
A=-$7328
B=$1DBA42
T=0

[18]
S=$1DE3D1822
W=$839FC746D0F11898C85B8A5BA13D083E6934
A=$2
B=0
T=$1

[19]
S=$8572B6354
W=$C48BCB2E69A9CB22EB098D3195EA623FE
A=$B
B=0
T=$1

[20]
S=$8312B0
W=$43E12040DBF6F8A2AB2BFA7D929BE
J=-$1085A11B77ECF41037DD5C8E7B240B9CD315D0CDEEFAA5222D6F82178
T=0

[21]
S=$14
Q=$7

[22]
S=$9D534
W=-$48D5C09CB7ABBE7E3FDA4DA20
A=0
B=$8
T=$1

[23]
S=$4EFCC0
W=-$6BCD220CBF0F146B46DA58E
A=-$1E
B=$38
T=0

[24]
S=$188A33733D7C3
W=$61E8865FE9AB3248AAE9
J=$670030F41DFF83BF8393A4477093D9E3AB92F4F
T=0

[25]
S=$78
B=$2

[26]
S=$8E7C
Q=$2

[27]
S=$413A
B=$2

[28]
S=$4B8FE
B=$2

[Signature]
1=$240B8D1F495732F44DA0A0E96BA83113BA793C2EC7D56282
2=$8DCFBEEEEC22CFE77A0DD1A37102B2AEA82F6443A3A55205

