[PRIMO - Primality Certificate]
Version=4.3.3 - LX64
WebSite=https://www.ellipsa.eu/
Format=4
ID=B4A2F03459C6C
Created=Sep-28-2026 03:14:56 PM
TestCount=67
Status=Candidate certified prime

[Comments]
Candidate generated for 17^460 - 2

[Running Times (Wall-Clock)]
1stPhase=4.66s
2ndPhase=1.15s
Total=5.81s

[Running Times (Processes)]
1stPhase=11.44s
2ndPhase=3.96s
Total=15.40s

[Candidate]
File=/home/justin-bartlow/prime_search/17^460-2.in
N=$12CD9F174DA90167C527CBE490F93F5E5B1086A4EB1040AA423AEF949944D347DDEED7C02C8CC1343041371F604F74BBE90EAD4A5FD3BE477BB40E939936DC5C28DD6B9A89F234F0EB720725A1E7E48DA8701BE3A51B64E99790AC8CCF9D8F2BA25272A0094C3EEC857C0C7EC1C69D3262E25029D653B1C39DDF058D22C752E94A8230E67A8F881D08752A27EE5DCF64EE24D5260C60F2B6184C117827AFB75CB89BB56175C3F23025D12C4B3EB54D43F16EDE9C0FE88A2D389BBCF5E52635AFE3EB8145BA74E59691331EC2D1A170344AE90FDF7100C3240CBC5CFA066B447CD65E6095CE8370C7BAD3EBF
HexadecimalSize=471
DecimalSize=567
BinarySize=1881

[1]
S=$8BB59B57
W=$15079A69D280EFFA5DCFC5A5774C3083EF776C2153803B8D105918D20A9B0B9C106F3E63B2CD348EEABF1F6A739A23C4DEA8F76094BE6BBDCC7F6F619D047800A00B2EC7A0FBBD10E69E2A8D6803049C064D3CF5EBAFCA4ADAEF590C6105B25AC7582E70FF07E80C25CBDBCD99E48FD1BE73CC32E1B9
J=-$38D3F59E8BB47951350437AEC07F64512A7EC702835D142D306130A7CDA7A8CA930F8B0AE497AD122FE8A8155EBD01B411090FC466D9442468DA6B8C1F67A094AF681137D408DA49C9D82484518B04F7776A664CE8E44E43684805C7F290909A1B6529A46845B925E2003C6792D76DA08783C0577D68360B514315C8877AF8FE0C2C838B88B2569851CFBCDD631865B550B87044C27A4778B98ED8BE12FF584852ECC78E169BB626A739E9B9DEF7F4AC590338D6295BF9F70E4E7426A982D2C4FB061DF9F0DFD3EFE1C32D0BCC3D6EBD2D8EFEF56EA893A92B92E30E5AA7B7FF4840F2E92CCAD450CCFB4A
T=0

[2]
S=$BA036F
W=-$2C694B45F0F78050B970E8A89C6C2CD7F0162AA1CB328616F125859614ABB71FFAFAD1CB8C1FFD056218741045D8DE0B31481033B40DBAFCF1D8B8091F792041E1D9D950E85255D1D06889D751980052D26681EF6D090EA5DCD6A59D8D00E908C7AA2ECEB8C8DE1BD55DD32129C8CE49F244ACC3
A=-$108
B=$69E
T=$5

[3]
S=$10BB93CCD8C
W=$3549B656A6B212F02BC748336C3B25AD7A30F84044D8E39382017E2BF3269F4093167C9AEB3744924CD7A390F4F8339D480542A1367B8E9BFF9C5685CA6038F595F0C695DC226645FE77169A7A511B71200841DBE550C157600A403449519A0DA737A1B3CB3DD02D40C215C023E8693970500
J=$490813F6D87DD86B0CAA2F81C3D73C81C826E189D49365155D817523FC3D6EB8E686A67665E5E19B10184BE2CEB612B2B313CC8D1CA9B8C43BA383C7A8F9A33EED55F1413AE54F65105E37A9A58D7EEEAC8AC1C4CFCC2181FF944CBB497EF5761279E42424AD15F0590101DDF22B44FD961E0AD6B8BDFD1E52BFF854F129AAF1A1B175AF469483E158CD6DDDEA660A6D3F1B69EA8691C2109EE8FEF32D6A677F31CC1C82860D6D44B59DC15B0A6746F87BDB9B86419847CB0FAF697729610389D0C3EFAC2D64A1B1D9AAB929EE363F2960DD76F770A12745804C1222537ED75937AE0F03
T=$1

[4]
S=$AFD203C7E
W=-$1A1E3B1CEE66BEF68B9F5E757BDA1F24E7C2F18A217B04CD1907A79BF83A810ED0525182D615A937CC1FF6369BC94B30F4DF1F4453E574F43355CAAC8670BE59F2C0557A8B17AE6E8BD0101BB89E4BB6DE99DF46DE388970DEEB18019DCC07DAEC5F8F57C6D2A7C61D4708383E2C6494
J=-$784DCC4048C60847C0B73FB6980394B3B8012CA3E7F672562D063E1B6C6E4FF2C9EC1E87EC20E624144A8E4F19525D37E2E065784DB2B8EBD9B69FE49281AFC460D21FAAA3B9C756E1D51B9B7267A679D7B227E6DAE5CC2204E969962C1852514981B300A4D8905D53DD33A522CB6004F48A2B13A3E39CE87FE168D5F3118DEC6671BC9F041B27677791E256B1F654E4CF68D6C6A3C4416784B7DB0B73B6EE27E71F7D331A17602CD5F7877103E11294ABEED5EE86C86CC2C0616233C0DBD351A7B5E4CEE4E10B241DD88E87A5465B6B0FDDB77ECACB3F33B74768891FE3C9
T=$2

[5]
S=$CC4CBA99D
W=$6DE2C75105B108E409CB5F8928A5E96B19DD4DCB9F2AFCCC43F2DEC2B7263AC927302111240DD9E64B2551A061C6D6888E873932E87ABF14B8F48D8F84967E7B06E4AF8DA0EEBCA3651A3A4BD188F62C7D1081609C7BFF9BF98E6FA0B43F394D277AA836D862289192D9B3F5823
J=-$D56A9CC7784270442F8F0E7B6ACF26A1E02A71C5EEF4511FF87B251FAC0375A8D25959F3D44B8B0F47F34C006ADC3F0573141216CA180FA33B2FB01D8599E83FFD33CA7CED7F16C0031284A7277C1074C46836CCF73AF919BA35ED5F7067EF6A72B8C4FAE58D25F55956334719F7098D072A92EFF611CEABDC8A16833C2AA584E9CCC6E2F609D093766E3E236D7C9C7460E81DDB4D32E3791057F765206F610892350AC4AAC88499D62368F999A7A418BC199DB12BF2BEAB83FD4DA508DE10836A1212B638537BF581F5C322EB9D81AE10964396BEC0AE1CA3148
T=0

[6]
S=$B255E7456F8F2
W=-$404AB8667E3E81EED0F8FE9BAC6A18520B9EE5AE4E5DD427408871BBF22E049A007CBAB3DFECF20A7C005F1473755D0EDB2C858F80512A6FACC71E24E82E2070C1A4A1C36D81A512206784382EB273A619E8DF44BBA407B2572CD342A4F2901EB6D1573061865F2CD8E428C
J=$5B69CDDDE01D60650D8B34F98C65582D6A89CD007A2A1FBD80EA763509342F6EA90AD1E42066C21329FD084D480C659024920B5623884A6BFEBF87A50336C6C44576C1C931F14770D258ABC3B4800D80F4ACBE176651EA5527572F4A3D46DCBFD5856BA384F49EDD705246128597E514384FDDD56C222F160EAAE22AFECD81EAA4F16984DF8B73334B192087B49D65BAE919111F09C722DD8CEEB16B967AA2F9B06FB02BD653A627415C9F6C9890CA3D553F50E6192B9E77519F41EA6B4944AB7E96A97A1FE18D5753D6D16D81E29A5D62CF4DFC11C2
T=$3

[7]
S=$590F0AE0
W=-$1587F459101C42B81948BD201B832B141EC73E8E17FA13D070CDF4EECD5C21D731DADE0D18AB829B7F15EC22F6E2E62015C40627BCE74B467B6FDA35549F708BC3E0308EF53685A6FF97904C89173BDA2C54963CF73C889FD68AAD57816FDE5BA41CDBAEDC574F436
J=-$8958BF8F9D6E082F0C9B2FA169466F49E55C5AB4A0DD457616391096DB86CD51AE8B517E7C526C869F50CD9548B7A1A446B622E0734E6D79CBB785F3959C83A1049945EFBD365C8C2962016E713F3DF654DDBBC1BA737AC51AE7E87199400133D8EA8343911C867AF2FEA655AB025489373EC8E9B93E0C340CE9752286B4687563421295DB90FC15C0B2993E41FAC7D69E0CEE782E0CCC78E34D40BB7116EBAD73F036D7FFEBF61F64435B5EEE153F81949D304C9328876EDE5138E63153524E18C5FC18A1F7D8693E0026A2200A780
T=$1

[8]
S=$A8DB39CE
W=$24B6728E4367DAE30242E41F347DFDBE6ED042D756BF1A2B3AA4FAAA17746977821F95ABDDE20ABDE9666A7E19575B81A396D1C02370463457980EF97DE041DDB435C5E18599B2E89AD023AE120A467F04A057F977397A7C41B126C4429F431CB8EFC04974EEA
J=-$9A6F117C0793957E8DC4C667320BA537FEA029983286CA66900B692B541DF17D03458171080FADEE389D63F60D5A5C543F53DA622DDE3DEB940729AAC66447D95EECBE9C101E3562DDE7B4130C8114AF01517827EB6325B6900D36CDE2018002DF00AF9E4BD1EF6FCCBB3A67B67342D2858BED557F32CE5AC538796C52304249ED373C5D036E8F3C71CBF362C3F11F4BE86B11C8A55EBE193660AEE8C55A79AB5CA7C72DD9AECBD32A699D350792B2DFEA9EB15839FB9C834DD1B8C3B821A0F102F41EE09C3157A2E87DC191
T=$1

[9]
S=$604DFF
W=-$2B04987F5DA7385E01362DD1EED69BD339186E7C047650FD0BA5A8C7F2478052CBC8FD391ABAC62216E797BFE349B431FBBB04814797B557E086760FB8A0B203FC6952F0E4103B8315074D455BE97E9B1B19C3DA1EB86503631AFD2C0691AF3018A10BF37
J=$834C465221507A1B9C9A8CC7DA63B96216B09EBE50E49C7F76573A82B3218DC5FC40A1829E24F9842C1086665B16C49AEF4C7FFD09F5511512061BDFFBB828E9DE0140C3D39A512C615307BD723FEAC9CFA262DDAAF63ECFC8236DD9AAA4D6B274CAF4DEB4E68816CFCFC8A961201DB55128F73EC0AE44DB9D5EFCFCB6C0622B05F4241E91C6B30F6CFEE91137BE0171F6348176D22EE2B177258FF70FDE986F708EE7429B20F750FD4215A9C3CA8AD0B316523C6AFC3FF6128BDCEFEE5283CEFFBD27860B050363
T=$2

[10]
S=$5E0E32C
W=$CD2BB3AC8523FF47425D16E5F5EDEF37C97FB2E08A6FF06EF13193B0873D8EDE1304285692CD363277C3C5F00D5D0C55E62CC5410397EECE8EB415A7F55081AA92D64E3C4E80ACD27EA023774708D1FBA271159681D2E4BC412D594203D72BEE68B56
J=-$24BD744FC0CB2E626C21292FE113B654AC9C4ED402A762C9F6CA53DB570699D47D09031EB635F91742509B8B4862A5C71F419E605D2BB2509C1328AC0A6A94417A2B402BDE01376B9759FC0BA2705BD8A2453F1B6681ECCBCF0941841F02E9C41A5BAA71201F5A4B0C6D09781149A378C3413FB8ACCCC1F4C65C9BC156F782C78DB8B5327BDF271F68A3EB817111460AC70D22704F11DAFE5855546746E537E4CF11F021378FE18FA860B90D338F1226F9E90D153E0C7140B4DED5906453BFC671F43167333
T=0

[11]
S=$257F094
W=-$178BDD9F1BC74D945F04C397FE79D100961ADD0023AD06846132A31A937C188BF7B4577E2C07376EC87BAC6C0EBCDB17EA8CC4C488B5E285A27330A370524500B4EDA68DF3086616A90FB3C26E9C908710F795AD3B983E98A46120AF210695A4540
J=-$23C2A557B083D289930AD30CB555A78A73C5820A592C7C5543BF789A03728B4C1BC2AA3D6A2E6830D9DB960023718F17594649A9B7413F6F4FC21859538BA9980B4EF593B46632B64A10E0C14D0CDBB4D103E40BC692D0F69A0887FA6307A25A8E7BEEA162FAF46C868D6E3CD64DD2743F1FA3FFBB20F20A69484CF47008AF7C405CB64F8874958538B8E5C404EAF0E7D646CBC79DE3817BECE4942D008E1031F7C4AD1B869692BB52980793F20B8420DC2304F4BB642BA4C85B7C2004A0C1F4BAE9
T=$1

[12]
S=$163DB0
W=$EDD0665E0185E3E1651DF5D131CECB824E8B7DB02F7A2586B2E9958A53273AA1D6FF58958D1EF4BA60658AC63997D9B344AEA0A6A6F000D77874BA95C3FC396B1A8B21E8142FDF3C1D84DE0710E0A9557EBA3A7B4894C214121FF6B03F7AD8E
J=$2E56577E699DACE4D29F6EF7E509E21043A92E4CE1E6453B6B6E7C6E2177D6B42157E5C244F1F7422FCDA87F3555FFC2D3996B8BA8B8E288A4943B447FEAE9AA998FEDB2E6DFD746C429349E1F1057314342D7BB305539D5590B3FDB78BC42C77B7394885FD4CCBFBFEF354141A2CDE163B9415329C9AAD34C5EECF15C442EA2E4D3BC0CB624F1491F04C5424DC5E1B8F21FA3D3AFAC4AE86D17A0A7887A06E8E3D95F9AC2798B73B705626FAD7DDA3C65BDDBAB2903E48E2FB0B9FCEEFC7
T=$2

[13]
S=$1A4D89B209C
W=-$2CC9E7CE8F4AACA3C0FA137029AA0CDA0A5BC4A5D83497D06AC5676F60ED95AEAE584EF7C084783CFDA4BA801063A51CC386FC95E8BCA3C565E67E082B219CA045DF6B296834CFBB05A7C9320160F1FCF9FA36D925764689CA294F66286F8
J=-$C9DF01669B0BB76A0499F85C183F64EDC3FF3B4F0FFED54F6551C039FE0835F04E128DA74EC2BC0F05F5028FC2FD0B7700F6106CB201D4B0ADCCD36B0A130F76E116CF70739C5581F3DD09B7588B9610335D67C2CBDB789245A912267DC455EA8184B4BE14CFE58205A1F4401FAE0A3407A691EFD3DF7F9FA32632F111FDC00C1DB9C7A27336A0671CA5B02ED5DEE879E5BC0E3B02E6A9262C617A5F265696701C27582426794E7657D842A6F14CFA2B6D0BA97DC255907F94EE274A
T=$4

[14]
S=$42282A2DB8
W=$25081329B9E4B21637BD052C36CE96C8B35D2B441D1B2D8677B8BA602586C0AE1322A9B9052CA7805C81401D7CFA82799878ED587D1C3A0EA79369F06DC7AF1FD4D5D10DB1DF1210E551DE1A0C17EF17B77DAA2DFB8AC7993220402
J=$543876D4E9D478AF01D3360C678082A0E1F002CA16163A9E08DE820EEEFF51C885FA81755ECB5B6688BAB411BD59D898065C237CB4821C050B4DC4DDE7C9B6C41F3BEA0FBD5065F5774A835AF24B504CC70CD93AC96C1414F822D7804B109D323AAE637F00FD1B1364952BCA0FF3329847155F1A379D34A3D2937CB9D1EE4A31300FB7F65C6DCA51FDEAD6D248966D4B30A1E0472DA424293B939FE4C09CBBB021FD9989C244836813B2396869D165DD7632D65FAD9F42
T=0

[15]
S=$11C4CEAD
W=$5F45B5D0B75843B1BFDC23A26F9506780C3A5A7C5881D34E402CD8F9B344AE3F16788AF3067C7A43A082B830B5D65725AA7EFEC3F81B7C62B178D1D7C9C112258E2A95874B00FCAFDC310D65F51D591190EF9CE5DA9BBCCE361
J=$139C4C838E2E2E50AA018E6F38DB80CE3466D6F18EF14882B5199E15813A0703B614823A4B1E1FA1795B6B51EDF66038714E42456356FEDDE9C03E31BA8D08EA73DF2F6DD14504537896A7709E860A1EFE86AE9BD41CFD9DDCA05701E5ED6D0AFF992E1849BFEF12D1CB05B1B725574EF0B2AC39F943B4A62382FDAF5CC09550E98470BCA0238808F33809565B5B5C69810F170BB325AA1F3B41B274DC1232E367B32872A95D3B2B09592BD2484225331D261
T=0

[16]
S=$1A0BDF
W=$B931816468CD797B68AFCF5770251484A5E0B25956E889C6984059761FCEA89B2AB9D912598EB58A8DD2AE869F679C6A25449E634926C6EEB5F0878ED199D7764F399050365389DADFD4DC773A9F01447581F4B18511971
J=$205B708E059472A95349EE2B1D61FCD4C100B9E0ECCF5D5565DE3F315E056E52E1416259772D99DC2F229D0508B362EC55C48F200DE1B0900CEBDFC824CDDF13463F1443629D623A6555A50F05CEEAC0AE0776639319330BD2B3E4E67845B53D28C2A1B6300F419FE663D69EFE512396A34C3F89F4B22D6B66E47D68C5366F9FC0E1B611FB2F0BAE3EA323B22225CAC83A833CA359D50A3A52D6EB478D221C18B99D08B01A5C141D6A08C135FD798E
T=$1

[17]
S=$5E8395F8B69BFD
W=-$4AF20D2BED1B2E16FA58FE0482AC11785A42FD492577C271350C6D1CF9B497A4D1DE98E840332283EFA0C237266628678D106B474F4EB7452EE88397D1BA30A7E9C25DC553C96596C188E223ADCA60C8461E47A8B3449
J=-$2164543BBBCE937CAC4923EE1B4053F31682C6F0AF214C78CF62123D29ED7411339614572268EE58FE6E719CB86AE0954782A18866F3BF46402AC87A61FAF3CABB1FBCBF0423EC8A66FA4AC2BE9A19595C59068CE5C7FA988AAB256BFF0B0E85A4B70AB2A1A529B7589C1BCB5DECCE87D9F3DC576CABD4F88F9A3D50C09BAE572A1B49F8DEAC1E61CA9A2E4074C2A0FC6765A68E38D050C23C7BA1FE9ACCFE137738FFEE1727F0C0FF9CF26E6
T=$2

[18]
S=$1269B63D
W=-$6A9939434F68F99E16D924AA2186A2502CB242C41601BC905A86E60553F8015F0E57E822C52D4724C0AAFB27AC13B04DDCBDBA8253131CDFDD599B8DDAD99CED2F425FCAF351EC558F7D16714C0C07DB9B42F1
J=-$293BA86C2F9BB2051ED9B0715B27E2A7A54D382AD74CFFA3344E719EF93E7ED68C1169A1FE57BA7ED69013308A21F76257F1832345D0DD5DD389F68B7DAB068D1D1FF3EFBCC9F4ED8650EDA81C5F9E0ACD9B0015041F18F0B9F09AEDE12525EB7445855BA5E531B4E64390E3EEE82A0033B68BB00C2B612F6F56F9C1CFC74F8766DC1C8921FF503551F5DF3D6434F423765345B1C3F84EF9C52B9418D46570E06F28E52E753
T=$1

[19]
S=$3DDDC4
W=$F4E1267597EBECF8F224FD990823C263917E9CC4A24FABFFC42E8F37B6B96B135520BCC7C738D0383DC33ABAB47DEBE252C3091E55AE5A5F8F78699A679CFBCDC88F5A3494B7956193C262991CF2135BD0
J=-$46B759CAE8FFE96CF3D822E0EB1C54337D2733A4A6B7372459A98FCB8ED34AA6233C4EAD52557DD46C5D19FDEB517D16BE9EF7F466C009CB95F3AA91396B92E7126CAE057F18318FCF239813F6878F3B57A241B6BC4575343598E41E94A174FA6420B833F37D591C18846C8B161753079EBB1F5F969DE9EC9353C144CFDD84067C0D51B3612E9FD712D043DDBECFB8FD520DC3F8B7B1F984B9EE9D2592F2B5EE2A24
T=0

[20]
S=$10E9E84
W=-$36D5A77028C0E3205DCF2AD0B042E57DDAC3474DA1520D01AB7B76B98A46C1EBAC84E44440FA07E15E902911A771DAD1EC0D260824FE47BB07F86D09A09D4B1756F054E42771728B3BD3E48017527B02
J=$12AE77F36B7F37ADC503E14587C6EFCDD8473EEC17A63AB7CB10B8E14CC31EC32C51B995544132313BCD067C641DF42A0D5F5A35B69EBAE7EB877675B9776D06998354490E2CF4D6405C85D98A80B58E26B63A29838D2A2239E5850C47620E386484A4CA79F5F519E53B4D812585D2330CDD0EA405FC5A6ED07D5FC9DBB4806182BF84584A4B6BFC0EA2E1B5D5945A126A655C614BDDDE7A3911921C6408188
T=$2

[21]
S=$2B302A
W=$103C37B5831EDADE99CF987923A616B221C3B69242DA51CE06595449AB445B96598FF412BB61F2F27E6F3F0A835C7F975DCE7CAFC4AAF0C5B23753D4A0AC100F98808A0D0C6B2905C66629146C0AE
J=-$BB9D0F94C874B49C92143D13405F9F7FC0B93517D5A460DD6743CC9842B9C1FF08C50141E2E06EA11E8FBD5EC995DE22C841B1F67F2CD86C432F818B356AB9E8F1E956F1B9FEA84CE6C12B4056776A8F3B08AF35248E908A9B49CE10920E6919987AA1B77C60867653D652DBC30DF86E04294EDDA79AA0E3A4DB327462341A1665FC986F1E7A9E5A255DDF1790EED628D370817F92567F1AA4E6BC0F
T=$1

[22]
S=$F582F
W=$61E63D1B0AD7E6F0C201F7235774515C758DBF5415953896640D20FB57AD028375D98AFA8CDA71AE8ACA7559B7F47065A9B70A35B38CF5BA120847FA88A5F1495318E5D3B603D6DEF0F425976F
J=$9401737B410007B613B3053C926CB3182A3375076B1C6A22CB58FD37BA0BB0117E869D67AB8CB1944ADD766ED39640BF8EF425D56E3661885999C38C47DA6A0CD049DE6DCFF75E705272774AFBB18644A689A6A40895AF92E0881DEB089735B862A2B74068C7E0FCAFC38D50D5A5243AC252D966FA3A87F0A3F92EA03FDA1CCC3E0E5D3429EA322A10B44621ECBF1A946EBFBEA67DB3BD2CB78
T=0

[23]
S=$21D8AF9
W=-$384021C32340B6895CF69F1CADEE35FCE0A581E4B055762F21D805A3F13D6C86F9222A424B9FB44819CC3A40D6ADD587AB782AAF849B301489B9B52EA98FE7F192035A1841C51BF77CA7F09
A=0
B=$6
T=$1

[24]
S=$9BFF1
W=$F83C06CDF053293E9BB61EE06C7F4EB2309B294421CB40AC36BE2FE735970114111E00696371825BB8CD7AD6B12F6A64276FE850942D09B208B0294D591385932138845505681463999
J=$4E1B9E63A0C9B6DB6FE1D9A62E784E1488405F617EED25667AC1BE343FA19B37186845A81A5B7723CC48777F2B5308924A89D1B85154BED77950E42E9FA081DCB4AD0C297C5EED376FE99E0F256876AD951B856FA794E9383D099D20DDE5A87166ED05ECA2860FFA4CE776EB0144AFE59BE6DC75645C444923C539B61839B96819A23E032D860B12AFE2E70AEEABC8C161BE5EA3
T=$2

[25]
S=$200DCCF
W=-$23857C4BC9E86A8D1C42B5283D94CA368638849517CA0582071C4A000EA17FAD8CEF77982509FF57157CD99C87C72566F2F6E7EA1DC9725D8672DBC0C20BC88503DBC61574C6BBD9A1
J=-$47D3ECAD40191975C6C04DE89672DB124E8125B8EC4E3EAFE649995F5ED63D2990CD2572138880B74572DBD3F538541E051199ECA6740E84DBB2D98D0103F4747892240D0AA12E451FEBA8F2DF49397134D9B4FAA5BEE018FEF22BAEDFF8D86C85FD2AA88A5EEE4CDC29DFD88F42F2015661E4D08A87C52C1CB6D2D39CE4E00E8323924CFD6BA6C0B8B4031D029EA45DB36
T=0

[26]
S=$71DB08294DD4
W=-$5A72302CEAC72DF50C166F331EAC48B21B4D0FDC039B0D5EA5ADD335DF72C5BB50E337417B3DA66E81247CD7ED78D8880E3A959D8E7D543301E153E38CE7C7903928F7E443BFAE4
J=$13F6C239611CF15C587F0B12B76E275269525DEAF6DBA8DCD0A3A997F53C16E084EA9C72D32919EB104F60D7D551C3FBAEB0B1F3F4E637985120C741CC24A65344082F0C8A376C87966505965E8699B21F91C98743E6C9919CA745A861918F883DF5CB09797D506E5BF581D78993E25E6F965254CA023BCBC2FCE7ECF1A85F61A33D76461EFC4045107D797FB1178
T=$1

[27]
S=$32407
W=-$45FBF091D0905D00E26D506B167653BB691F5F12D9AC79FD2565344620E78D240CE9B0FC411AB592EACC2F82D3969A402A78A7E08745E13301CD7364C82A912C72F0A4F01
A=0
B=$14
T=$1

[28]
S=$703F11
W=-$3E17112576328A35ECD658A922BE2D330E45A7EBE88D6EB788A66A69E668D208D481E6286682A434084A4BE1EB11A246704F1C31806137BB8AB7437E00B0F17FE2265D3
A=-$84B750
B=$24C7B73A2
T=0

[29]
S=$3545A
W=$1B444300EA9B6171DFBD96509BB6FF28EF2C72742093093E2DA613F4E4B8620CF70CC18A48831CF1FFB640BDBCBB342251480024988DA2F26DFEB751BBDB77B481A0
J=-$11C1343F1A49D8569CAD976BD08B2D60B168D545AEC334D3F2D2D913C6CF1625DBF95D755A7BC0587CA2A5B8A3FBE9FC7A87622B6AA0059D02D5FAF3DAA31DE6DE16884127E15FBEEAA03D131A346CB48E542A6B0D484FCD50FDF267E69BCD9913A9B9386A5F849B5DD33842010556823134D44AA6CCD35C3C6F4D5AD4EE1E13F29B8E3
T=$1

[30]
S=$BCFB34
W=-$1058A3390D663267A9A2B70F573EBFCD49E2B09A4F2D7C5228D9C503ADBDCCD7C085BCA68086EA1BDBD208F4E80BA4E7ACBF72C9A9FE86E21281C62E246B2FE4A2
J=-$F15A81A21C570E9A3446D7320C23DF1C5AD82C85C433138AF8BA8C014FB2CB892A8E0862B9AD2EC82F463B815FF696BBE97E19D3C41D1E46063C1759A7FE1594EC2787B8C7D1A81AB86969A461A8F86A67154B9A1C8AE6722D3F7A120B83903A0A3306FCF1A7BCD92519623E1F955EE05F43B05E97F621CF567E7A602659C2230E
T=0

[31]
S=$E1C77E0D1E4C
W=-$204BC09F747C2BE190272186FCC86E78C312EB18CA071EDFBE13EBD10F3169D8B644EC8F5F08EEF9E07C9393B33D785939A0B74FD90F1E27ED061D9C53682EA
J=$163A9A90426DEE453C6DFA711952671EB64ACCD186FF3CFDFEFE8A6A56459E39680947146834226CDB890A2F987064E7EA0EAB7BBD4491C23A8A060AB4D2498A7FBE9910B10B69F6C385A152D703FDAD3CC8E0FF218EA90D03ABA2ED258BCF52F61C00CC5177ABF56F272B38491E0F480651C45B56799C81118511C9A375A
T=0

[32]
S=$1F3BC22
W=-$49DB11971C7CBB1DE7D828E5E2747A3E21888DE08599CDFB96111249F23A05F93C370309C15F4BA6725F6DF027763D8582DF7350038E2B5FAC13DE72A
J=-$2F51D5C10D8C3EE431C6DD75124647266669A18C62287E602BDF002A919F6A816301FE5137804FE028F932417DCC947AED006E9A8BEA7FC489360868948301670464D6881ACA89D5D3124AE84342C4F7D010B87FB834A6196DC69863E113B9F6136F50FA2EBFC5418679EB53977DFC1CBC9FF96DA4B757A6
T=$2

[33]
S=$DA2EC02F8431
W=$2D4BBFE0FDE7F49938984F02C7022E247BCA29840F0CE425BCDDE520922E20BED1EF4060D239BDB4B9ADE1353955F59A76546C0CB162780FA8121F
J=-$EB1F4245A0EC4AB5EE29EFA315A529C5ABA0A1621A491482DD6E182F289E0F9E75FD14632458DB78701CA9ACC5FF541F801B8AE07E2ABFE63E857871CC2FDB4C40083E0DE5D6D9ECCA0FA016979EFE11CA70438FF45ECF05D4EEF428F94C7F27EDDB01D79C855F3E88CBF81C2106B62171B1CFFD08
T=$2

[34]
S=$18E006D54481
W=-$18FD89E2813CCEC3D55DC71B0CF0145FD649535A6C7575E9A6C87522F607F353536C786ECFAA7EF5A6C0555FE27B34F8ADA643BDBB1F06C7
A=0
B=-$E970845D8AF1AD0BD4F9965DBE0F6A33377EDD37312F1025770396881315E80F2F9F40400C47E8A40FCEF5EF014119306D6463212341F7255061B28EE80203489C7990F3FCABFDE58A742803D34D8DCBFDF1B04DE2F6CA15CD87B1B549E6A2E23E905EF27F1AA39329FC78D09329A6
T=$3

[35]
S=$408D4
W=-$6C3447E16B7602440F4059D6CA3F1B31466B70FF36B755D3CCDF032EE635BDAA92B74C71948A07FBB952E2F3F9F8E557C897AC1684
A=-$7328
B=$1DBA42
T=$4

[36]
S=$F35156D0F
W=$468D30B6119FE4A8257C600BEDD589BFFBC96F1E04D32CA69015C83233CCF4D088ECFDD9C1DCC0222C7E68AC6B5DD902F4D6195D
J=-$F7BCDFE0CD7A3CC8CB607C88E62E8141BE7CD63B4C3C837AE8B6CF22ADDBD59A61568A8A6BC70A11BE0DECC793EEAE684FDC209FF0CFDA334F4A69209906DB2D9BF95AC472AEC8E80CA36B87DD20F34EFCBDEB38C74FF9B5FA8669EC55F31C7391FF6A21D284C0
T=$6

[37]
S=$2D248513C
W=-$14469B931F32C8CC785F4A694F03C3E2DE6B3E39C5396F4D29151E2E9BB590C62466547C5548E4C3260D3C2FBA652301480C
J=$2C5F416D8956537A4B050151C7937EDB7A04028F702909EB5B3D92F19F522425A88283D9E972F485557861FD4235F59F97FDB71F5DB9DDD37A5A251B7DD638F0B0EF993FF00C126ACA5BDCADDDC14FDDC80BA8F5702D8B87B1233DD5BB2D16CB0726E3
T=0

[38]
S=$1264B7425C
W=-$4DB534AFAD6D2CB3EC7BB99E1F05CDE9BF4C0F9A2ACB1673E9FA4C97EE3D4194CEC1E7AB15377007C38625AE22C6654
J=$DFA4532A8FF8514EBB5FDA010C8F24A18FE2C26AC76CB3AD35BC2D35C4F60458281035BD3E2DE06161DF513CCA935B65FA43F9A76C113507752A73EC3793041293851B5498681B6B83807A0C00AB37ACC141B098B4A075EC72B7A14F5B8EE
T=0

[39]
S=$56C43
W=$301A4A0CB4062B856E57E3210C865CE9AA06D66D6160DF24D05DCD046E30F27DB6920B6A9942BA95F2C6AE084AD
J=-$48A28306D6C3C5EB7C2C113E8EEB818AC73A63C6E557176CA3DE45C83C3A39856AFFCB0AFA4A03DF4032049AD01845C046F4A147E61421378FE5667FA72229FD1F08C56F9A7DE4462BD69E2ADBA40A4E1D9F87015355F5D055B2
T=0

[40]
S=$1C4C43EBE10
W=$57A56C9702774DA22DAAD44349C9F21F5982200B5F3B1B99445DE3F5B1353BB91BD697663E5275589423F22A
J=$1CF393C9DF92716B815BFA9B3003C6528DB27FAB66CB688280C4AA7141EBDEF8E0FBC21B85E142D6D33E90A93EC40260298D9C577065F94F3AFB1138B9818D9C3D86A0E1C43712752FBE1B9DAF4C7841E30518463C5596B1
T=$5

[41]
S=$619E24C
W=-$DE457729396E6F1A3694467152862F9DA762588E4AE5BD3AB998DD4B723D6CD54DDDB7F6C3A7C6A813A
A=0
B=$10
T=$1

[42]
S=$D5AD09
W=$73FC13BBEA39F3F38678FB0DEDE818817E54FF93B4191CAC89B11B9937DD19AF04589BA0AB6D4FC5
J=-$61D2E6F3B2743338AEE5B94EF5219D8FEB021C68DB800127E698032AC5CAB16D33DAD3FFA9823733C8C801623D04A65EA3B8D62B840A44130605C67FF3F66C183DC57952704F59DFB8CE46C414C91A0
T=$1

[43]
S=$23CDD30
W=$44B16151F5403FE1FA5D5CA44728D13BFCA3A2170D85BA55B177D5333C182668BA5B6642B5FB0
A=-$23
B=$62
T=0

[44]
S=$130980
W=$271303EF0A250A82687358D393E454BF947E977AC5D942537CE68048ACE9EEE8166FD807E8
J=-$28AFAB9ED51339E2ECB646B8E36E25F67F26F0D4FC7ED3339A526471621F846C62F4A0C7D5DD3439580C8E13A24409EF7694B3FD6DB77D0E2AF94B479BA1558AA53863B079E8DD1A18E
T=$8

[45]
S=$1F051643
W=$454199EDCD2A749E33D75694964C836CCB42432FA1013C02C8A772C4D9AE1FB077B098D
J=$1459ED82D915D49ED70B7E378EBF6D82FA492D15DA0C60F07E0EFE02781BC79C90FD0FBE2FE905662BA64FD011332D5AAFD9634FB4F7BE60B6C45E4951A954DBBF024EE7DC11FD
T=0

[46]
S=$626778
W=$A644D9EAA772B0F519A10BFADB6A666DC0321D568FEEA7BF9FC9DF694EA0729B376
J=-$1279D201D1CC2BE996429F0F31A1AA75CDA35F55C6F8C7911F0B3F05A1BDFE216FB93351B1F9F6B326BCD17895635E6FFE9AB7AB0E0050B1E9020C6F4E562C6E0D677F2
T=0

[47]
S=$EE09F4
W=$449EF50284DD4A5F3D59BDA86C1EF3D6A1F9841BC53BDC1014E3B2AB3441253B6
J=-$38CBC3A96E68F4685DBDBEDFA4823848592EAD442D2508CB44F6FFA2A18CCD7369DF054B1DFEC53E5D74F81FB3B6EAD86E94149BFDE0565A3E33B22D1AD8438EA
T=0

[48]
S=$75E7B160
W=$3334021BBBE4ECEA96AE67D0EE3B1B63C5B4B015B47D13526FB89B7220CDBE
A=-$23
B=$62
T=0

[49]
S=$1ABB2
Q=$16

[50]
S=$9508908
B=$2

[51]
S=$38192BF18
W=$229E42C0671152AA37520ABC15F2B330048B791F4EA3A40BC6EB6
J=$81DECE239BE3A425D49300EC538F833807ED2F9466D73E96FEEAEB849A68127827FCEBB2D0E934DE21627E2FB67A3DF123C387D8
T=0

[52]
S=$901F8E52332
W=$77CD5E4747FBED8BE65755C5A08280A723F4B0F956278C00
A=$1D1DB1CE05954A2EC5EE49122E2AC44E64B4EE8C8116486CA59E02DB005FB1254BCD3C21503C62D85538568FD22712E6
B=0
T=$3

[53]
S=$5F500
W=$10BBABA0ED29A3B1B946A072EC5CA52483756DC63C2
J=-$79FEF7197C5F2772CBA8200C3825525BA6D527135D2EFDFC35BC85A6ED0133FDDEAA178581505F918340
T=0

[54]
S=$1F808
W=$22F785745D69F135D50D9F4B6833F98FF873556DC
A=-$23
B=$62
T=$1

[55]
S=$69596388C528
B=$2

[56]
S=$1430B20
W=$2CFA1BDBEA4C157DED08CB6277BAEDF0A
J=$DE07485B94A900C766575A5A71D754BF13F29D104A6CB5A9F04FDC9FDA30C733
T=0

[57]
S=$171C2
W=-$24C3B3703D336AA9A994F911D6B36A
J=-$9FD1A9AF721752DF0731EAF7004DAE62D5CC6810D78346115A15E760D0
T=0

[58]
S=$8
Q=$3

[59]
S=$51D8BD90
W=-$98D92FB0AF2D90FA065278BCAF6
A=0
B=$10
T=$2

[60]
S=$1300A
W=$E017A0E705CCBE22FFA5090
A=$11
B=0
T=$1

[61]
S=$8AFF300
W=$845A37C9EC135A00EF722
A=0
B=$10
T=$1

[62]
S=$17330
Q=$3

[63]
S=$A98B563
W=-$2FF63B8F72002F01
A=-$7328
B=$1DBA42
T=0

[64]
S=$6954
Q=$2

[65]
S=$E8C
Q=$2

[66]
S=$2
B=$2

[67]
S=$14
B=$2

[Signature]
1=$48595B358CD81DA4B59BADF72B44F3D63C11D4B5E1EC2E38
2=$E652C8FC68CF86E86DCC348EC9B728DA9E0DE1DFD98BF0A1

