[PRIMO - Primality Certificate]
Version=4.3.3 - LX64
WebSite=https://www.ellipsa.eu/
Format=4
ID=B4A2F03459C6C
Created=Sep-28-2026 03:14:55 PM
TestCount=40
Status=Candidate certified prime

[Comments]
Candidate generated for 17^232 - 2

[Running Times (Wall-Clock)]
1stPhase=1.49s
2ndPhase=0.10s
Total=1.59s

[Running Times (Processes)]
1stPhase=2.38s
2ndPhase=0.39s
Total=2.77s

[Candidate]
File=/home/justin-bartlow/prime_search/17^232-2.in
N=$1394B96B2153DE5E65538DA4D59F4CCBEB24898FB4C0458F5637BC11768037D11564F8DE405631FFD0CFCB73DA43A14B40A4ABFEA4286D8B0F69C3C6FD801A37E0E06A2D1CBCAB5F67C0A98A0B175BED6577CEE63B64EC19BA0CDAEB1A49C9DFC9F2A0B282A89AD7E846FCDA3C77E54AD66FADB1C43A7F
HexadecimalSize=238
DecimalSize=286
BinarySize=949

[1]
S=$17
W=-$8D8F1AB491C8ADE26139AC2EBD31BBD471E4F6BCB7CB69FE4B39BF6F4629B9E7C73F36DBAA1815F70B29E7D56FF9EFB87EE863F1A21BB00970C9A21
A=-$7328
B=$1DBA42
T=0

[2]
S=$95E
W=-$16A123E08D3F377D957B075B3C5893447B06BE1BC80688C5AFE1B2E29D56EFA0ACE739585091D58D1F53CDACE45DB813192DA66C46CA32E116F48FA
J=-$2BAA1336EF001A2AF3A66C10891192A7AB1B428FA964D9D9C1760C3ECC8401E9847AB38AFB5E16FAA5CEB72256D2F278E77CF2469361C1C4CDC46128AF7E9ABE2D5B69B53460F57ED79DD8BFB8F341932175DE431EC7A472248F39230C144D1877C6EC17D05AC29B637636463F5E5886E0BC88916EB8
T=0

[3]
S=$92BA290DF6D9201380
W=-$9418AB96992C8BB7B07EAA2D5D360F57DFC6B7791C54B7A437190E3F142E77342CAFB3DF7418E9E2E57E0B5F07E1489420B20C8E15B634D0704B0
J=-$2307E4C8ECA325096AD704CDAD110C4C2B98C4317BCA1B421A65A68655AC0EC450D1B57C40A4DCA8BE7767C36E5E3AA98058E5082BBF48DBC3A9453820170B483AC1D4665B1CF5A5D32345448AEBCE8A99B91E7FB3C5117078B3C8AAD67E5B32BC1AB99F4EA51F4DDB8D4C6D1712908DB62546561
T=$1

[4]
S=$5C0C4E6
W=$CBCF1FC16E01AA4BEE3E8E87707A3B89650F777528FF08D441F4C07B253405CCD76CF5C1FB15BA6ECBD9082A7971F1F226D238378502
J=-$843F5BC3C7CE027D515AC05CE34C09192F7BEEED9364C8569152FE60E41A95246BD21D75144636A9D2D9D85FE34BA814E70A03C8AF83532F7A9FC064D12700C43CD1B1AA7FFF7F16172F2133F7806D764585BA68F78BF0A760EC40D458C3AAB3398F7F19F1C176CCF6C1EB
T=$1

[5]
S=$FF46F0A3D24F
W=$3C2C7DCECACA0ABFD1AD6D2B7F90930A3D50770C1E5FC5A1A3ECF5555256354FD6F0BE5920CB020C5891DC0C35718A8164F785A3B
J=-$2210019BF2101D169A0F4D8FFDA6DA6A5039EBA56AF8B8FD4B6BF773C2D6561D2047CC6FAB3986B8F36B67761681E578DCAF022FECFA2BA2348C15FE2626AC5B0B640F53FE74714EE65E4468AA3F808B90BE9FE36130A2A4705A7742E2807FC332490B8252093FF0B
T=0

[6]
S=$1B9D14B08A
W=$3AF7F004BCADF07743AACAD58109A18A08E095BA78F3A67D0876AC90E65E4525B77EF2A716C8D357C3AC873443CEE0932F0
J=-$34AAADF462341735D241386D00E56EE399B1F0D5C2A21412140C36846BA16A5F12D536C4F6C9231AA4CF83D4F02F82F7699AFD172643BAA63AA1D5C1452DE77A8C69FFDEAF85C2167583278FEAE15A355C96E976485A02D19BA1D64FD0CC2F9BD4305
T=0

[7]
S=$2FE5D
W=$7B97E049D3C6D349412BB084D7F5636EB8F7F24C09ADEE5761AE4E65D10E9CB180581F92D4C8A3C5B076DB556CFFB
A=0
B=-$106685BE193A93C43E6F179CB6063C4B94187D8C5C9164A75A767CD1B8E8C3E6E7A6DEAA17F934D481EBC2B9BE4D0E86C7C1490F98E84F7EBFC62E814B091F096465634D8CFD390B80FA0D1EC81095214B670A3C3CD3518946E0D8A1277F
T=$2

[8]
S=$A3B6A4
W=$939E249D6F0B82E367CF87DBC04F0C69164B8B82989EDFD2DCCBDC5C7E3DE600ED8B282B47AB29B90FF9FC34E8F2
J=$2793A7C5EC7C0B6186E5AE46F4AE192E18AE6787A8503107A8AB338388683EA4D69AF2A7E69C643D6DA909123A0DE2AEBABFCA7F2EAF55B4AC6B9A56D13F8D4057AB22C64CED380657AB0D4EF172C0949C4CD30C1D27B9A01DD4876
T=0

[9]
S=$4C064
W=$458F485B791E09F92AACB7D808B6006AAEB7CC2AC366AEBA9A6994F28EA8C0443CEE290C1285D7D5007409606
J=$76F65B7E38259AE1C17A477F35A5CE502C73BBC52FE81BBBB3CF24AD8584B32BBEA54894B355A267B4B78AED80A053A3799973E38CD671C8ABCDAAB5832A0515BE6120F2D003BC82AC4FF79A2B9ECB298B8027031D614CF5E
T=0

[10]
S=$ED4189
W=-$4EC22D604152EEEF01D1B750C9AEB3922B6962E17FF6D9E112E46E7D58B615099FF9E9F1BAB9043E215411B
A=0
B=$17
T=$8

[11]
S=$135D8064F04
W=$58D261D78FE2E789DE7B4A60F50584216F263E32D83B19F918DA72102DD409989750D01DFF1AA1BD7846
J=$D55DE987FDA56EAA95D0CA4411D9C7131F495CDFAD3CAD0D2E0E2DC28FC37E9C0689656B9AD3A667642A0762C2F17076DB3B737EBAA60AB39A0F478A41346967FB723EE54BC7A7C96C6AFA2F696303F069318F
T=0

[12]
S=$89EA5
W=-$4AE3C701698A0BAD8A62208FF5487F47F33BB1E49E712DFEAF1E20CE271E6737909FE8D4FEAFACD
A=0
B=-$19B79C47DCAC36F95F02D4521F987FFBE14EF36890270FEE2E8C439DBEBA3311A12017B549DB91B503324EBA3424359998ECA27DFAEFCA6AA8F76FCBF320B04DFC7E52E8AFC0BF5C04055817634EF
T=$2

[13]
S=$2812F276C06167
W=$3FB646602BDE88C29591D54924EE544207CA5F3F65EF6320C172A3E3668F5E94DA049444F4D
A=0
B=$10
T=$3

[14]
S=$1AA0C
W=-$1369DB2478953BD393F7EDFCC5D7C7AD1192E6275ED6A59F886AEB9987E68918661934
J=$19BB7BC425039B229F47CCFD97BAB329242F2C712BB6CC39376D49933B73B49FDBB2F52F69CE4D7458A8648BF2D886BED64DDBC4730DBAE7BDEEA43D3FBBCCD9D074E8C041B
T=0

[15]
S=$1ECD8CEE
W=-$34685B9B36F4431E6167D852FFC0009907903DC0C531681B2ABD47F9B3E021A96596
J=-$8CF1E4A1A7E244F25698638C1F7D030A7D2A8314E6943693AB5BD7EE90B4687DFB69B0BFF24BC6EC3A8426CA63D5D248422D389360CF718FC31F02B144CEC5DB7C3529
T=0

[16]
S=$1B8A0
W=$9B9D06CA58A9CE4DD4761D00FF09A8A695A9ACF826BEDDEB32BFC292311E4298
J=$68BCE805A96BF00F7BBF3B93610E777460F53A8D4B6C1F6AF3480CB905171D01665DF94AC205D9AC26FF08BA48E272BFE834AE6CE67192A3B7D4A40CDD22485
T=$1

[17]
S=$1E5614
W=$2FE5AEFE204EED37FD661CF1BA1C8DB387FBFD91B1D60D544B1A7D58EDDA56
A=$2
B=0
T=$4

[18]
S=$B02B0
W=$E2BEA8E2D9A43AB7346F32E26FCF711113F63D8FE5059EE129EE0EDD4EA
A=0
B=$10
T=$2

[19]
S=$145939
W=-$671D984819FBAB9F54F6F701C4639FD195C50BC6AF584A461FB43059
J=-$3BB3A5B0BF654E0CAC3B1B594EE043C5EA3383D34AB0AD6F4EA5DA1BD1DD7D6024EE1B3DC6F87C79A8D7247509B9ECC2165E7BFC14AF02822
T=$1

[20]
S=$1D173FE
Q=$3

[21]
S=$8
B=$2

[22]
S=$5E27A4
W=-$3B14E8D64DEB9E91DDA32B9E514045CDCB8C385CBFD2F4B914A
J=$D3452AF242F4492D6BAB846631CB7D809ABB5288CB7030BFCCD7137993AB4DF25D258795F139A57530DE2A2D20049608B7C2
T=0

[23]
S=$1D4AE
B=$2

[24]
S=$622B1
W=-$5194165BD37B234E3CC8F98304A8A4242F178E44CD3D75
J=$1D41A376C0947424ABB58F134926978EDEA1583C6D008E5EE2FCB2A700876E5949770288C21C2334762541DB23F
T=$2

[25]
S=$32D64
W=$145A68420D92A93DA755C6034B0FA63C90F19546B920
A=-$84B750
B=$24C7B73A2
T=$3

[26]
S=$6105E
W=$138F5868CA5A29243D5761DF7AE612A2A1A795D996
J=$95C2689D1517FFA5FA7B07AE1C14560CA14FDBA2B797030363EBC5CB584D9501E5DD2258822D891A1
T=0

[27]
S=$4D6F4
Q=$5

[28]
S=$34
B=$2

[29]
S=$A2F8CD7
W=-$135FC5DB945E81791F674718AB073CA0E15D
A=0
B=$2
T=$1

[30]
S=$2D921A14
W=$323CE60603662A79A9E0B20DB5001991A
A=0
B=$C
T=$2

[31]
S=$3CA9F27BF
W=$746FFF28641EE8A9AC33C866415A3
A=-$D70
B=$12F5A
T=0

[32]
S=$1BED7
W=-$3C4289AA7703C17214054DEEF
A=-$98
B=$2D2
T=$2

[33]
S=$29D6
Q=$7

[34]
S=$198BA
B=$2

[35]
S=$1A4ECC7C
Q=$2

[36]
S=$C2E2
W=$F4C6006AC825486
J=-$592799BC8A085344CE467C7016E0A
T=$1

[37]
S=$34B8BC
B=$2

[38]
S=$7032
B=$2

[39]
S=$4
B=$2

[40]
S=$6C923BB
W=-$22D519E4B
A=0
B=$D
T=$2

[Signature]
1=$779A93645EB7541ADD885C3E3D256E96D27D318329B338C1
2=$5E1EC21A354AACDC1FFA46FB555A7B59D1D160B4306560CA

