[PRIMO - Primality Certificate]
Version=4.3.3 - LX64
WebSite=https://www.ellipsa.eu/
Format=4
ID=B4A0B0314EFD8
Created=Aug-23-2026 02:21:43 PM
TestCount=12
Status=Candidate certified prime

[Comments]
Candidate generated for 7^98 - 2

[Running Times (Wall-Clock)]
1stPhase=0.09s
2ndPhase=0.02s
Total=0.11s

[Running Times (Processes)]
1stPhase=0.10s
2ndPhase=0.03s
Total=0.13s

[Candidate]
File=/home/justin-bartlow/prime_search/98.in
N=$8B2D71BD181C0BF1E3CED89D1956C3D2DF1670C9166965728CB8FDC7C0B19013FE12F
HexadecimalSize=69
DecimalSize=83
BinarySize=276

[1]
S=$1D9C4
W=-$5AE7B45F3540BD921C25D78118D837D6EB4
J=-$35986D994FEBC7AEA6FA2B91EE15C3803A104A2195F9F8D847C3ED1339DE9C540A824
T=$3

[2]
S=$6
Q=$6

[3]
S=$119A
B=$2

[4]
S=$1127597A
W=$69CDEA7DD04D9099ED54411675A59EA
J=$533F303DD623CA657C08D9A018B3C44A950BF54C3907C68CDEABF3A09F098
T=0

[5]
S=$9A0BF46444
Q=$2

[6]
S=$40
B=$2

[7]
S=$7A63D7C
W=$3A5E923C98E61E9EDB4968
A=0
B=-$11A92FEEB366AFC1BEA352E33229B6D9E4EE8AE7C03
T=$2

[8]
S=$72
B=$2

[9]
S=$89444
W=-$1BFFD1D60E05FC0318
A=-$84B750
B=$24C7B73A2
T=$1

[10]
S=$1CA9CDC
Q=$2

[11]
S=$DF5784A
Q=$2

[12]
S=$9D9A30
Q=$3

[Signature]
1=$1D3733EDB90E015A53411E13CE615C5818BEF57E6EDF295C
2=$BF725696AF1A3A9420308C48B0A0DFA6594F7FA8025DD817

