[PRIMO - Primality Certificate]
Version=4.3.3 - LX64
WebSite=https://www.ellipsa.eu/
Format=4
ID=B4A3001E15BF1
Created=Sep-29-2026 08:45:48 AM
TestCount=27
Status=Candidate certified prime

[Comments]
Candidate generated for 21^146 - 2

[Running Times (Wall-Clock)]
1stPhase=2.39s
2ndPhase=0.88s
Total=3.27s

[Running Times (Processes)]
1stPhase=4.08s
2ndPhase=1.32s
Total=5.40s

[Candidate]
File=/home/jrbartlow/prime_search/21^146-2.in
N=$26CF4596FCCCF4403CDEE9DD9316A44FC44FFDB3466B80F7B7B8006BDF8A7CE4EB454F5DF659522C5C5EBA4CAF0C01ABDA0264C2437B1A1C34EF5B757DFF77D27EECC571F009571C4251BA625E9D81677
HexadecimalSize=161
DecimalSize=194
BinarySize=642

[1]
S=$50E1A8A
B=$2

[2]
S=$AA
B=$2

[3]
S=$DF51C
W=$16FF84099968093C432894E008C74CB0B16B584F07557E8030BA59DF78450CCDF2456164FEBD0
J=-$33C2B13CCD39E98E7E80C1AE17C8CFE99AE06933E1399C762FDADC1B62B155FF9B03631A34EADCEB6EFC0A0B40AEB14695844C691D43339A3F1C5A97E830DD313C2BEB10B0EA2AAB97D5C6F
T=0

[4]
S=$417A4
W=$726CB1BD291F484F2F6CF15089E34D72B6944747DA7CE26CD9AAB8CA037044D6C728386390
J=$5A98F811E8638B8173DE70E83D9DA777C325475F4BDB865E61A13D78F66B4F8E7E9B389EDA77988B3EDA0BDF32AC7802A9C6EFBEBDFBD2158D158C7B052CA736846BA12B8FC8B90241E
T=$2

[5]
S=$60598D
W=$145C4AC626AEEF24D993BAF240EA7F79721280402AF8225649557A4C4541B6099C524BC9
J=-$30344BEA31555CA2D2193C21B08B63A150C2ED6552B3263F918F516B9D664B3013B2B60AF47D60BF57BE7F1747805DFBF563851B88FFD14DEED4F05F013A0B06F3C981DB432F0F
T=$1

[6]
S=$4
W=$249CABB3707A2BDE7E95C5DFFF2771282F687BE1EE602700429CE29B7048D7DE2E404
J=$152C7A0DA4FF3159B3D8E96C67DC51C547F9E7CC2176C9D9BAB7E9D72D5DB4DDC179A674A9129EB5397DFAFEF6B8225CFDC01A18AB5E7C26A5904BF154300DB6DDB33467D
T=0

[7]
S=$1243BC8
W=-$2C1200BDD49E55C8EEC5B9B030CCC148CE8F8CA64659C6FB4324B57BBC2B31D77F962
J=$18B65E64BEC827A57386067F4A3364A7C4CAAA83D39D4B9ACFFEED365D04CEA42F4FE29A51FCC99CB99E9A449C478811F02D990BF2EF82310AEEFF59DBCD3FFC0D4F3E9D
T=$1

[8]
S=$534334
W=-$28E4BA422333693C1C17EFFEF96056A6B55CE81E79C94512799D27C0E92688B0E8
J=-$E42DF8F7E2BCC2BF1FE8B66DDB9D23B0A68B62839720E8A239F9D61BFA109B8C42172859B6F2DF612C5318C6893264918DAC7970EFCA481BBAD10BF4F0D78DAFAD
T=$3

[9]
S=$2FD86E
W=$4D052D6C3D8F7979EF27ABF6BF371E46C693F8293669BAD19C3B6D450EEFBD2
J=-$D88628280216A60E2AF65E83214AEEE0225943C233F5D2C40121CD12297E93320582CAEECE299EEDB231C11BF91C2B347B2B844272DC1C15E0615621A337
T=$1

[10]
S=$F709476C
W=$330D75B6E6CBDBB5BD81DB99C60659091796501E4E5983DBBCD7FE57DEE4
J=$34C885290BF571046B436C64A9BD0882B2F9DAEBA458C18A4395F03151B96AF518862A206D90D063898C6365E9231D3AEA9C3008A918CC5CDFF409D
T=0

[11]
S=$B20CED2FB
W=$AD5453566C556E5DBE2922F203D5A42FFE7A7C60000D4A37E5C812F3
J=-$7729C253945FA41885C55D57A431B0465FF9258510AB300FD4418C53001386048267C5365FE7EE46182CD8740659FAF4E182F5045A638EC
T=0

[12]
S=$9C246
W=-$EFE1CDC52FAF5DA81D6A6FEC45FFF8D1AC976DF766323519F92
J=$D18BE5317FD25315F9DAA9301553C106E7018F234AED8E761DC3405B0C4083F6BA9BE38F8515781C4143CEECB8A12CE9C66E8A
T=0

[13]
S=$7936B
W=$6B09E141B1910165B9A5F79F1CCEA48A2F26DE06AB742215
J=$662FCFB90E64FB7A6515BC99EEACF7CC23950A81B44C8DEC50878E72CD9C526B9DBB7F3C95C2D8C50286A73603A19662A
T=0

[14]
S=$64E64
W=$56CBF81C84A30FAF9BA394CA2A64E53B9295BB27547C2D8
J=$15CA9104A6E029BE8AA0CBA08C8ECFEE3673F9BCEDCF97081DFAAAA6D592E782B223E76A46DEDC56B30725C6C68A8
T=$1

[15]
S=$47949A
W=$1A165187A2D37178C3FFB141BF468D8D2B1ABD4CFCF2E
J=$4CF43C6FE9213654CDA604DE008F02DBB960FCD9BC950F4C17BF70ADE6A5B4D2FB77C00A5808B9FA5306E6B6
T=$2

[16]
S=$F0CA39
W=$FA045E184F0B1367DED83568EECA94C8283F9E6B9
A=0
B=$7
T=$1

[17]
S=$BAE2F6
Q=$1A

[18]
S=$10AF4
Q=$D

[19]
S=$24A03
W=-$B81C059F10A1AC49BD788A8F41ED68D71
A=-$D70
B=$12F5A
T=0

[20]
S=$611264
W=$3B40E91440C96B294E8C8B6ABF7C69D2
A=-$23
B=$62
T=0

[21]
S=$3E29FD5EDE45571
W=-$1DAB46B9700DDA18C48B6EE0C8D05
A=0
B=-$247C542CBC85F12D32DC451A59E97059079FCE0284BA46662B448B042
T=$3

[22]
S=$CCDC
W=-$2D7CEEEA419B5636AF282E
A=0
B=$8
T=$1

[23]
S=$BDB5704C
B=$2

[24]
S=$1F22150
W=$27A4BA4417BC6900
A=-$23
B=$62
T=0

[25]
S=$11310
W=-$2D50BA32FEC66
A=-$1E
B=$38
T=0

[26]
S=$2
Q=$A

[27]
S=$1BAB0
W=-$1DFF6B8680E
A=0
B=$10
T=$1

[Signature]
1=$F6870B15B1867F79E7A93D27490936A79EBD9F72999A0C4B
2=$91803FCD3718849D31DBDC16ADC237C66C727F1533032057

