[PRIMO - Primality Certificate]
Version=4.3.3 - LX64
WebSite=https://www.ellipsa.eu/
Format=4
ID=B4A0B0315963F
Created=Aug-23-2026 02:22:26 PM
TestCount=10
Status=Candidate certified prime

[Comments]
Candidate generated for 7^128 - 2

[Running Times (Wall-Clock)]
1stPhase=0.11s
2ndPhase=0.02s
Total=0.13s

[Running Times (Processes)]
1stPhase=0.14s
2ndPhase=0.04s
Total=0.18s

[Candidate]
File=/home/justin-bartlow/prime_search/128.in
N=$A22D71C87A9CE406DA4F5895F9F3CC3D603192BAF6C8A2B5C32649D0465BF188FE799B3618085E49D71BDAEBFF
HexadecimalSize=90
DecimalSize=109
BinarySize=360

[1]
S=$90B39C
W=$116A7C03C7B597B9D961954154992123C1715FC1EAEB7C
J=-$57E23C9071A2AE2D503EDA513304C8B88E69B858BAB46D68C70E304C9C4197D2955B64E28BFFAEF0A84B342EB
T=0

[2]
S=$4AFD2931C10A19
W=-$217FF61A580653D9855A976919A0B276A0E1CB1D6C7
J=$6732EBE714B8E6DDBE16CFD19775E6AE6603A7BABA0B52B88F05416BB0CC6A726B350F34A1FB0B7C9ED5
T=0

[3]
S=$FB2966A0DC7
W=-$95E54F4DF9AA8106FA45E44EBEB8B4F72C3
A=0
B=$C
T=$3

[4]
S=$150C49
W=$EC2A48E63CBB8309DDEE1F5D54738B
A=0
B=$2
T=$1

[5]
S=$1A614
W=$36EDF22CAF3906CF5C22D4B4E100
J=-$530E9A73CB9EACDAB83BD81ECC65282141FF85052FEC6E53B0C15C
T=0

[6]
S=$8B86
B=$2

[7]
S=$73095A80E10
W=$1ABD5CE26D9121B99343CB56
A=0
B=$10
T=$4

[8]
S=$D7FE4
W=$6FAFBAF4E7CDE59456
A=-$1E
B=$38
T=$5

[9]
S=$B7DEC0070EA44
Q=$6

[10]
S=$29C56
Q=$A

[Signature]
1=$96B159A6AF259B141F990E880C7A446CEFFAD3A5FA290F97
2=$859D2C77D9341586AC8CF708ACCEA30930F76C1C51B26512

