[PRIMO - Primality Certificate]
Version=4.3.3 - LX64
WebSite=https://www.ellipsa.eu/
Format=4
ID=B4A0B0315963F
Created=Aug-23-2026 02:22:27 PM
TestCount=28
Status=Candidate certified prime

[Comments]
Candidate generated for 7^302 - 2

[Running Times (Wall-Clock)]
1stPhase=0.74s
2ndPhase=0.08s
Total=0.82s

[Running Times (Processes)]
1stPhase=1.16s
2ndPhase=0.17s
Total=1.33s

[Candidate]
File=/home/justin-bartlow/prime_search/302.in
N=$E2286AE577E6A7D1E1F55AA103383B0B7D3E4CED684D2FC642857DC7D420F1A6A6F81092089F3D357729A8171847495AC7A73E1FFC3878EA9CB3BE71D570A80FF195A86D57F8C0ABDD9978F3FA7EA674B6DC92BC421F6E75BF8B7C7176C9D2C8DB496E4626D596DDD14F
HexadecimalSize=212
DecimalSize=256
BinarySize=848

[1]
S=$33E
W=-$1D566F235368B74D8C763132736A01BBAC12A9A8BCC441FF5D36CECD772675E5ED02CE15DE9BB9B6D210A458AE8B2B6CB457F3235FE
J=-$2C8D9A36B7FC18D9020617F0B4544772EC04E683D7BBCDE45EAF3E342D8F9D7AB8FD35E107D9B0205DCE711F69F27ABC5802E80C86FA452A80128B831454172F705E339F28E1C2C9B051D845EF2F86ADCB8B4987E85A5A57090E06BD04701D80ADFECF6AB33C9D25455B
T=$1

[2]
S=$788EB
W=-$ABD2AF9231E94DE888FDDA7E6D5F86DFEDBC6894A71D5C5A63AB2DEA762752DEF3595247C048046745F707E99BC10419974986531
J=$1920EF2A4E08F275DB712CB683CA258C2E6B5C598D4678EA7830F5529E5870AA86CC5FE03E9E2617EBB11FFA3325F7EB1221E458397B53A33D40ADCAD954F3EF30A185510E801D21DB3ED9B13CF442EB9A3F683E507B1120B146131968C673334A43CEBA242D569D35
T=$2

[3]
S=$13215C5DB6
Q=$1A

[4]
S=$AA83D26F
W=-$16325F37F6EC8A15B2B5CDAFD7E9A43CD3916A2E77FC7472958AE5EE9970C9DF0A2DF5E202AD28FA74143807C8DBE604EFF
J=-$39A18F9FCCD7815A5CB327BD773DCFACF084417312639FDCE1B061E014F251730C15A8E79BEE3D6243466BD286FA295DF5AB463C7BAB2AFD90001C47E21D5D2052F4AFBA3332B3BAD07DDE415C29E9DE54CB2510D19B0ED161748BAD3A382C3F4B08
T=0

[5]
S=$75FFCFB4
W=$AFFEF1853A2FD2EDAAD01BDB776758ED442A437453057A1F4E7BE04FF502CD666B57EA3113647F1B388C0FFDDF8D12
A=0
B=$B
T=$1

[6]
S=$60DA30464
W=$14F03CAF4BC065B76A5B1C03C74AC64393C08246AFF3509CA85C2F494E9922505C4F27C10B1D9CC2DA66871311C
J=$A8BD1664AB3C50F5CB1FB4643EDCE5047A78AA1B38944BDE2CC15A46D7DF44E2BBA62646BB4788334E5A9CE3CDF23C6BF3F37B457306784937A59471416130B953970C2E4C08EF39FF401D9DF3878736AD69BCAA1079C4E96E90
T=0

[7]
S=$13A23
W=-$8CFC57949DCE7C238741FB2D5A367B6115905CD4CFE3258A3EAC4403D4AC1A1BD85A142A6D74E45FA3131F
A=-$108
B=$69E
T=0

[8]
S=$12FA3CFF2
W=-$E339D284B218F6E30F5F8B66152B158CA03E23547905EB79D1A8EEDCA521A3215AC2B16745E0E6711BE0
J=$C7CDCFAE50DBD7B9FDC3AB800C1C5B2438AB4B3F0F939DADE6D0F9C7E45D67529B395DFA25BC56CBF6F46B04E82FD71694CF2CE85E8755DBF783F6C97DA8AED707EB9D7A705DEA4C805F2157CAE92D4232D388B
T=0

[9]
S=$2299F9789
W=$CDB391C1B2307AFDCD06B802A6ADA26D343BDBE0157BBAA8C88DB9585EB1CD8C323BBD4ABA693C7F
J=-$152BFCFAD7232D7FF373FBB1931B4BA44803E865382F5AD5BDD70B5C00A3B063E89E9FF7CB7E6667A5EBF7D87AF2A2D60323EED3B2A26D49D961AB82769C87114DB66813D3C7A54957A9EE7667530403
T=$2

[10]
S=$2A41232A8
W=-$31E3D2B2202F8CDD9E0324F001EE13BA199DF40185763E9A45E17FEF16F1BB3CB3316CA4137A
A=-$1
B=0
T=$4

[11]
S=$101BA2
W=-$498E0FE0EFD8A2AC115392B2D9343F632FC65C49C248E7BF271F290456ABBA8047F2E61C
J=$838099B5C34A93B5426265F0E80EC0828F2C3D017BB975A2EE015F46D217D070DCE87279981D80D57D8DD37B86463923C441C8E6C569D6416AE0D157D339F9AC436445089D0772
T=0

[12]
S=$B66A17EFCCA9600E
W=$1316F85178FC8BAD8A7F04F12B3A536BECAB7170254BB577163CC754A9881E79FF9960
J=$372D00E9A1F076C6CEC18DF49E2499CF3608CCEF056BF37E51160399265CCB0FB31FF75DA0A2A12C101E4B152502BA99971709543F4067E13A99DE398051049CBA33B57516
T=$A

[13]
S=$19E9CF44
W=$1A822B13AB10194F9F5011EF25009388C6E41BBF157FE78FB99189EDE85ACA
J=-$2E346912A65CB45181DA4DC4E6391C816FA373FE926E6D9E6B6B540C2D9127E12174420DCA28AFD0A86B9D20A49862A15727D754FF20366435651E67BD
T=0

[14]
S=$199640889
W=-$483B124D748AEB4A3B9A1155CDF6D84A93E791BEA42292B159B913A969
A=0
B=$10
T=$3

[15]
S=$C85CA5FB0
W=-$34E10D880C7359BEBBA93632DB3A75E4AA806FF152A4C1ADC00F86
J=$18598D48DDD2C223DDD8762ECBC7935E0A05E0022308E4318533E1A4B338E1AC2FDDE9759D77A0739776F2A6862762AD28275D64927
T=$5

[16]
S=$C4C30E
W=-$12259E216CB9B2639D86721F56019572F3DAF664E5D3A4998C
J=-$1001A6B9F995EC615990E130D847E6A994140C606063DA0C8DF9E4C9B90FD678C7AA3F41991243DE043EDDE9C5643756E8
T=$2

[17]
S=$148BB9E9413E
W=$12401266AE1C088B89D2A001112AD530938049F42D5796
J=$1DADAAEE220F4729F47D93FA2B7BE2B961A9417C8E05A2127A3329C5F3E7988BCF3AF10005BF7BACEEB6E468471D
T=$2

[18]
S=$35FC73BB
W=-$1F01322FF77108F6974053D02568F860329F0BFF7
A=0
B=$3
T=$1

[19]
S=$478C42
W=$3D16B6437578B93E880F822EFCA9B0D12CE0C
A=-$D3F7AC61628A41D966D594D7D12200B28F0B936C02720A3464D5FFA66173F4D9DC52530CE
B=0
T=$2

[20]
S=$4D888
W=$2397AEF3CD481992708EDF104BAF9E4E02
J=$2747434C93DE863EB65685FE6E221BB03543BE1203A97EFF93D7742E6C10067C43FD
T=$3

[21]
S=$16CD59E
W=-$8C95DE63EE145FB47D41F5DF8DAEE8E0
J=-$5F7DCB512A943412E6C361C102FA84ACF45FF494B6A209F0D54E857D85C4BD3
T=0

[22]
S=$36E2A32F
W=$3F27C7E55F391A52745E59FA08DED
A=0
B=$2
T=$1

[23]
S=$297920D9D
W=$32BB8F5D235F3F417B4D186B1
A=0
B=$B
T=$5

[24]
S=$2EB5E3
W=$940A15622C4D653FAEEC1
A=0
B=-$62CF0CF3306195F3BC9FDA38518711B3AEA465877
T=$2

[25]
S=$19C1A
W=$DC6965D2116F2F56A4
J=$297721FFD0695B34DE5F3E6EA507AE2AB024
T=$1

[26]
S=$1097A122
B=$2

[27]
S=$410B8
Q=$7

[28]
S=$20D1FDB
W=$230C85F0491
A=-$98
B=$2D2
T=$5

[Signature]
1=$2E72B5A0BB5D53589CF2F6D1086F1188099FC857089603E0
2=$891FD859C00A259DE0B7AABF370BE6706448E99DD3D33443

