[PRIMO - Primality Certificate]
Version=4.3.3 - LX64
WebSite=https://www.ellipsa.eu/
Format=4
ID=B4A2C04B9AD33
Created=Sep-25-2026 10:01:17 PM
TestCount=11
Status=Candidate certified prime

[Comments]
Candidate generated for 13^80 - 2

[Running Times (Wall-Clock)]
1stPhase=0.36s
2ndPhase=0.05s
Total=0.41s

[Running Times (Processes)]
1stPhase=0.62s
2ndPhase=0.09s
Total=0.71s

[Candidate]
File=/home/jrbartlow/Downloads/13^80-2.in
N=$106519D865EA433FB2C9412B688D46A7F4CE170BC88632EA84DEE445972F4101F64F007553F
HexadecimalSize=75
DecimalSize=90
BinarySize=297

[1]
S=$1F70E4
W=$2019BBE1DD0F03873E9B171406AB8BDDE4E264
J=$7E8A8E0A37CD5850265C9754FEDD59559B18DAD9712BA19F99204DA44158549C9BA0C115DD
T=0

[2]
S=$26A79B
W=$533DCC19DA8CF60C6EE169CBF8D988B1D9F
J=$36F2F6668269686F3ADD6776E04CB5136DE2FE65ABA12DA37340D3C861B344B3CC95F
T=0

[3]
S=$5779F3
W=-$E167BE98BAAD85927BB77E3259EBAAA5
J=$A09FB52A7D8AF13B33EDAF2A5ED5E821D9F3E693486CB12804876F7F93D8F83
T=$2

[4]
S=$24069C2B0
W=-$18B7BD8697EE3FC0AF30D1C6DCA33C
J=-$3752B6553388BF7FF3993904FD430261E145052D546347986F33AB5F4F
T=$2

[5]
S=$28
B=$2

[6]
S=$50EABCCDB
W=$26B05ADC91FE620E9AE6EA5AD
A=0
B=$5
T=$3

[7]
S=$2220
B=$2

[8]
S=$48E3F8F2F
W=-$2FB18634DFCDC599025
A=0
B=$9
T=$1

[9]
S=$B274F8
W=$18530C2B99F5F10
A=-$23
B=$62
T=$4

[10]
S=$170
Q=$3

[11]
S=$12CFEAF4
W=-$BB78E88148
A=0
B=-$255652E2299F5406F77B
T=$3

[Signature]
1=$8C480B28AAF00F406A8C28631D3865BABE3E91D390FE2325
2=$8D7B8DF567E7117C0E938AB777EED105A0FA0081766CB9A6

